Archive member included to satisfy reference by file (symbol)

c:/intelfpga_lite/23.1std/nios2eds/bin/gnu/h-x86_64-mingw32/bin/../lib/gcc/nios2-elf/12.3.1/mno-hw-mul\libgcc.a(lib2-divmod.o)
                              obj/default/led3_test.o (__divsi3)
d:/quartus_prime_lite/workspace_intel/nios_led3/nios_led3/software/led3_bsp/\libhal_bsp.a(alt_load.o)
                              d:/quartus_prime_lite/workspace_intel/nios_led3/nios_led3/software/led3_bsp//obj/HAL/src/crt0.o (alt_load)
d:/quartus_prime_lite/workspace_intel/nios_led3/nios_led3/software/led3_bsp/\libhal_bsp.a(alt_main.o)
                              d:/quartus_prime_lite/workspace_intel/nios_led3/nios_led3/software/led3_bsp//obj/HAL/src/crt0.o (alt_main)
d:/quartus_prime_lite/workspace_intel/nios_led3/nios_led3/software/led3_bsp/\libhal_bsp.a(alt_sys_init.o)
                              d:/quartus_prime_lite/workspace_intel/nios_led3/nios_led3/software/led3_bsp/\libhal_bsp.a(alt_main.o) (alt_irq_init)
d:/quartus_prime_lite/workspace_intel/nios_led3/nios_led3/software/led3_bsp/\libhal_bsp.a(altera_avalon_jtag_uart_fd.o)
                              d:/quartus_prime_lite/workspace_intel/nios_led3/nios_led3/software/led3_bsp/\libhal_bsp.a(alt_sys_init.o) (altera_avalon_jtag_uart_read_fd)
d:/quartus_prime_lite/workspace_intel/nios_led3/nios_led3/software/led3_bsp/\libhal_bsp.a(altera_avalon_jtag_uart_init.o)
                              d:/quartus_prime_lite/workspace_intel/nios_led3/nios_led3/software/led3_bsp/\libhal_bsp.a(alt_sys_init.o) (altera_avalon_jtag_uart_init)
d:/quartus_prime_lite/workspace_intel/nios_led3/nios_led3/software/led3_bsp/\libhal_bsp.a(altera_avalon_jtag_uart_ioctl.o)
                              d:/quartus_prime_lite/workspace_intel/nios_led3/nios_led3/software/led3_bsp/\libhal_bsp.a(altera_avalon_jtag_uart_fd.o) (altera_avalon_jtag_uart_ioctl)
d:/quartus_prime_lite/workspace_intel/nios_led3/nios_led3/software/led3_bsp/\libhal_bsp.a(altera_avalon_jtag_uart_read.o)
                              d:/quartus_prime_lite/workspace_intel/nios_led3/nios_led3/software/led3_bsp/\libhal_bsp.a(altera_avalon_jtag_uart_fd.o) (altera_avalon_jtag_uart_read)
d:/quartus_prime_lite/workspace_intel/nios_led3/nios_led3/software/led3_bsp/\libhal_bsp.a(altera_avalon_jtag_uart_write.o)
                              d:/quartus_prime_lite/workspace_intel/nios_led3/nios_led3/software/led3_bsp/\libhal_bsp.a(altera_avalon_jtag_uart_fd.o) (altera_avalon_jtag_uart_write)
d:/quartus_prime_lite/workspace_intel/nios_led3/nios_led3/software/led3_bsp/\libhal_bsp.a(altera_avalon_timer_sc.o)
                              d:/quartus_prime_lite/workspace_intel/nios_led3/nios_led3/software/led3_bsp/\libhal_bsp.a(alt_sys_init.o) (alt_avalon_timer_sc_init)
d:/quartus_prime_lite/workspace_intel/nios_led3/nios_led3/software/led3_bsp/\libhal_bsp.a(alt_alarm_start.o)
                              d:/quartus_prime_lite/workspace_intel/nios_led3/nios_led3/software/led3_bsp/\libhal_bsp.a(altera_avalon_jtag_uart_init.o) (alt_alarm_start)
d:/quartus_prime_lite/workspace_intel/nios_led3/nios_led3/software/led3_bsp/\libhal_bsp.a(alt_close.o)
                              d:/quartus_prime_lite/workspace_intel/nios_led3/nios_led3/software/led3_bsp/\libhal_bsp.a(alt_main.o) (close)
d:/quartus_prime_lite/workspace_intel/nios_led3/nios_led3/software/led3_bsp/\libhal_bsp.a(alt_dcache_flush_all.o)
                              d:/quartus_prime_lite/workspace_intel/nios_led3/nios_led3/software/led3_bsp/\libhal_bsp.a(alt_load.o) (alt_dcache_flush_all)
d:/quartus_prime_lite/workspace_intel/nios_led3/nios_led3/software/led3_bsp/\libhal_bsp.a(alt_dev.o)
                              d:/quartus_prime_lite/workspace_intel/nios_led3/nios_led3/software/led3_bsp/\libhal_bsp.a(alt_sys_init.o) (alt_dev_list)
d:/quartus_prime_lite/workspace_intel/nios_led3/nios_led3/software/led3_bsp/\libhal_bsp.a(alt_dev_llist_insert.o)
                              d:/quartus_prime_lite/workspace_intel/nios_led3/nios_led3/software/led3_bsp/\libhal_bsp.a(alt_sys_init.o) (alt_dev_llist_insert)
d:/quartus_prime_lite/workspace_intel/nios_led3/nios_led3/software/led3_bsp/\libhal_bsp.a(alt_do_ctors.o)
                              d:/quartus_prime_lite/workspace_intel/nios_led3/nios_led3/software/led3_bsp/\libhal_bsp.a(alt_main.o) (_do_ctors)
d:/quartus_prime_lite/workspace_intel/nios_led3/nios_led3/software/led3_bsp/\libhal_bsp.a(alt_do_dtors.o)
                              d:/quartus_prime_lite/workspace_intel/nios_led3/nios_led3/software/led3_bsp/\libhal_bsp.a(alt_main.o) (_do_dtors)
d:/quartus_prime_lite/workspace_intel/nios_led3/nios_led3/software/led3_bsp/\libhal_bsp.a(alt_errno.o)
                              d:/quartus_prime_lite/workspace_intel/nios_led3/nios_led3/software/led3_bsp/\libhal_bsp.a(alt_close.o) (alt_errno)
d:/quartus_prime_lite/workspace_intel/nios_led3/nios_led3/software/led3_bsp/\libhal_bsp.a(alt_icache_flush_all.o)
[...]
Memory Configuration

Name             Origin             Length             Attributes
reset            0x00020000         0x00000020
RAM              0x00020020         0x00017fe0
*default*        0x00000000         0xffffffff

Linker script and memory map

LOAD d:/quartus_prime_lite/workspace_intel/nios_led3/nios_led3/software/led3_bsp//obj/HAL/src/crt0.o
LOAD obj/default/gpio_drv.o
LOAD obj/default/led3_test.o
LOAD obj/default/timer_drv.o
LOAD obj/default/uart_drv.o
LOAD c:/intelfpga_lite/23.1std/nios2eds/bin/gnu/h-x86_64-mingw32/bin/../lib/gcc/nios2-elf/12.3.1/../../../../../H-x86_64-mingw32/nios2-elf/lib/mno-hw-mul\libstdc++.a
LOAD c:/intelfpga_lite/23.1std/nios2eds/bin/gnu/h-x86_64-mingw32/bin/../lib/gcc/nios2-elf/12.3.1/../../../../../H-x86_64-mingw32/nios2-elf/lib/mno-hw-mul\libm.a
LOAD c:/intelfpga_lite/23.1std/nios2eds/bin/gnu/h-x86_64-mingw32/bin/../lib/gcc/nios2-elf/12.3.1/mno-hw-mul\libgcc.a
START GROUP
LOAD c:/intelfpga_lite/23.1std/nios2eds/bin/gnu/h-x86_64-mingw32/bin/../lib/gcc/nios2-elf/12.3.1/../../../../../H-x86_64-mingw32/nios2-elf/lib/mno-hw-mul\libc.a
LOAD c:/intelfpga_lite/23.1std/nios2eds/bin/gnu/h-x86_64-mingw32/bin/../lib/gcc/nios2-elf/12.3.1/mno-hw-mul\libgcc.a
LOAD d:/quartus_prime_lite/workspace_intel/nios_led3/nios_led3/software/led3_bsp/\libhal_bsp.a
LOAD c:/intelfpga_lite/23.1std/nios2eds/bin/gnu/h-x86_64-mingw32/bin/../lib/gcc/nios2-elf/12.3.1/../../../../../H-x86_64-mingw32/nios2-elf/lib/mno-hw-mul\libm.a
END GROUP
LOAD c:/intelfpga_lite/23.1std/nios2eds/bin/gnu/h-x86_64-mingw32/bin/../lib/gcc/nios2-elf/12.3.1/mno-hw-mul\libgcc.a
                0x00020000                        __alt_mem_RAM = 0x20000

.entry          0x00020000       0x20
 *(.entry)
 .entry         0x00020000       0x20 d:/quartus_prime_lite/workspace_intel/nios_led3/nios_led3/software/led3_bsp//obj/HAL/src/crt0.o
                0x00020000                __reset

.exceptions     0x00020020      0x204
                0x00020020                        PROVIDE (__ram_exceptions_start = ABSOLUTE (.))
                0x00020020                        . = ALIGN (0x20)
 *(.irq)
 *(.exceptions.entry.label)
 .exceptions.entry.label
                0x00020020        0x0 d:/quartus_prime_lite/workspace_intel/nios_led3/nios_led3/software/led3_bsp/\libhal_bsp.a(alt_irq_entry.o)
                0x00020020                alt_irq_entry
 .exceptions.entry.label
                0x00020020        0x0 d:/quartus_prime_lite/workspace_intel/nios_led3/nios_led3/software/led3_bsp/\libhal_bsp.a(alt_exception_entry.o)
                0x00020020                alt_exception
 *(.exceptions.entry.user)
 *(.exceptions.entry.ecc_fatal)
 *(.exceptions.entry)
 .exceptions.entry
                0x00020020       0x54 d:/quartus_prime_lite/workspace_intel/nios_led3/nios_led3/software/led3_bsp/\libhal_bsp.a(alt_exception_entry.o)
 *(.exceptions.irqtest.user)
 *(.exceptions.irqtest)
 .exceptions.irqtest
                0x00020074       0x10 d:/quartus_prime_lite/workspace_intel/nios_led3/nios_led3/software/led3_bsp/\libhal_bsp.a(alt_irq_entry.o)
 *(.exceptions.irqhandler.user)
 *(.exceptions.irqhandler)
 .exceptions.irqhandler
                0x00020084        0x4 d:/quartus_prime_lite/workspace_intel/nios_led3/nios_led3/software/led3_bsp/\libhal_bsp.a(alt_irq_entry.o)
 *(.exceptions.irqreturn.user)
 *(.exceptions.irqreturn)
 .exceptions.irqreturn
                0x00020088        0x4 d:/quartus_prime_lite/workspace_intel/nios_led3/nios_led3/software/led3_bsp/\libhal_bsp.a(alt_irq_entry.o)
 *(.exceptions.notirq.label)
 .exceptions.notirq.label
                0x0002008c        0x0 d:/quartus_prime_lite/workspace_intel/nios_led3/nios_led3/software/led3_bsp/\libhal_bsp.a(alt_irq_entry.o)
 *(.exceptions.notirq.user)
 *(.exceptions.notirq)
 .exceptions.notirq
                0x0002008c        0x8 d:/quartus_prime_lite/workspace_intel/nios_led3/nios_led3/software/led3_bsp/\libhal_bsp.a(alt_exception_entry.o)
 *(.exceptions.soft.user)
 *(.exceptions.soft)
 *(.exceptions.unknown.user)
 *(.exceptions.unknown)
 .exceptions.unknown
                0x00020094       0x14 d:/quartus_prime_lite/workspace_intel/nios_led3/nios_led3/software/led3_bsp/\libhal_bsp.a(alt_exception_entry.o)
 *(.exceptions.exit.label)
 .exceptions.exit.label
                0x000200a8        0x0 d:/quartus_prime_lite/workspace_intel/nios_led3/nios_led3/software/led3_bsp/\libhal_bsp.a(alt_irq_entry.o)
 .exceptions.exit.label
                0x000200a8        0x0 d:/quartus_prime_lite/workspace_intel/nios_led3/nios_led3/software/led3_bsp/\libhal_bsp.a(alt_exception_entry.o)
 *(.exceptions.exit.user)
 *(.exceptions.exit)
 .exceptions.exit
                0x000200a8       0x54 d:/quartus_prime_lite/workspace_intel/nios_led3/nios_led3/software/led3_bsp/\libhal_bsp.a(alt_exception_entry.o)
 *(.exceptions)
 .exceptions    0x000200fc       0xc8 d:/quartus_prime_lite/workspace_intel/nios_led3/nios_led3/software/led3_bsp/\libhal_bsp.a(alt_irq_handler.o)
                0x000200fc                alt_irq_handler
 .exceptions    0x000201c4       0x60 d:/quartus_prime_lite/workspace_intel/nios_led3/nios_led3/software/led3_bsp/\libhal_bsp.a(alt_instruction_exception_entry.o)
                0x000201c4                alt_instruction_exception_entry
                0x00020224                        PROVIDE (__ram_exceptions_end = ABSOLUTE (.))
                0x00020020                        PROVIDE (__flash_exceptions_start = LOADADDR (.exceptions))

.text           0x00020224     0x2a24
                [!provide]                        PROVIDE (stext = ABSOLUTE (.))
 *(.interp)
 *(.hash)
 *(.dynsym)
 *(.dynstr)
 *(.gnu.version)
 *(.gnu.version_d)
 *(.gnu.version_r)
 *(.rel.init)
 *(.rela.init)
 *(.rel.text .rel.text.* .rel.gnu.linkonce.t.*)
 *(.rela.text .rela.text.* .rela.gnu.linkonce.t.*)
 *(.rel.fini)
 *(.rela.fini)
 *(.rel.rodata .rel.rodata.* .rel.gnu.linkonce.r.*)
 *(.rela.rodata .rela.rodata.* .rela.gnu.linkonce.r.*)
 *(.rel.data .rel.data.* .rel.gnu.linkonce.d.*)
 *(.rela.data .rela.data.* .rela.gnu.linkonce.d.*)
 *(.rel.tdata .rel.tdata.* .rel.gnu.linkonce.td.*)
 *(.rela.tdata .rela.tdata.* .rela.gnu.linkonce.td.*)
 *(.rel.tbss .rel.tbss.* .rel.gnu.linkonce.tb.*)
 *(.rela.tbss .rela.tbss.* .rela.gnu.linkonce.tb.*)
 *(.rel.ctors)
 *(.rela.ctors)
 *(.rel.dtors)
 *(.rela.dtors)
 *(.rel.got)
 *(.rela.got)
 *(.rel.sdata .rel.sdata.* .rel.gnu.linkonce.s.*)
 *(.rela.sdata .rela.sdata.* .rela.gnu.linkonce.s.*)
 *(.rel.sbss .rel.sbss.* .rel.gnu.linkonce.sb.*)
 *(.rela.sbss .rela.sbss.* .rela.gnu.linkonce.sb.*)
 *(.rel.sdata2 .rel.sdata2.* .rel.gnu.linkonce.s2.*)
 *(.rela.sdata2 .rela.sdata2.* .rela.gnu.linkonce.s2.*)
 *(.rel.sbss2 .rel.sbss2.* .rel.gnu.linkonce.sb2.*)
 *(.rela.sbss2 .rela.sbss2.* .rela.gnu.linkonce.sb2.*)
 *(.rel.bss .rel.bss.* .rel.gnu.linkonce.b.*)
 *(.rela.bss .rela.bss.* .rela.gnu.linkonce.b.*)
 *(.rel.plt)
 *(.rela.plt)
 *(.rel.dyn)
 *(.init)
 *(.plt)
 *(.text .stub .text.* .gnu.linkonce.t.*)
 .text          0x00020224       0x3c d:/quartus_prime_lite/workspace_intel/nios_led3/nios_led3/software/led3_bsp//obj/HAL/src/crt0.o
                0x00020224                _start
 .text          0x00020260       0xcc obj/default/gpio_drv.o
                0x00020260                sseg_conv_hex
                0x000202b0                sseg_disp_ptn
 .text          0x0002032c      0x44c obj/default/led3_test.o
                0x0002032c                flashsys_init_v1
                0x00020380                sw_get_command_v1
                0x00020420                jtaguart_disp_msg_v1
                0x00020544                sseg_disp_msg_v1
                0x00020648                led_flash_v1
                0x000206e0                main
 .text          0x00020778       0x78 obj/default/timer_drv.o
                0x00020778                timer_write_prd
 .text          0x000207f0       0x94 obj/default/uart_drv.o
                0x000207f0                jtag_wr_str
 .text          0x00020884      0x1b4 c:/intelfpga_lite/23.1std/nios2eds/bin/gnu/h-x86_64-mingw32/bin/../lib/gcc/nios2-elf/12.3.1/mno-hw-mul\libgcc.a(lib2-divmod.o)
                0x00020884                __divsi3
                0x00020904                __modsi3
                0x00020978                __udivsi3
                0x000209dc                __umodsi3
 .text          0x00020a38       0xec d:/quartus_prime_lite/workspace_intel/nios_led3/nios_led3/software/led3_bsp/\libhal_bsp.a(alt_load.o)
                0x00020aa0                alt_load
 .text          0x00020b24       0x7c d:/quartus_prime_lite/workspace_intel/nios_led3/nios_led3/software/led3_bsp/\libhal_bsp.a(alt_main.o)
                0x00020b24                alt_main
 .text          0x00020ba0       0xd0 d:/quartus_prime_lite/workspace_intel/nios_led3/nios_led3/software/led3_bsp/\libhal_bsp.a(alt_sys_init.o)
                0x00020bd4                alt_irq_init
                0x00020c10                alt_sys_init
 .text          0x00020c70      0x164 d:/quartus_prime_lite/workspace_intel/nios_led3/nios_led3/software/led3_bsp/\libhal_bsp.a(altera_avalon_jtag_uart_fd.o)
                0x00020c70                altera_avalon_jtag_uart_read_fd
                0x00020cd0                altera_avalon_jtag_uart_write_fd
                0x00020d30                altera_avalon_jtag_uart_close_fd
                0x00020d80                altera_avalon_jtag_uart_ioctl_fd
 .text          0x00020dd4      0x3e4 d:/quartus_prime_lite/workspace_intel/nios_led3/nios_led3/software/led3_bsp/\libhal_bsp.a(altera_avalon_jtag_uart_init.o)
                0x00020dd4                altera_avalon_jtag_uart_init
                0x00021150                altera_avalon_jtag_uart_close
 .text          0x000211b8       0xf4 d:/quartus_prime_lite/workspace_intel/nios_led3/nios_led3/software/led3_bsp/\libhal_bsp.a(altera_avalon_jtag_uart_ioctl.o)
                0x000211b8                altera_avalon_jtag_uart_ioctl
 .text          0x000212ac      0x220 d:/quartus_prime_lite/workspace_intel/nios_led3/nios_led3/software/led3_bsp/\libhal_bsp.a(altera_avalon_jtag_uart_read.o)
                0x000212ac                altera_avalon_jtag_uart_read
 .text          0x000214cc      0x228 d:/quartus_prime_lite/workspace_intel/nios_led3/nios_led3/software/led3_bsp/\libhal_bsp.a(altera_avalon_jtag_uart_write.o)
                0x000214cc                altera_avalon_jtag_uart_write
 .text          0x000216f4      0x100 d:/quartus_prime_lite/workspace_intel/nios_led3/nios_led3/software/led3_bsp/\libhal_bsp.a(altera_avalon_timer_sc.o)
                0x00021770                alt_avalon_timer_sc_init
 .text          0x000217f4      0x160 d:/quartus_prime_lite/workspace_intel/nios_led3/nios_led3/software/led3_bsp/\libhal_bsp.a(alt_alarm_start.o)
                0x000217f4                alt_alarm_start
 .text          0x00021954      0x118 d:/quartus_prime_lite/workspace_intel/nios_led3/nios_led3/software/led3_bsp/\libhal_bsp.a(alt_close.o)
                0x00021990                close
 .text          0x00021a6c       0x20 d:/quartus_prime_lite/workspace_intel/nios_led3/nios_led3/software/led3_bsp/\libhal_bsp.a(alt_dcache_flush_all.o)
                0x00021a6c                alt_dcache_flush_all
 .text          0x00021a8c       0x2c d:/quartus_prime_lite/workspace_intel/nios_led3/nios_led3/software/led3_bsp/\libhal_bsp.a(alt_dev.o)
 .text          0x00021ab8       0xe4 d:/quartus_prime_lite/workspace_intel/nios_led3/nios_led3/software/led3_bsp/\libhal_bsp.a(alt_dev_llist_insert.o)
                0x00021af4                alt_dev_llist_insert
 .text          0x00021b9c       0x64 d:/quartus_prime_lite/workspace_intel/nios_led3/nios_led3/software/led3_bsp/\libhal_bsp.a(alt_do_ctors.o)
                0x00021b9c                _do_ctors
 .text          0x00021c00       0x64 d:/quartus_prime_lite/workspace_intel/nios_led3/nios_led3/software/led3_bsp/\libhal_bsp.a(alt_do_dtors.o)
                0x00021c00                _do_dtors
 .text          0x00021c64        0x0 d:/quartus_prime_lite/workspace_intel/nios_led3/nios_led3/software/led3_bsp/\libhal_bsp.a(alt_errno.o)
 .text          0x00021c64       0x20 d:/quartus_prime_lite/workspace_intel/nios_led3/nios_led3/software/led3_bsp/\libhal_bsp.a(alt_icache_flush_all.o)
                0x00021c64                alt_icache_flush_all
 .text          0x00021c84      0x1b0 d:/quartus_prime_lite/workspace_intel/nios_led3/nios_led3/software/led3_bsp/\libhal_bsp.a(alt_iic.o)
                0x00021c84                alt_ic_isr_register
                0x00021cd4                alt_ic_irq_enable
                0x00021d5c                alt_ic_irq_disable
                0x00021de8                alt_ic_irq_enabled
 .text          0x00021e34       0xe8 d:/quartus_prime_lite/workspace_intel/nios_led3/nios_led3/software/led3_bsp/\libhal_bsp.a(alt_iic_isr_register.o)
                0x00021e34                alt_iic_isr_register
 .text          0x00021f1c      0x150 d:/quartus_prime_lite/workspace_intel/nios_led3/nios_led3/software/led3_bsp/\libhal_bsp.a(alt_io_redirect.o)
                0x00021ff0                alt_io_redirect
 .text          0x0002206c        0x0 d:/quartus_prime_lite/workspace_intel/nios_led3/nios_led3/software/led3_bsp/\libhal_bsp.a(alt_irq_entry.o)
 .text          0x0002206c        0x0 d:/quartus_prime_lite/workspace_intel/nios_led3/nios_led3/software/led3_bsp/\libhal_bsp.a(alt_irq_handler.o)
 .text          0x0002206c        0x0 d:/quartus_prime_lite/workspace_intel/nios_led3/nios_led3/software/led3_bsp/\libhal_bsp.a(alt_irq_vars.o)
 .text          0x0002206c      0x278 d:/quartus_prime_lite/workspace_intel/nios_led3/nios_led3/software/led3_bsp/\libhal_bsp.a(alt_open.o)
                0x00022184                open
 .text          0x000222e4       0x70 d:/quartus_prime_lite/workspace_intel/nios_led3/nios_led3/software/led3_bsp/\libhal_bsp.a(alt_release_fd.o)
                0x000222e4                alt_release_fd
 .text          0x00022354      0x1d0 d:/quartus_prime_lite/workspace_intel/nios_led3/nios_led3/software/led3_bsp/\libhal_bsp.a(alt_tick.o)
                0x00022354                alt_alarm_stop
                0x000223f8                alt_tick
 .text          0x00022524       0x24 d:/quartus_prime_lite/workspace_intel/nios_led3/nios_led3/software/led3_bsp/\libhal_bsp.a(altera_nios2_gen2_irq.o)
                0x00022524                altera_nios2_gen2_irq_init
 .text          0x00022548        0x0 d:/quartus_prime_lite/workspace_intel/nios_led3/nios_led3/software/led3_bsp/\libhal_bsp.a(alt_exception_entry.o)
 .text          0x00022548       0x90 d:/quartus_prime_lite/workspace_intel/nios_led3/nios_led3/software/led3_bsp/\libhal_bsp.a(alt_find_dev.o)
                0x00022548                alt_find_dev
 .text          0x000225d8      0x108 d:/quartus_prime_lite/workspace_intel/nios_led3/nios_led3/software/led3_bsp/\libhal_bsp.a(alt_find_file.o)
                0x000225d8                alt_find_file
 .text          0x000226e0       0xb8 d:/quartus_prime_lite/workspace_intel/nios_led3/nios_led3/software/led3_bsp/\libhal_bsp.a(alt_get_fd.o)
                0x000226e0                alt_get_fd
 .text          0x00022798       0x74 d:/quartus_prime_lite/workspace_intel/nios_led3/nios_led3/software/led3_bsp/\libhal_bsp.a(alt_instruction_exception_entry.o)
                0x00022798                alt_exception_cause_generated_bad_addr
 .text          0x0002280c        0x0 c:/intelfpga_lite/23.1std/nios2eds/bin/gnu/h-x86_64-mingw32/bin/../lib/gcc/nios2-elf/12.3.1/../../../../../H-x86_64-mingw32/nios2-elf/lib/mno-hw-mul\libc.a(libc_a-atexit.o)
 .text.atexit   0x0002280c       0x14 c:/intelfpga_lite/23.1std/nios2eds/bin/gnu/h-x86_64-mingw32/bin/../lib/gcc/nios2-elf/12.3.1/../../../../../H-x86_64-mingw32/nios2-elf/lib/mno-hw-mul\libc.a(libc_a-atexit.o)
                0x0002280c                atexit
 .text          0x00022820        0x0 c:/intelfpga_lite/23.1std/nios2eds/bin/gnu/h-x86_64-mingw32/bin/../lib/gcc/nios2-elf/12.3.1/../../../../../H-x86_64-mingw32/nios2-elf/lib/mno-hw-mul\libc.a(libc_a-exit.o)
 .text.exit     0x00022820       0x30 c:/intelfpga_lite/23.1std/nios2eds/bin/gnu/h-x86_64-mingw32/bin/../lib/gcc/nios2-elf/12.3.1/../../../../../H-x86_64-mingw32/nios2-elf/lib/mno-hw-mul\libc.a(libc_a-exit.o)
                0x00022820                exit
 .text          0x00022850        0x0 c:/intelfpga_lite/23.1std/nios2eds/bin/gnu/h-x86_64-mingw32/bin/../lib/gcc/nios2-elf/12.3.1/../../../../../H-x86_64-mingw32/nios2-elf/lib/mno-hw-mul\libc.a(libc_a-memcmp.o)
 .text.memcmp   0x00022850       0x78 c:/intelfpga_lite/23.1std/nios2eds/bin/gnu/h-x86_64-mingw32/bin/../lib/gcc/nios2-elf/12.3.1/../../../../../H-x86_64-mingw32/nios2-elf/lib/mno-hw-mul\libc.a(libc_a-memcmp.o)
                0x00022850                memcmp
 .text          0x000228c8        0x0 c:/intelfpga_lite/23.1std/nios2eds/bin/gnu/h-x86_64-mingw32/bin/../lib/gcc/nios2-elf/12.3.1/../../../../../H-x86_64-mingw32/nios2-elf/lib/mno-hw-mul\libc.a(libc_a-memcpy.o)
 .text.memcpy   0x000228c8      0x100 c:/intelfpga_lite/23.1std/nios2eds/bin/gnu/h-x86_64-mingw32/bin/../lib/gcc/nios2-elf/12.3.1/../../../../../H-x86_64-mingw32/nios2-elf/lib/mno-hw-mul\libc.a(libc_a-memcpy.o)
                0x000228c8                memcpy
 .text          0x000229c8        0x0 c:/intelfpga_lite/23.1std/nios2eds/bin/gnu/h-x86_64-mingw32/bin/../lib/gcc/nios2-elf/12.3.1/../../../../../H-x86_64-mingw32/nios2-elf/lib/mno-hw-mul\libc.a(libc_a-strlen.o)
 .text.strlen   0x000229c8       0x98 c:/intelfpga_lite/23.1std/nios2eds/bin/gnu/h-x86_64-mingw32/bin/../lib/gcc/nios2-elf/12.3.1/../../../../../H-x86_64-mingw32/nios2-elf/lib/mno-hw-mul\libc.a(libc_a-strlen.o)
                0x000229c8                strlen
 .text          0x00022a60        0x0 c:/intelfpga_lite/23.1std/nios2eds/bin/gnu/h-x86_64-mingw32/bin/../lib/gcc/nios2-elf/12.3.1/../../../../../H-x86_64-mingw32/nios2-elf/lib/mno-hw-mul\libc.a(libc_a-int_errno.o)
 .text          0x00022a60        0x0 c:/intelfpga_lite/23.1std/nios2eds/bin/gnu/h-x86_64-mingw32/bin/../lib/gcc/nios2-elf/12.3.1/../../../../../H-x86_64-mingw32/nios2-elf/lib/mno-hw-mul\libc.a(libc_a-__atexit.o)
 .text.__register_exitproc
                0x00022a60       0x94 c:/intelfpga_lite/23.1std/nios2eds/bin/gnu/h-x86_64-mingw32/bin/../lib/gcc/nios2-elf/12.3.1/../../../../../H-x86_64-mingw32/nios2-elf/lib/mno-hw-mul\libc.a(libc_a-__atexit.o)
                0x00022a60                __register_exitproc
 .text          0x00022af4        0x0 c:/intelfpga_lite/23.1std/nios2eds/bin/gnu/h-x86_64-mingw32/bin/../lib/gcc/nios2-elf/12.3.1/../../../../../H-x86_64-mingw32/nios2-elf/lib/mno-hw-mul\libc.a(libc_a-__call_atexit.o)
 .text.__call_exitprocs
                0x00022af4      0x118 c:/intelfpga_lite/23.1std/nios2eds/bin/gnu/h-x86_64-mingw32/bin/../lib/gcc/nios2-elf/12.3.1/../../../../../H-x86_64-mingw32/nios2-elf/lib/mno-hw-mul\libc.a(libc_a-__call_atexit.o)
                0x00022af4                __call_exitprocs
 .text          0x00022c0c       0x3c d:/quartus_prime_lite/workspace_intel/nios_led3/nios_led3/software/led3_bsp/\libhal_bsp.a(alt_exit.o)
                0x00022c0c                _exit
 *(.gnu.warning.*)
 *(.fini)
                [!provide]                        PROVIDE (__etext = ABSOLUTE (.))
                [!provide]                        PROVIDE (_etext = ABSOLUTE (.))
                [!provide]                        PROVIDE (etext = ABSOLUTE (.))
 *(.eh_frame_hdr)
                0x00022c48                        . = ALIGN (0x4)
                [!provide]                        PROVIDE (__preinit_array_start = ABSOLUTE (.))
 *(.preinit_array)
                [!provide]                        PROVIDE (__preinit_array_end = ABSOLUTE (.))
                [!provide]                        PROVIDE (__init_array_start = ABSOLUTE (.))
 *(SORT_BY_INIT_PRIORITY(.init_array.*))
 *(.init_array)
                [!provide]                        PROVIDE (__init_array_end = ABSOLUTE (.))
                [!provide]                        PROVIDE (__fini_array_start = ABSOLUTE (.))
 *(.fini_array)
                [!provide]                        PROVIDE (__fini_array_end = ABSOLUTE (.))
 *(.eh_frame)
 *(.gcc_except_table .gcc_except_table.*)
 *(.dynamic)
                0x00022c48                        PROVIDE (__CTOR_LIST__ = ABSOLUTE (.))
 *(.ctors)
 *(SORT_BY_NAME(.ctors.*))
                0x00022c48                        PROVIDE (__CTOR_END__ = ABSOLUTE (.))
                0x00022c48                        PROVIDE (__DTOR_LIST__ = ABSOLUTE (.))
 *(.dtors)
 *(SORT_BY_NAME(.dtors.*))
                0x00022c48                        PROVIDE (__DTOR_END__ = ABSOLUTE (.))
 *(.jcr)
                0x00022c48                        . = ALIGN (0x4)

.rodata         0x00022c48       0x3c
                0x00022c48                        PROVIDE (__ram_rodata_start = ABSOLUTE (.))
                0x00022c48                        . = ALIGN (0x4)
 *(.rodata .rodata.* .gnu.linkonce.r.*)
 .rodata        0x00022c48       0x10 obj/default/gpio_drv.o
 .rodata        0x00022c58        0xf d:/quartus_prime_lite/workspace_intel/nios_led3/nios_led3/software/led3_bsp/\libhal_bsp.a(alt_main.o)
 *fill*         0x00022c67        0x1 
 .rodata        0x00022c68        0xf d:/quartus_prime_lite/workspace_intel/nios_led3/nios_led3/software/led3_bsp/\libhal_bsp.a(alt_sys_init.o)
 *fill*         0x00022c77        0x1 
 .rodata        0x00022c78        0xa d:/quartus_prime_lite/workspace_intel/nios_led3/nios_led3/software/led3_bsp/\libhal_bsp.a(alt_dev.o)
 *(.rodata1)
                0x00022c84                        . = ALIGN (0x4)
 *fill*         0x00022c82        0x2 
                0x00022c84                        PROVIDE (__ram_rodata_end = ABSOLUTE (.))
                0x00022c48                        PROVIDE (__flash_rodata_start = LOADADDR (.rodata))

.rwdata         0x00022c84     0x1230 load address 0x00023eb4
                0x00022c84                        PROVIDE (__ram_rwdata_start = ABSOLUTE (.))
                0x00022c84                        . = ALIGN (0x4)
 *(.got.plt)
 *(.got)
 *(.data1)
 *(.data .data.* .gnu.linkonce.d.*)
 .data          0x00022c84        0x0 d:/quartus_prime_lite/workspace_intel/nios_led3/nios_led3/software/led3_bsp//obj/HAL/src/crt0.o
 .data          0x00022c84        0x0 obj/default/gpio_drv.o
 .data          0x00022c84        0x0 obj/default/led3_test.o
 .data          0x00022c84        0x0 obj/default/timer_drv.o
 .data          0x00022c84        0x0 obj/default/uart_drv.o
 .data          0x00022c84        0x0 c:/intelfpga_lite/23.1std/nios2eds/bin/gnu/h-x86_64-mingw32/bin/../lib/gcc/nios2-elf/12.3.1/mno-hw-mul\libgcc.a(lib2-divmod.o)
 .data          0x00022c84        0x0 d:/quartus_prime_lite/workspace_intel/nios_led3/nios_led3/software/led3_bsp/\libhal_bsp.a(alt_load.o)
 .data          0x00022c84        0x0 d:/quartus_prime_lite/workspace_intel/nios_led3/nios_led3/software/led3_bsp/\libhal_bsp.a(alt_main.o)
 .data          0x00022c84     0x1060 d:/quartus_prime_lite/workspace_intel/nios_led3/nios_led3/software/led3_bsp/\libhal_bsp.a(alt_sys_init.o)
 .data          0x00023ce4        0x0 d:/quartus_prime_lite/workspace_intel/nios_led3/nios_led3/software/led3_bsp/\libhal_bsp.a(altera_avalon_jtag_uart_fd.o)
 .data          0x00023ce4        0x0 d:/quartus_prime_lite/workspace_intel/nios_led3/nios_led3/software/led3_bsp/\libhal_bsp.a(altera_avalon_jtag_uart_init.o)
 .data          0x00023ce4        0x0 d:/quartus_prime_lite/workspace_intel/nios_led3/nios_led3/software/led3_bsp/\libhal_bsp.a(altera_avalon_jtag_uart_ioctl.o)
 .data          0x00023ce4        0x0 d:/quartus_prime_lite/workspace_intel/nios_led3/nios_led3/software/led3_bsp/\libhal_bsp.a(altera_avalon_jtag_uart_read.o)
 .data          0x00023ce4        0x0 d:/quartus_prime_lite/workspace_intel/nios_led3/nios_led3/software/led3_bsp/\libhal_bsp.a(altera_avalon_jtag_uart_write.o)
 .data          0x00023ce4        0x0 d:/quartus_prime_lite/workspace_intel/nios_led3/nios_led3/software/led3_bsp/\libhal_bsp.a(altera_avalon_timer_sc.o)
 .data          0x00023ce4        0x0 d:/quartus_prime_lite/workspace_intel/nios_led3/nios_led3/software/led3_bsp/\libhal_bsp.a(alt_alarm_start.o)
 .data          0x00023ce4        0x0 d:/quartus_prime_lite/workspace_intel/nios_led3/nios_led3/software/led3_bsp/\libhal_bsp.a(alt_close.o)
 .data          0x00023ce4        0x0 d:/quartus_prime_lite/workspace_intel/nios_led3/nios_led3/software/led3_bsp/\libhal_bsp.a(alt_dcache_flush_all.o)
 .data          0x00023ce4      0x1a8 d:/quartus_prime_lite/workspace_intel/nios_led3/nios_led3/software/led3_bsp/\libhal_bsp.a(alt_dev.o)
                0x00023ce4                alt_dev_null
                0x00023d0c                alt_fd_list
 .data          0x00023e8c        0x0 d:/quartus_prime_lite/workspace_intel/nios_led3/nios_led3/software/led3_bsp/\libhal_bsp.a(alt_dev_llist_insert.o)
 .data          0x00023e8c        0x0 d:/quartus_prime_lite/workspace_intel/nios_led3/nios_led3/software/led3_bsp/\libhal_bsp.a(alt_do_ctors.o)
 .data          0x00023e8c        0x0 d:/quartus_prime_lite/workspace_intel/nios_led3/nios_led3/software/led3_bsp/\libhal_bsp.a(alt_do_dtors.o)
 .data          0x00023e8c        0x0 d:/quartus_prime_lite/workspace_intel/nios_led3/nios_led3/software/led3_bsp/\libhal_bsp.a(alt_errno.o)
 .data          0x00023e8c        0x0 d:/quartus_prime_lite/workspace_intel/nios_led3/nios_led3/software/led3_bsp/\libhal_bsp.a(alt_icache_flush_all.o)
 .data          0x00023e8c        0x0 d:/quartus_prime_lite/workspace_intel/nios_led3/nios_led3/software/led3_bsp/\libhal_bsp.a(alt_iic.o)
 .data          0x00023e8c        0x0 d:/quartus_prime_lite/workspace_intel/nios_led3/nios_led3/software/led3_bsp/\libhal_bsp.a(alt_iic_isr_register.o)
 .data          0x00023e8c        0x0 d:/quartus_prime_lite/workspace_intel/nios_led3/nios_led3/software/led3_bsp/\libhal_bsp.a(alt_io_redirect.o)
 .data          0x00023e8c        0x0 d:/quartus_prime_lite/workspace_intel/nios_led3/nios_led3/software/led3_bsp/\libhal_bsp.a(alt_irq_entry.o)
 .data          0x00023e8c        0x0 d:/quartus_prime_lite/workspace_intel/nios_led3/nios_led3/software/led3_bsp/\libhal_bsp.a(alt_irq_handler.o)
 .data          0x00023e8c        0x0 d:/quartus_prime_lite/workspace_intel/nios_led3/nios_led3/software/led3_bsp/\libhal_bsp.a(alt_irq_vars.o)
 .data          0x00023e8c        0x0 d:/quartus_prime_lite/workspace_intel/nios_led3/nios_led3/software/led3_bsp/\libhal_bsp.a(alt_open.o)
 .data          0x00023e8c        0x0 d:/quartus_prime_lite/workspace_intel/nios_led3/nios_led3/software/led3_bsp/\libhal_bsp.a(alt_release_fd.o)
 .data          0x00023e8c        0x0 d:/quartus_prime_lite/workspace_intel/nios_led3/nios_led3/software/led3_bsp/\libhal_bsp.a(alt_tick.o)
 .data          0x00023e8c        0x0 d:/quartus_prime_lite/workspace_intel/nios_led3/nios_led3/software/led3_bsp/\libhal_bsp.a(altera_nios2_gen2_irq.o)
 .data          0x00023e8c        0x0 d:/quartus_prime_lite/workspace_intel/nios_led3/nios_led3/software/led3_bsp/\libhal_bsp.a(alt_exception_entry.o)
 .data          0x00023e8c        0x0 d:/quartus_prime_lite/workspace_intel/nios_led3/nios_led3/software/led3_bsp/\libhal_bsp.a(alt_find_dev.o)
 .data          0x00023e8c        0x0 d:/quartus_prime_lite/workspace_intel/nios_led3/nios_led3/software/led3_bsp/\libhal_bsp.a(alt_find_file.o)
 .data          0x00023e8c        0x0 d:/quartus_prime_lite/workspace_intel/nios_led3/nios_led3/software/led3_bsp/\libhal_bsp.a(alt_get_fd.o)
 .data          0x00023e8c        0x0 d:/quartus_prime_lite/workspace_intel/nios_led3/nios_led3/software/led3_bsp/\libhal_bsp.a(alt_instruction_exception_entry.o)
 .data          0x00023e8c        0x0 c:/intelfpga_lite/23.1std/nios2eds/bin/gnu/h-x86_64-mingw32/bin/../lib/gcc/nios2-elf/12.3.1/../../../../../H-x86_64-mingw32/nios2-elf/lib/mno-hw-mul\libc.a(libc_a-atexit.o)
 .data          0x00023e8c        0x0 c:/intelfpga_lite/23.1std/nios2eds/bin/gnu/h-x86_64-mingw32/bin/../lib/gcc/nios2-elf/12.3.1/../../../../../H-x86_64-mingw32/nios2-elf/lib/mno-hw-mul\libc.a(libc_a-exit.o)
 .data          0x00023e8c        0x0 c:/intelfpga_lite/23.1std/nios2eds/bin/gnu/h-x86_64-mingw32/bin/../lib/gcc/nios2-elf/12.3.1/../../../../../H-x86_64-mingw32/nios2-elf/lib/mno-hw-mul\libc.a(libc_a-memcmp.o)
 .data          0x00023e8c        0x0 c:/intelfpga_lite/23.1std/nios2eds/bin/gnu/h-x86_64-mingw32/bin/../lib/gcc/nios2-elf/12.3.1/../../../../../H-x86_64-mingw32/nios2-elf/lib/mno-hw-mul\libc.a(libc_a-memcpy.o)
 .data          0x00023e8c        0x0 c:/intelfpga_lite/23.1std/nios2eds/bin/gnu/h-x86_64-mingw32/bin/../lib/gcc/nios2-elf/12.3.1/../../../../../H-x86_64-mingw32/nios2-elf/lib/mno-hw-mul\libc.a(libc_a-strlen.o)
 .data          0x00023e8c        0x0 c:/intelfpga_lite/23.1std/nios2eds/bin/gnu/h-x86_64-mingw32/bin/../lib/gcc/nios2-elf/12.3.1/../../../../../H-x86_64-mingw32/nios2-elf/lib/mno-hw-mul\libc.a(libc_a-int_errno.o)
 .data          0x00023e8c        0x0 c:/intelfpga_lite/23.1std/nios2eds/bin/gnu/h-x86_64-mingw32/bin/../lib/gcc/nios2-elf/12.3.1/../../../../../H-x86_64-mingw32/nios2-elf/lib/mno-hw-mul\libc.a(libc_a-__atexit.o)
 .data          0x00023e8c        0x0 c:/intelfpga_lite/23.1std/nios2eds/bin/gnu/h-x86_64-mingw32/bin/../lib/gcc/nios2-elf/12.3.1/../../../../../H-x86_64-mingw32/nios2-elf/lib/mno-hw-mul\libc.a(libc_a-__call_atexit.o)
 .data          0x00023e8c        0x0 d:/quartus_prime_lite/workspace_intel/nios_led3/nios_led3/software/led3_bsp/\libhal_bsp.a(alt_exit.o)
                0x0002be8c                        _gp = ABSOLUTE ((. + 0x8000))
                [!provide]                        PROVIDE (gp = _gp)
 *(.rwdata .rwdata.*)
 *(.sdata .sdata.* .gnu.linkonce.s.*)
 .sdata         0x00023e8c        0x1 obj/default/led3_test.o
 *fill*         0x00023e8d        0x3 
 .sdata         0x00023e90       0x14 d:/quartus_prime_lite/workspace_intel/nios_led3/nios_led3/software/led3_bsp/\libhal_bsp.a(alt_dev.o)
                0x00023e90                alt_fs_list
                0x00023e98                alt_dev_list
                0x00023ea0                alt_max_fd
 .sdata         0x00023ea4        0x4 d:/quartus_prime_lite/workspace_intel/nios_led3/nios_led3/software/led3_bsp/\libhal_bsp.a(alt_errno.o)
                0x00023ea4                alt_errno
 .sdata         0x00023ea8        0x4 d:/quartus_prime_lite/workspace_intel/nios_led3/nios_led3/software/led3_bsp/\libhal_bsp.a(alt_irq_vars.o)
                0x00023ea8                alt_priority_mask
 .sdata         0x00023eac        0x8 d:/quartus_prime_lite/workspace_intel/nios_led3/nios_led3/software/led3_bsp/\libhal_bsp.a(alt_tick.o)
                0x00023eac                alt_alarm_list
 *(.sdata2 .sdata2.* .gnu.linkonce.s2.*)
                0x00023eb4                        . = ALIGN (0x4)
                0x00023eb4                        _edata = ABSOLUTE (.)
                [!provide]                        PROVIDE (edata = ABSOLUTE (.))
                0x00023eb4                        PROVIDE (__ram_rwdata_end = ABSOLUTE (.))
                0x00023eb4                        PROVIDE (__flash_rwdata_start = LOADADDR (.rwdata))

.bss            0x000250e4      0x2c0
                0x000250e4                        __bss_start = ABSOLUTE (.)
                [!provide]                        PROVIDE (__sbss_start = ABSOLUTE (.))
                [!provide]                        PROVIDE (___sbss_start = ABSOLUTE (.))
 *(.dynsbss)
 *(.sbss .sbss.* .gnu.linkonce.sb.*)
 .sbss          0x000250e4        0x4 obj/default/led3_test.o
 .sbss          0x000250e8        0xc d:/quartus_prime_lite/workspace_intel/nios_led3/nios_led3/software/led3_bsp/\libhal_bsp.a(alt_main.o)
                0x000250e8                alt_argc
                0x000250ec                alt_argv
                0x000250f0                alt_envp
 .sbss          0x000250f4        0x4 d:/quartus_prime_lite/workspace_intel/nios_led3/nios_led3/software/led3_bsp/\libhal_bsp.a(alt_irq_vars.o)
                0x000250f4                alt_irq_active
 .sbss          0x000250f8        0xc d:/quartus_prime_lite/workspace_intel/nios_led3/nios_led3/software/led3_bsp/\libhal_bsp.a(alt_tick.o)
                0x000250f8                _alt_tick_rate
                0x000250fc                _alt_nticks
 .sbss          0x00025104        0x4 d:/quartus_prime_lite/workspace_intel/nios_led3/nios_led3/software/led3_bsp/\libhal_bsp.a(alt_instruction_exception_entry.o)
                0x00025104                alt_instruction_exception_handler
 .sbss.__stdio_exit_handler
                0x00025108        0x4 c:/intelfpga_lite/23.1std/nios2eds/bin/gnu/h-x86_64-mingw32/bin/../lib/gcc/nios2-elf/12.3.1/../../../../../H-x86_64-mingw32/nios2-elf/lib/mno-hw-mul\libc.a(libc_a-exit.o)
                0x00025108                __stdio_exit_handler
 .sbss.errno    0x0002510c        0x4 c:/intelfpga_lite/23.1std/nios2eds/bin/gnu/h-x86_64-mingw32/bin/../lib/gcc/nios2-elf/12.3.1/../../../../../H-x86_64-mingw32/nios2-elf/lib/mno-hw-mul\libc.a(libc_a-int_errno.o)
                0x0002510c                errno
 .sbss.__atexit
                0x00025110        0x4 c:/intelfpga_lite/23.1std/nios2eds/bin/gnu/h-x86_64-mingw32/bin/../lib/gcc/nios2-elf/12.3.1/../../../../../H-x86_64-mingw32/nios2-elf/lib/mno-hw-mul\libc.a(libc_a-__call_atexit.o)
                0x00025110                __atexit
 *(.sbss2 .sbss2.* .gnu.linkonce.sb2.*)
 *(.scommon)
                [!provide]                        PROVIDE (__sbss_end = ABSOLUTE (.))
                [!provide]                        PROVIDE (___sbss_end = ABSOLUTE (.))
 *(.dynbss)
 *(.bss .bss.* .gnu.linkonce.b.*)
 .bss           0x00025114        0x0 d:/quartus_prime_lite/workspace_intel/nios_led3/nios_led3/software/led3_bsp//obj/HAL/src/crt0.o
 .bss           0x00025114        0x0 obj/default/gpio_drv.o
 .bss           0x00025114        0x0 obj/default/led3_test.o
 .bss           0x00025114        0x0 obj/default/timer_drv.o
 .bss           0x00025114        0x0 obj/default/uart_drv.o
 .bss           0x00025114        0x0 c:/intelfpga_lite/23.1std/nios2eds/bin/gnu/h-x86_64-mingw32/bin/../lib/gcc/nios2-elf/12.3.1/mno-hw-mul\libgcc.a(lib2-divmod.o)
 .bss           0x00025114        0x0 d:/quartus_prime_lite/workspace_intel/nios_led3/nios_led3/software/led3_bsp/\libhal_bsp.a(alt_load.o)
 .bss           0x00025114        0x0 d:/quartus_prime_lite/workspace_intel/nios_led3/nios_led3/software/led3_bsp/\libhal_bsp.a(alt_main.o)
 .bss           0x00025114        0x0 d:/quartus_prime_lite/workspace_intel/nios_led3/nios_led3/software/led3_bsp/\libhal_bsp.a(alt_sys_init.o)
 .bss           0x00025114        0x0 d:/quartus_prime_lite/workspace_intel/nios_led3/nios_led3/software/led3_bsp/\libhal_bsp.a(altera_avalon_jtag_uart_fd.o)
 .bss           0x00025114        0x0 d:/quartus_prime_lite/workspace_intel/nios_led3/nios_led3/software/led3_bsp/\libhal_bsp.a(altera_avalon_jtag_uart_init.o)
 .bss           0x00025114        0x0 d:/quartus_prime_lite/workspace_intel/nios_led3/nios_led3/software/led3_bsp/\libhal_bsp.a(altera_avalon_jtag_uart_ioctl.o)
 .bss           0x00025114        0x0 d:/quartus_prime_lite/workspace_intel/nios_led3/nios_led3/software/led3_bsp/\libhal_bsp.a(altera_avalon_jtag_uart_read.o)
 .bss           0x00025114        0x0 d:/quartus_prime_lite/workspace_intel/nios_led3/nios_led3/software/led3_bsp/\libhal_bsp.a(altera_avalon_jtag_uart_write.o)
 .bss           0x00025114        0x0 d:/quartus_prime_lite/workspace_intel/nios_led3/nios_led3/software/led3_bsp/\libhal_bsp.a(altera_avalon_timer_sc.o)
 .bss           0x00025114        0x0 d:/quartus_prime_lite/workspace_intel/nios_led3/nios_led3/software/led3_bsp/\libhal_bsp.a(alt_alarm_start.o)
 .bss           0x00025114        0x0 d:/quartus_prime_lite/workspace_intel/nios_led3/nios_led3/software/led3_bsp/\libhal_bsp.a(alt_close.o)
 .bss           0x00025114        0x0 d:/quartus_prime_lite/workspace_intel/nios_led3/nios_led3/software/led3_bsp/\libhal_bsp.a(alt_dcache_flush_all.o)
 .bss           0x00025114        0x0 d:/quartus_prime_lite/workspace_intel/nios_led3/nios_led3/software/led3_bsp/\libhal_bsp.a(alt_dev.o)
 .bss           0x00025114        0x0 d:/quartus_prime_lite/workspace_intel/nios_led3/nios_led3/software/led3_bsp/\libhal_bsp.a(alt_dev_llist_insert.o)
 .bss           0x00025114        0x0 d:/quartus_prime_lite/workspace_intel/nios_led3/nios_led3/software/led3_bsp/\libhal_bsp.a(alt_do_ctors.o)
 .bss           0x00025114        0x0 d:/quartus_prime_lite/workspace_intel/nios_led3/nios_led3/software/led3_bsp/\libhal_bsp.a(alt_do_dtors.o)
 .bss           0x00025114        0x0 d:/quartus_prime_lite/workspace_intel/nios_led3/nios_led3/software/led3_bsp/\libhal_bsp.a(alt_errno.o)
 .bss           0x00025114        0x0 d:/quartus_prime_lite/workspace_intel/nios_led3/nios_led3/software/led3_bsp/\libhal_bsp.a(alt_icache_flush_all.o)
 .bss           0x00025114        0x0 d:/quartus_prime_lite/workspace_intel/nios_led3/nios_led3/software/led3_bsp/\libhal_bsp.a(alt_iic.o)
 .bss           0x00025114        0x0 d:/quartus_prime_lite/workspace_intel/nios_led3/nios_led3/software/led3_bsp/\libhal_bsp.a(alt_iic_isr_register.o)
 .bss           0x00025114        0x0 d:/quartus_prime_lite/workspace_intel/nios_led3/nios_led3/software/led3_bsp/\libhal_bsp.a(alt_io_redirect.o)
 .bss           0x00025114        0x0 d:/quartus_prime_lite/workspace_intel/nios_led3/nios_led3/software/led3_bsp/\libhal_bsp.a(alt_irq_entry.o)
 .bss           0x00025114      0x100 d:/quartus_prime_lite/workspace_intel/nios_led3/nios_led3/software/led3_bsp/\libhal_bsp.a(alt_irq_handler.o)
                0x00025114                alt_irq
 .bss           0x00025214        0x0 d:/quartus_prime_lite/workspace_intel/nios_led3/nios_led3/software/led3_bsp/\libhal_bsp.a(alt_irq_vars.o)
 .bss           0x00025214        0x0 d:/quartus_prime_lite/workspace_intel/nios_led3/nios_led3/software/led3_bsp/\libhal_bsp.a(alt_open.o)
 .bss           0x00025214        0x0 d:/quartus_prime_lite/workspace_intel/nios_led3/nios_led3/software/led3_bsp/\libhal_bsp.a(alt_release_fd.o)
 .bss           0x00025214        0x0 d:/quartus_prime_lite/workspace_intel/nios_led3/nios_led3/software/led3_bsp/\libhal_bsp.a(alt_tick.o)
 .bss           0x00025214        0x0 d:/quartus_prime_lite/workspace_intel/nios_led3/nios_led3/software/led3_bsp/\libhal_bsp.a(altera_nios2_gen2_irq.o)
 .bss           0x00025214        0x0 d:/quartus_prime_lite/workspace_intel/nios_led3/nios_led3/software/led3_bsp/\libhal_bsp.a(alt_exception_entry.o)
 .bss           0x00025214        0x0 d:/quartus_prime_lite/workspace_intel/nios_led3/nios_led3/software/led3_bsp/\libhal_bsp.a(alt_find_dev.o)
 .bss           0x00025214        0x0 d:/quartus_prime_lite/workspace_intel/nios_led3/nios_led3/software/led3_bsp/\libhal_bsp.a(alt_find_file.o)
 .bss           0x00025214        0x0 d:/quartus_prime_lite/workspace_intel/nios_led3/nios_led3/software/led3_bsp/\libhal_bsp.a(alt_get_fd.o)
 .bss           0x00025214        0x0 d:/quartus_prime_lite/workspace_intel/nios_led3/nios_led3/software/led3_bsp/\libhal_bsp.a(alt_instruction_exception_entry.o)
 .bss           0x00025214        0x0 c:/intelfpga_lite/23.1std/nios2eds/bin/gnu/h-x86_64-mingw32/bin/../lib/gcc/nios2-elf/12.3.1/../../../../../H-x86_64-mingw32/nios2-elf/lib/mno-hw-mul\libc.a(libc_a-atexit.o)
 .bss           0x00025214        0x0 c:/intelfpga_lite/23.1std/nios2eds/bin/gnu/h-x86_64-mingw32/bin/../lib/gcc/nios2-elf/12.3.1/../../../../../H-x86_64-mingw32/nios2-elf/lib/mno-hw-mul\libc.a(libc_a-exit.o)
 .bss           0x00025214        0x0 c:/intelfpga_lite/23.1std/nios2eds/bin/gnu/h-x86_64-mingw32/bin/../lib/gcc/nios2-elf/12.3.1/../../../../../H-x86_64-mingw32/nios2-elf/lib/mno-hw-mul\libc.a(libc_a-memcmp.o)
 .bss           0x00025214        0x0 c:/intelfpga_lite/23.1std/nios2eds/bin/gnu/h-x86_64-mingw32/bin/../lib/gcc/nios2-elf/12.3.1/../../../../../H-x86_64-mingw32/nios2-elf/lib/mno-hw-mul\libc.a(libc_a-memcpy.o)
 .bss           0x00025214        0x0 c:/intelfpga_lite/23.1std/nios2eds/bin/gnu/h-x86_64-mingw32/bin/../lib/gcc/nios2-elf/12.3.1/../../../../../H-x86_64-mingw32/nios2-elf/lib/mno-hw-mul\libc.a(libc_a-strlen.o)
 .bss           0x00025214        0x0 c:/intelfpga_lite/23.1std/nios2eds/bin/gnu/h-x86_64-mingw32/bin/../lib/gcc/nios2-elf/12.3.1/../../../../../H-x86_64-mingw32/nios2-elf/lib/mno-hw-mul\libc.a(libc_a-int_errno.o)
 .bss           0x00025214        0x0 c:/intelfpga_lite/23.1std/nios2eds/bin/gnu/h-x86_64-mingw32/bin/../lib/gcc/nios2-elf/12.3.1/../../../../../H-x86_64-mingw32/nios2-elf/lib/mno-hw-mul\libc.a(libc_a-__atexit.o)
 .bss.__atexit0
                0x00025214      0x190 c:/intelfpga_lite/23.1std/nios2eds/bin/gnu/h-x86_64-mingw32/bin/../lib/gcc/nios2-elf/12.3.1/../../../../../H-x86_64-mingw32/nios2-elf/lib/mno-hw-mul\libc.a(libc_a-__atexit.o)
                0x00025214                __atexit0
 .bss           0x000253a4        0x0 c:/intelfpga_lite/23.1std/nios2eds/bin/gnu/h-x86_64-mingw32/bin/../lib/gcc/nios2-elf/12.3.1/../../../../../H-x86_64-mingw32/nios2-elf/lib/mno-hw-mul\libc.a(libc_a-__call_atexit.o)
 .bss           0x000253a4        0x0 d:/quartus_prime_lite/workspace_intel/nios_led3/nios_led3/software/led3_bsp/\libhal_bsp.a(alt_exit.o)
 *(COMMON)
                0x000253a4                        . = ALIGN (0x4)
                0x000253a4                        __bss_end = ABSOLUTE (.)

.RAM            0x000253a4        0x0
                [!provide]                        PROVIDE (_alt_partition_RAM_start = ABSOLUTE (.))
 *(.RAM .RAM. RAM.*)
                0x000253a4                        . = ALIGN (0x4)
                [!provide]                        PROVIDE (_alt_partition_RAM_end = ABSOLUTE (.))
                0x000253a4                        _end = ABSOLUTE (.)
                0x000253a4                        end = ABSOLUTE (.)
                0x000253a4                        __alt_stack_base = ABSOLUTE (.)
                [!provide]                        PROVIDE (_alt_partition_RAM_load_addr = LOADADDR (.RAM))

.stab
 *(.stab)

.stabstr
 *(.stabstr)

.stab.excl
 *(.stab.excl)

.stab.exclstr
 *(.stab.exclstr)

.stab.index
 *(.stab.index)

.stab.indexstr
 *(.stab.indexstr)

.comment        0x00000000       0x2d
 *(.comment)
 .comment       0x00000000       0x2d obj/default/gpio_drv.o
                                 0x2e (size before relaxing)
 .comment       0x0000002d       0x2e obj/default/led3_test.o
 .comment       0x0000002d       0x2e obj/default/timer_drv.o
 .comment       0x0000002d       0x2e obj/default/uart_drv.o
 .comment       0x0000002d       0x2e c:/intelfpga_lite/23.1std/nios2eds/bin/gnu/h-x86_64-mingw32/bin/../lib/gcc/nios2-elf/12.3.1/mno-hw-mul\libgcc.a(lib2-divmod.o)
 .comment       0x0000002d       0x2e d:/quartus_prime_lite/workspace_intel/nios_led3/nios_led3/software/led3_bsp/\libhal_bsp.a(alt_load.o)
 .comment       0x0000002d       0x2e d:/quartus_prime_lite/workspace_intel/nios_led3/nios_led3/software/led3_bsp/\libhal_bsp.a(alt_main.o)
 .comment       0x0000002d       0x2e d:/quartus_prime_lite/workspace_intel/nios_led3/nios_led3/software/led3_bsp/\libhal_bsp.a(alt_sys_init.o)
 .comment       0x0000002d       0x2e d:/quartus_prime_lite/workspace_intel/nios_led3/nios_led3/software/led3_bsp/\libhal_bsp.a(altera_avalon_jtag_uart_fd.o)
 .comment       0x0000002d       0x2e d:/quartus_prime_lite/workspace_intel/nios_led3/nios_led3/software/led3_bsp/\libhal_bsp.a(altera_avalon_jtag_uart_init.o)
 .comment       0x0000002d       0x2e d:/quartus_prime_lite/workspace_intel/nios_led3/nios_led3/software/led3_bsp/\libhal_bsp.a(altera_avalon_jtag_uart_ioctl.o)
 .comment       0x0000002d       0x2e d:/quartus_prime_lite/workspace_intel/nios_led3/nios_led3/software/led3_bsp/\libhal_bsp.a(altera_avalon_jtag_uart_read.o)
 .comment       0x0000002d       0x2e d:/quartus_prime_lite/workspace_intel/nios_led3/nios_led3/software/led3_bsp/\libhal_bsp.a(altera_avalon_jtag_uart_write.o)
 .comment       0x0000002d       0x2e d:/quartus_prime_lite/workspace_intel/nios_led3/nios_led3/software/led3_bsp/\libhal_bsp.a(altera_avalon_timer_sc.o)
 .comment       0x0000002d       0x2e d:/quartus_prime_lite/workspace_intel/nios_led3/nios_led3/software/led3_bsp/\libhal_bsp.a(alt_alarm_start.o)
 .comment       0x0000002d       0x2e d:/quartus_prime_lite/workspace_intel/nios_led3/nios_led3/software/led3_bsp/\libhal_bsp.a(alt_close.o)
 .comment       0x0000002d       0x2e d:/quartus_prime_lite/workspace_intel/nios_led3/nios_led3/software/led3_bsp/\libhal_bsp.a(alt_dcache_flush_all.o)
 .comment       0x0000002d       0x2e d:/quartus_prime_lite/workspace_intel/nios_led3/nios_led3/software/led3_bsp/\libhal_bsp.a(alt_dev.o)
 .comment       0x0000002d       0x2e d:/quartus_prime_lite/workspace_intel/nios_led3/nios_led3/software/led3_bsp/\libhal_bsp.a(alt_dev_llist_insert.o)
 .comment       0x0000002d       0x2e d:/quartus_prime_lite/workspace_intel/nios_led3/nios_led3/software/led3_bsp/\libhal_bsp.a(alt_do_ctors.o)
 .comment       0x0000002d       0x2e d:/quartus_prime_lite/workspace_intel/nios_led3/nios_led3/software/led3_bsp/\libhal_bsp.a(alt_do_dtors.o)
 .comment       0x0000002d       0x2e d:/quartus_prime_lite/workspace_intel/nios_led3/nios_led3/software/led3_bsp/\libhal_bsp.a(alt_errno.o)
 .comment       0x0000002d       0x2e d:/quartus_prime_lite/workspace_intel/nios_led3/nios_led3/software/led3_bsp/\libhal_bsp.a(alt_icache_flush_all.o)
 .comment       0x0000002d       0x2e d:/quartus_prime_lite/workspace_intel/nios_led3/nios_led3/software/led3_bsp/\libhal_bsp.a(alt_iic.o)
 .comment       0x0000002d       0x2e d:/quartus_prime_lite/workspace_intel/nios_led3/nios_led3/software/led3_bsp/\libhal_bsp.a(alt_iic_isr_register.o)
 .comment       0x0000002d       0x2e d:/quartus_prime_lite/workspace_intel/nios_led3/nios_led3/software/led3_bsp/\libhal_bsp.a(alt_io_redirect.o)
 .comment       0x0000002d       0x2e d:/quartus_prime_lite/workspace_intel/nios_led3/nios_led3/software/led3_bsp/\libhal_bsp.a(alt_irq_handler.o)
 .comment       0x0000002d       0x2e d:/quartus_prime_lite/workspace_intel/nios_led3/nios_led3/software/led3_bsp/\libhal_bsp.a(alt_irq_vars.o)
 .comment       0x0000002d       0x2e d:/quartus_prime_lite/workspace_intel/nios_led3/nios_led3/software/led3_bsp/\libhal_bsp.a(alt_open.o)
 .comment       0x0000002d       0x2e d:/quartus_prime_lite/workspace_intel/nios_led3/nios_led3/software/led3_bsp/\libhal_bsp.a(alt_release_fd.o)
 .comment       0x0000002d       0x2e d:/quartus_prime_lite/workspace_intel/nios_led3/nios_led3/software/led3_bsp/\libhal_bsp.a(alt_tick.o)
 .comment       0x0000002d       0x2e d:/quartus_prime_lite/workspace_intel/nios_led3/nios_led3/software/led3_bsp/\libhal_bsp.a(altera_nios2_gen2_irq.o)
 .comment       0x0000002d       0x2e d:/quartus_prime_lite/workspace_intel/nios_led3/nios_led3/software/led3_bsp/\libhal_bsp.a(alt_find_dev.o)
 .comment       0x0000002d       0x2e d:/quartus_prime_lite/workspace_intel/nios_led3/nios_led3/software/led3_bsp/\libhal_bsp.a(alt_find_file.o)
 .comment       0x0000002d       0x2e d:/quartus_prime_lite/workspace_intel/nios_led3/nios_led3/software/led3_bsp/\libhal_bsp.a(alt_get_fd.o)
 .comment       0x0000002d       0x2e d:/quartus_prime_lite/workspace_intel/nios_led3/nios_led3/software/led3_bsp/\libhal_bsp.a(alt_instruction_exception_entry.o)
 .comment       0x0000002d       0x2e c:/intelfpga_lite/23.1std/nios2eds/bin/gnu/h-x86_64-mingw32/bin/../lib/gcc/nios2-elf/12.3.1/../../../../../H-x86_64-mingw32/nios2-elf/lib/mno-hw-mul\libc.a(libc_a-atexit.o)
 .comment       0x0000002d       0x2e c:/intelfpga_lite/23.1std/nios2eds/bin/gnu/h-x86_64-mingw32/bin/../lib/gcc/nios2-elf/12.3.1/../../../../../H-x86_64-mingw32/nios2-elf/lib/mno-hw-mul\libc.a(libc_a-exit.o)
 .comment       0x0000002d       0x2e c:/intelfpga_lite/23.1std/nios2eds/bin/gnu/h-x86_64-mingw32/bin/../lib/gcc/nios2-elf/12.3.1/../../../../../H-x86_64-mingw32/nios2-elf/lib/mno-hw-mul\libc.a(libc_a-memcmp.o)
 .comment       0x0000002d       0x2e c:/intelfpga_lite/23.1std/nios2eds/bin/gnu/h-x86_64-mingw32/bin/../lib/gcc/nios2-elf/12.3.1/../../../../../H-x86_64-mingw32/nios2-elf/lib/mno-hw-mul\libc.a(libc_a-memcpy.o)
 .comment       0x0000002d       0x2e c:/intelfpga_lite/23.1std/nios2eds/bin/gnu/h-x86_64-mingw32/bin/../lib/gcc/nios2-elf/12.3.1/../../../../../H-x86_64-mingw32/nios2-elf/lib/mno-hw-mul\libc.a(libc_a-strlen.o)
 .comment       0x0000002d       0x2e c:/intelfpga_lite/23.1std/nios2eds/bin/gnu/h-x86_64-mingw32/bin/../lib/gcc/nios2-elf/12.3.1/../../../../../H-x86_64-mingw32/nios2-elf/lib/mno-hw-mul\libc.a(libc_a-int_errno.o)
 .comment       0x0000002d       0x2e c:/intelfpga_lite/23.1std/nios2eds/bin/gnu/h-x86_64-mingw32/bin/../lib/gcc/nios2-elf/12.3.1/../../../../../H-x86_64-mingw32/nios2-elf/lib/mno-hw-mul\libc.a(libc_a-__atexit.o)
 .comment       0x0000002d       0x2e c:/intelfpga_lite/23.1std/nios2eds/bin/gnu/h-x86_64-mingw32/bin/../lib/gcc/nios2-elf/12.3.1/../../../../../H-x86_64-mingw32/nios2-elf/lib/mno-hw-mul\libc.a(libc_a-__call_atexit.o)
 .comment       0x0000002d       0x2e d:/quartus_prime_lite/workspace_intel/nios_led3/nios_led3/software/led3_bsp/\libhal_bsp.a(alt_exit.o)

.debug
 *(.debug)

.line
 *(.line)

.debug_srcinfo
 *(.debug_srcinfo)

.debug_sfnames
 *(.debug_sfnames)

.debug_aranges  0x00000000      0x618
 *(.debug_aranges)
 .debug_aranges
                0x00000000       0x28 d:/quartus_prime_lite/workspace_intel/nios_led3/nios_led3/software/led3_bsp//obj/HAL/src/crt0.o
 .debug_aranges
                0x00000028       0x20 obj/default/gpio_drv.o
 .debug_aranges
                0x00000048       0x20 obj/default/led3_test.o
 .debug_aranges
                0x00000068       0x20 obj/default/timer_drv.o
 .debug_aranges
                0x00000088       0x20 obj/default/uart_drv.o
 .debug_aranges
                0x000000a8       0x20 c:/intelfpga_lite/23.1std/nios2eds/bin/gnu/h-x86_64-mingw32/bin/../lib/gcc/nios2-elf/12.3.1/mno-hw-mul\libgcc.a(lib2-divmod.o)
 .debug_aranges
                0x000000c8       0x20 d:/quartus_prime_lite/workspace_intel/nios_led3/nios_led3/software/led3_bsp/\libhal_bsp.a(alt_load.o)
 .debug_aranges
                0x000000e8       0x20 d:/quartus_prime_lite/workspace_intel/nios_led3/nios_led3/software/led3_bsp/\libhal_bsp.a(alt_main.o)
 .debug_aranges
                0x00000108       0x20 d:/quartus_prime_lite/workspace_intel/nios_led3/nios_led3/software/led3_bsp/\libhal_bsp.a(alt_sys_init.o)
 .debug_aranges
                0x00000128       0x20 d:/quartus_prime_lite/workspace_intel/nios_led3/nios_led3/software/led3_bsp/\libhal_bsp.a(altera_avalon_jtag_uart_fd.o)
 .debug_aranges
                0x00000148       0x20 d:/quartus_prime_lite/workspace_intel/nios_led3/nios_led3/software/led3_bsp/\libhal_bsp.a(altera_avalon_jtag_uart_init.o)
 .debug_aranges
                0x00000168       0x20 d:/quartus_prime_lite/workspace_intel/nios_led3/nios_led3/software/led3_bsp/\libhal_bsp.a(altera_avalon_jtag_uart_ioctl.o)
 .debug_aranges
                0x00000188       0x20 d:/quartus_prime_lite/workspace_intel/nios_led3/nios_led3/software/led3_bsp/\libhal_bsp.a(altera_avalon_jtag_uart_read.o)
 .debug_aranges
                0x000001a8       0x20 d:/quartus_prime_lite/workspace_intel/nios_led3/nios_led3/software/led3_bsp/\libhal_bsp.a(altera_avalon_jtag_uart_write.o)
 .debug_aranges
                0x000001c8       0x20 d:/quartus_prime_lite/workspace_intel/nios_led3/nios_led3/software/led3_bsp/\libhal_bsp.a(altera_avalon_timer_sc.o)
 .debug_aranges
                0x000001e8       0x20 d:/quartus_prime_lite/workspace_intel/nios_led3/nios_led3/software/led3_bsp/\libhal_bsp.a(alt_alarm_start.o)
 .debug_aranges
                0x00000208       0x20 d:/quartus_prime_lite/workspace_intel/nios_led3/nios_led3/software/led3_bsp/\libhal_bsp.a(alt_close.o)
 .debug_aranges
                0x00000228       0x20 d:/quartus_prime_lite/workspace_intel/nios_led3/nios_led3/software/led3_bsp/\libhal_bsp.a(alt_dcache_flush_all.o)
 .debug_aranges
                0x00000248       0x20 d:/quartus_prime_lite/workspace_intel/nios_led3/nios_led3/software/led3_bsp/\libhal_bsp.a(alt_dev.o)
 .debug_aranges
                0x00000268       0x20 d:/quartus_prime_lite/workspace_intel/nios_led3/nios_led3/software/led3_bsp/\libhal_bsp.a(alt_dev_llist_insert.o)
 .debug_aranges
                0x00000288       0x20 d:/quartus_prime_lite/workspace_intel/nios_led3/nios_led3/software/led3_bsp/\libhal_bsp.a(alt_do_ctors.o)
 .debug_aranges
                0x000002a8       0x20 d:/quartus_prime_lite/workspace_intel/nios_led3/nios_led3/software/led3_bsp/\libhal_bsp.a(alt_do_dtors.o)
 .debug_aranges
                0x000002c8       0x18 d:/quartus_prime_lite/workspace_intel/nios_led3/nios_led3/software/led3_bsp/\libhal_bsp.a(alt_errno.o)
 .debug_aranges
                0x000002e0       0x20 d:/quartus_prime_lite/workspace_intel/nios_led3/nios_led3/software/led3_bsp/\libhal_bsp.a(alt_icache_flush_all.o)
 .debug_aranges
                0x00000300       0x20 d:/quartus_prime_lite/workspace_intel/nios_led3/nios_led3/software/led3_bsp/\libhal_bsp.a(alt_iic.o)
 .debug_aranges
                0x00000320       0x20 d:/quartus_prime_lite/workspace_intel/nios_led3/nios_led3/software/led3_bsp/\libhal_bsp.a(alt_iic_isr_register.o)
 .debug_aranges
                0x00000340       0x20 d:/quartus_prime_lite/workspace_intel/nios_led3/nios_led3/software/led3_bsp/\libhal_bsp.a(alt_io_redirect.o)
 .debug_aranges
                0x00000360       0x30 d:/quartus_prime_lite/workspace_intel/nios_led3/nios_led3/software/led3_bsp/\libhal_bsp.a(alt_irq_entry.o)
 .debug_aranges
                0x00000390       0x20 d:/quartus_prime_lite/workspace_intel/nios_led3/nios_led3/software/led3_bsp/\libhal_bsp.a(alt_irq_handler.o)
 .debug_aranges
                0x000003b0       0x18 d:/quartus_prime_lite/workspace_intel/nios_led3/nios_led3/software/led3_bsp/\libhal_bsp.a(alt_irq_vars.o)
 .debug_aranges
                0x000003c8       0x20 d:/quartus_prime_lite/workspace_intel/nios_led3/nios_led3/software/led3_bsp/\libhal_bsp.a(alt_open.o)
 .debug_aranges
                0x000003e8       0x20 d:/quartus_prime_lite/workspace_intel/nios_led3/nios_led3/software/led3_bsp/\libhal_bsp.a(alt_release_fd.o)
 .debug_aranges
                0x00000408       0x20 d:/quartus_prime_lite/workspace_intel/nios_led3/nios_led3/software/led3_bsp/\libhal_bsp.a(alt_tick.o)
 .debug_aranges
                0x00000428       0x20 d:/quartus_prime_lite/workspace_intel/nios_led3/nios_led3/software/led3_bsp/\libhal_bsp.a(altera_nios2_gen2_irq.o)
 .debug_aranges
                0x00000448       0x30 d:/quartus_prime_lite/workspace_intel/nios_led3/nios_led3/software/led3_bsp/\libhal_bsp.a(alt_exception_entry.o)
 .debug_aranges
                0x00000478       0x20 d:/quartus_prime_lite/workspace_intel/nios_led3/nios_led3/software/led3_bsp/\libhal_bsp.a(alt_find_dev.o)
 .debug_aranges
                0x00000498       0x20 d:/quartus_prime_lite/workspace_intel/nios_led3/nios_led3/software/led3_bsp/\libhal_bsp.a(alt_find_file.o)
 .debug_aranges
                0x000004b8       0x20 d:/quartus_prime_lite/workspace_intel/nios_led3/nios_led3/software/led3_bsp/\libhal_bsp.a(alt_get_fd.o)
 .debug_aranges
                0x000004d8       0x28 d:/quartus_prime_lite/workspace_intel/nios_led3/nios_led3/software/led3_bsp/\libhal_bsp.a(alt_instruction_exception_entry.o)
 .debug_aranges
                0x00000500       0x20 c:/intelfpga_lite/23.1std/nios2eds/bin/gnu/h-x86_64-mingw32/bin/../lib/gcc/nios2-elf/12.3.1/../../../../../H-x86_64-mingw32/nios2-elf/lib/mno-hw-mul\libc.a(libc_a-atexit.o)
 .debug_aranges
                0x00000520       0x20 c:/intelfpga_lite/23.1std/nios2eds/bin/gnu/h-x86_64-mingw32/bin/../lib/gcc/nios2-elf/12.3.1/../../../../../H-x86_64-mingw32/nios2-elf/lib/mno-hw-mul\libc.a(libc_a-exit.o)
 .debug_aranges
                0x00000540       0x20 c:/intelfpga_lite/23.1std/nios2eds/bin/gnu/h-x86_64-mingw32/bin/../lib/gcc/nios2-elf/12.3.1/../../../../../H-x86_64-mingw32/nios2-elf/lib/mno-hw-mul\libc.a(libc_a-memcmp.o)
 .debug_aranges
                0x00000560       0x20 c:/intelfpga_lite/23.1std/nios2eds/bin/gnu/h-x86_64-mingw32/bin/../lib/gcc/nios2-elf/12.3.1/../../../../../H-x86_64-mingw32/nios2-elf/lib/mno-hw-mul\libc.a(libc_a-memcpy.o)
 .debug_aranges
                0x00000580       0x20 c:/intelfpga_lite/23.1std/nios2eds/bin/gnu/h-x86_64-mingw32/bin/../lib/gcc/nios2-elf/12.3.1/../../../../../H-x86_64-mingw32/nios2-elf/lib/mno-hw-mul\libc.a(libc_a-strlen.o)
 .debug_aranges
                0x000005a0       0x18 c:/intelfpga_lite/23.1std/nios2eds/bin/gnu/h-x86_64-mingw32/bin/../lib/gcc/nios2-elf/12.3.1/../../../../../H-x86_64-mingw32/nios2-elf/lib/mno-hw-mul\libc.a(libc_a-int_errno.o)
 .debug_aranges
                0x000005b8       0x20 c:/intelfpga_lite/23.1std/nios2eds/bin/gnu/h-x86_64-mingw32/bin/../lib/gcc/nios2-elf/12.3.1/../../../../../H-x86_64-mingw32/nios2-elf/lib/mno-hw-mul\libc.a(libc_a-__atexit.o)
 .debug_aranges
                0x000005d8       0x20 c:/intelfpga_lite/23.1std/nios2eds/bin/gnu/h-x86_64-mingw32/bin/../lib/gcc/nios2-elf/12.3.1/../../../../../H-x86_64-mingw32/nios2-elf/lib/mno-hw-mul\libc.a(libc_a-__call_atexit.o)
 .debug_aranges
                0x000005f8       0x20 d:/quartus_prime_lite/workspace_intel/nios_led3/nios_led3/software/led3_bsp/\libhal_bsp.a(alt_exit.o)

.debug_pubnames
 *(.debug_pubnames)

.debug_info     0x00000000     0x63a3
 *(.debug_info .gnu.linkonce.wi.*)
 .debug_info    0x00000000       0x3f d:/quartus_prime_lite/workspace_intel/nios_led3/nios_led3/software/led3_bsp//obj/HAL/src/crt0.o
 .debug_info    0x0000003f      0x139 obj/default/gpio_drv.o
 .debug_info    0x00000178      0x300 obj/default/led3_test.o
 .debug_info    0x00000478       0xcf obj/default/timer_drv.o
 .debug_info    0x00000547       0xc6 obj/default/uart_drv.o
 .debug_info    0x0000060d      0x347 c:/intelfpga_lite/23.1std/nios2eds/bin/gnu/h-x86_64-mingw32/bin/../lib/gcc/nios2-elf/12.3.1/mno-hw-mul\libgcc.a(lib2-divmod.o)
 .debug_info    0x00000954      0x144 d:/quartus_prime_lite/workspace_intel/nios_led3/nios_led3/software/led3_bsp/\libhal_bsp.a(alt_load.o)
 .debug_info    0x00000a98      0x19d d:/quartus_prime_lite/workspace_intel/nios_led3/nios_led3/software/led3_bsp/\libhal_bsp.a(alt_main.o)
 .debug_info    0x00000c35      0x596 d:/quartus_prime_lite/workspace_intel/nios_led3/nios_led3/software/led3_bsp/\libhal_bsp.a(alt_sys_init.o)
 .debug_info    0x000011cb      0x593 d:/quartus_prime_lite/workspace_intel/nios_led3/nios_led3/software/led3_bsp/\libhal_bsp.a(altera_avalon_jtag_uart_fd.o)
 .debug_info    0x0000175e      0x421 d:/quartus_prime_lite/workspace_intel/nios_led3/nios_led3/software/led3_bsp/\libhal_bsp.a(altera_avalon_jtag_uart_init.o)
 .debug_info    0x00001b7f      0x25f d:/quartus_prime_lite/workspace_intel/nios_led3/nios_led3/software/led3_bsp/\libhal_bsp.a(altera_avalon_jtag_uart_ioctl.o)
 .debug_info    0x00001dde      0x358 d:/quartus_prime_lite/workspace_intel/nios_led3/nios_led3/software/led3_bsp/\libhal_bsp.a(altera_avalon_jtag_uart_read.o)
 .debug_info    0x00002136      0x354 d:/quartus_prime_lite/workspace_intel/nios_led3/nios_led3/software/led3_bsp/\libhal_bsp.a(altera_avalon_jtag_uart_write.o)
 .debug_info    0x0000248a      0x21d d:/quartus_prime_lite/workspace_intel/nios_led3/nios_led3/software/led3_bsp/\libhal_bsp.a(altera_avalon_timer_sc.o)
 .debug_info    0x000026a7      0x2b9 d:/quartus_prime_lite/workspace_intel/nios_led3/nios_led3/software/led3_bsp/\libhal_bsp.a(alt_alarm_start.o)
 .debug_info    0x00002960      0x32f d:/quartus_prime_lite/workspace_intel/nios_led3/nios_led3/software/led3_bsp/\libhal_bsp.a(alt_close.o)
 .debug_info    0x00002c8f       0x8d d:/quartus_prime_lite/workspace_intel/nios_led3/nios_led3/software/led3_bsp/\libhal_bsp.a(alt_dcache_flush_all.o)
 .debug_info    0x00002d1c      0x567 d:/quartus_prime_lite/workspace_intel/nios_led3/nios_led3/software/led3_bsp/\libhal_bsp.a(alt_dev.o)
 .debug_info    0x00003283      0x1a8 d:/quartus_prime_lite/workspace_intel/nios_led3/nios_led3/software/led3_bsp/\libhal_bsp.a(alt_dev_llist_insert.o)
 .debug_info    0x0000342b       0x83 d:/quartus_prime_lite/workspace_intel/nios_led3/nios_led3/software/led3_bsp/\libhal_bsp.a(alt_do_ctors.o)
 .debug_info    0x000034ae       0x83 d:/quartus_prime_lite/workspace_intel/nios_led3/nios_led3/software/led3_bsp/\libhal_bsp.a(alt_do_dtors.o)
 .debug_info    0x00003531       0xa8 d:/quartus_prime_lite/workspace_intel/nios_led3/nios_led3/software/led3_bsp/\libhal_bsp.a(alt_errno.o)
 .debug_info    0x000035d9       0x8d d:/quartus_prime_lite/workspace_intel/nios_led3/nios_led3/software/led3_bsp/\libhal_bsp.a(alt_icache_flush_all.o)
 .debug_info    0x00003666      0x339 d:/quartus_prime_lite/workspace_intel/nios_led3/nios_led3/software/led3_bsp/\libhal_bsp.a(alt_iic.o)
 .debug_info    0x0000399f      0x218 d:/quartus_prime_lite/workspace_intel/nios_led3/nios_led3/software/led3_bsp/\libhal_bsp.a(alt_iic_isr_register.o)
 .debug_info    0x00003bb7      0x561 d:/quartus_prime_lite/workspace_intel/nios_led3/nios_led3/software/led3_bsp/\libhal_bsp.a(alt_io_redirect.o)
 .debug_info    0x00004118       0x22 d:/quartus_prime_lite/workspace_intel/nios_led3/nios_led3/software/led3_bsp/\libhal_bsp.a(alt_irq_entry.o)
 .debug_info    0x0000413a      0x170 d:/quartus_prime_lite/workspace_intel/nios_led3/nios_led3/software/led3_bsp/\libhal_bsp.a(alt_irq_handler.o)
 .debug_info    0x000042aa       0x88 d:/quartus_prime_lite/workspace_intel/nios_led3/nios_led3/software/led3_bsp/\libhal_bsp.a(alt_irq_vars.o)
 .debug_info    0x00004332      0x415 d:/quartus_prime_lite/workspace_intel/nios_led3/nios_led3/software/led3_bsp/\libhal_bsp.a(alt_open.o)
 .debug_info    0x00004747      0x2ac d:/quartus_prime_lite/workspace_intel/nios_led3/nios_led3/software/led3_bsp/\libhal_bsp.a(alt_release_fd.o)
 .debug_info    0x000049f3      0x29e d:/quartus_prime_lite/workspace_intel/nios_led3/nios_led3/software/led3_bsp/\libhal_bsp.a(alt_tick.o)
 .debug_info    0x00004c91       0x8d d:/quartus_prime_lite/workspace_intel/nios_led3/nios_led3/software/led3_bsp/\libhal_bsp.a(altera_nios2_gen2_irq.o)
 .debug_info    0x00004d1e       0x22 d:/quartus_prime_lite/workspace_intel/nios_led3/nios_led3/software/led3_bsp/\libhal_bsp.a(alt_exception_entry.o)
 .debug_info    0x00004d40      0x323 d:/quartus_prime_lite/workspace_intel/nios_led3/nios_led3/software/led3_bsp/\libhal_bsp.a(alt_find_dev.o)
 .debug_info    0x00005063      0x324 d:/quartus_prime_lite/workspace_intel/nios_led3/nios_led3/software/led3_bsp/\libhal_bsp.a(alt_find_file.o)
 .debug_info    0x00005387      0x309 d:/quartus_prime_lite/workspace_intel/nios_led3/nios_led3/software/led3_bsp/\libhal_bsp.a(alt_get_fd.o)
 .debug_info    0x00005690      0x1e8 d:/quartus_prime_lite/workspace_intel/nios_led3/nios_led3/software/led3_bsp/\libhal_bsp.a(alt_instruction_exception_entry.o)
 .debug_info    0x00005878      0x118 c:/intelfpga_lite/23.1std/nios2eds/bin/gnu/h-x86_64-mingw32/bin/../lib/gcc/nios2-elf/12.3.1/../../../../../H-x86_64-mingw32/nios2-elf/lib/mno-hw-mul\libc.a(libc_a-atexit.o)
 .debug_info    0x00005990      0x115 c:/intelfpga_lite/23.1std/nios2eds/bin/gnu/h-x86_64-mingw32/bin/../lib/gcc/nios2-elf/12.3.1/../../../../../H-x86_64-mingw32/nios2-elf/lib/mno-hw-mul\libc.a(libc_a-exit.o)
 .debug_info    0x00005aa5      0x12b c:/intelfpga_lite/23.1std/nios2eds/bin/gnu/h-x86_64-mingw32/bin/../lib/gcc/nios2-elf/12.3.1/../../../../../H-x86_64-mingw32/nios2-elf/lib/mno-hw-mul\libc.a(libc_a-memcmp.o)
 .debug_info    0x00005bd0      0x157 c:/intelfpga_lite/23.1std/nios2eds/bin/gnu/h-x86_64-mingw32/bin/../lib/gcc/nios2-elf/12.3.1/../../../../../H-x86_64-mingw32/nios2-elf/lib/mno-hw-mul\libc.a(libc_a-memcpy.o)
 .debug_info    0x00005d27       0xeb c:/intelfpga_lite/23.1std/nios2eds/bin/gnu/h-x86_64-mingw32/bin/../lib/gcc/nios2-elf/12.3.1/../../../../../H-x86_64-mingw32/nios2-elf/lib/mno-hw-mul\libc.a(libc_a-strlen.o)
 .debug_info    0x00005e12       0x85 c:/intelfpga_lite/23.1std/nios2eds/bin/gnu/h-x86_64-mingw32/bin/../lib/gcc/nios2-elf/12.3.1/../../../../../H-x86_64-mingw32/nios2-elf/lib/mno-hw-mul\libc.a(libc_a-int_errno.o)
 .debug_info    0x00005e97      0x1f9 c:/intelfpga_lite/23.1std/nios2eds/bin/gnu/h-x86_64-mingw32/bin/../lib/gcc/nios2-elf/12.3.1/../../../../../H-x86_64-mingw32/nios2-elf/lib/mno-hw-mul\libc.a(libc_a-__atexit.o)
 .debug_info    0x00006090      0x231 c:/intelfpga_lite/23.1std/nios2eds/bin/gnu/h-x86_64-mingw32/bin/../lib/gcc/nios2-elf/12.3.1/../../../../../H-x86_64-mingw32/nios2-elf/lib/mno-hw-mul\libc.a(libc_a-__call_atexit.o)
 .debug_info    0x000062c1       0xe2 d:/quartus_prime_lite/workspace_intel/nios_led3/nios_led3/software/led3_bsp/\libhal_bsp.a(alt_exit.o)

.debug_abbrev   0x00000000     0x2e9b
 *(.debug_abbrev)
 .debug_abbrev  0x00000000       0x1f d:/quartus_prime_lite/workspace_intel/nios_led3/nios_led3/software/led3_bsp//obj/HAL/src/crt0.o
 .debug_abbrev  0x0000001f       0xdb obj/default/gpio_drv.o
 .debug_abbrev  0x000000fa      0x172 obj/default/led3_test.o
 .debug_abbrev  0x0000026c       0x8c obj/default/timer_drv.o
 .debug_abbrev  0x000002f8       0x86 obj/default/uart_drv.o
 .debug_abbrev  0x0000037e      0x10c c:/intelfpga_lite/23.1std/nios2eds/bin/gnu/h-x86_64-mingw32/bin/../lib/gcc/nios2-elf/12.3.1/mno-hw-mul\libgcc.a(lib2-divmod.o)
 .debug_abbrev  0x0000048a       0xc2 d:/quartus_prime_lite/workspace_intel/nios_led3/nios_led3/software/led3_bsp/\libhal_bsp.a(alt_load.o)
 .debug_abbrev  0x0000054c       0xfb d:/quartus_prime_lite/workspace_intel/nios_led3/nios_led3/software/led3_bsp/\libhal_bsp.a(alt_main.o)
 .debug_abbrev  0x00000647      0x1e8 d:/quartus_prime_lite/workspace_intel/nios_led3/nios_led3/software/led3_bsp/\libhal_bsp.a(alt_sys_init.o)
 .debug_abbrev  0x0000082f      0x166 d:/quartus_prime_lite/workspace_intel/nios_led3/nios_led3/software/led3_bsp/\libhal_bsp.a(altera_avalon_jtag_uart_fd.o)
 .debug_abbrev  0x00000995      0x1e4 d:/quartus_prime_lite/workspace_intel/nios_led3/nios_led3/software/led3_bsp/\libhal_bsp.a(altera_avalon_jtag_uart_init.o)
 .debug_abbrev  0x00000b79      0x114 d:/quartus_prime_lite/workspace_intel/nios_led3/nios_led3/software/led3_bsp/\libhal_bsp.a(altera_avalon_jtag_uart_ioctl.o)
 .debug_abbrev  0x00000c8d      0x1d1 d:/quartus_prime_lite/workspace_intel/nios_led3/nios_led3/software/led3_bsp/\libhal_bsp.a(altera_avalon_jtag_uart_read.o)
 .debug_abbrev  0x00000e5e      0x1cf d:/quartus_prime_lite/workspace_intel/nios_led3/nios_led3/software/led3_bsp/\libhal_bsp.a(altera_avalon_jtag_uart_write.o)
 .debug_abbrev  0x0000102d      0x18f d:/quartus_prime_lite/workspace_intel/nios_led3/nios_led3/software/led3_bsp/\libhal_bsp.a(altera_avalon_timer_sc.o)
 .debug_abbrev  0x000011bc      0x191 d:/quartus_prime_lite/workspace_intel/nios_led3/nios_led3/software/led3_bsp/\libhal_bsp.a(alt_alarm_start.o)
 .debug_abbrev  0x0000134d      0x147 d:/quartus_prime_lite/workspace_intel/nios_led3/nios_led3/software/led3_bsp/\libhal_bsp.a(alt_close.o)
 .debug_abbrev  0x00001494       0x43 d:/quartus_prime_lite/workspace_intel/nios_led3/nios_led3/software/led3_bsp/\libhal_bsp.a(alt_dcache_flush_all.o)
 .debug_abbrev  0x000014d7      0x11b d:/quartus_prime_lite/workspace_intel/nios_led3/nios_led3/software/led3_bsp/\libhal_bsp.a(alt_dev.o)
 .debug_abbrev  0x000015f2      0x12b d:/quartus_prime_lite/workspace_intel/nios_led3/nios_led3/software/led3_bsp/\libhal_bsp.a(alt_dev_llist_insert.o)
 .debug_abbrev  0x0000171d       0x83 d:/quartus_prime_lite/workspace_intel/nios_led3/nios_led3/software/led3_bsp/\libhal_bsp.a(alt_do_ctors.o)
 .debug_abbrev  0x000017a0       0x83 d:/quartus_prime_lite/workspace_intel/nios_led3/nios_led3/software/led3_bsp/\libhal_bsp.a(alt_do_dtors.o)
 .debug_abbrev  0x00001823       0x70 d:/quartus_prime_lite/workspace_intel/nios_led3/nios_led3/software/led3_bsp/\libhal_bsp.a(alt_errno.o)
 .debug_abbrev  0x00001893       0x43 d:/quartus_prime_lite/workspace_intel/nios_led3/nios_led3/software/led3_bsp/\libhal_bsp.a(alt_icache_flush_all.o)
 .debug_abbrev  0x000018d6      0x1a9 d:/quartus_prime_lite/workspace_intel/nios_led3/nios_led3/software/led3_bsp/\libhal_bsp.a(alt_iic.o)
 .debug_abbrev  0x00001a7f      0x199 d:/quartus_prime_lite/workspace_intel/nios_led3/nios_led3/software/led3_bsp/\libhal_bsp.a(alt_iic_isr_register.o)
 .debug_abbrev  0x00001c18      0x157 d:/quartus_prime_lite/workspace_intel/nios_led3/nios_led3/software/led3_bsp/\libhal_bsp.a(alt_io_redirect.o)
 .debug_abbrev  0x00001d6f       0x12 d:/quartus_prime_lite/workspace_intel/nios_led3/nios_led3/software/led3_bsp/\libhal_bsp.a(alt_irq_entry.o)
 .debug_abbrev  0x00001d81      0x12f d:/quartus_prime_lite/workspace_intel/nios_led3/nios_led3/software/led3_bsp/\libhal_bsp.a(alt_irq_handler.o)
 .debug_abbrev  0x00001eb0       0x46 d:/quartus_prime_lite/workspace_intel/nios_led3/nios_led3/software/led3_bsp/\libhal_bsp.a(alt_irq_vars.o)
 .debug_abbrev  0x00001ef6      0x191 d:/quartus_prime_lite/workspace_intel/nios_led3/nios_led3/software/led3_bsp/\libhal_bsp.a(alt_open.o)
 .debug_abbrev  0x00002087       0xea d:/quartus_prime_lite/workspace_intel/nios_led3/nios_led3/software/led3_bsp/\libhal_bsp.a(alt_release_fd.o)
 .debug_abbrev  0x00002171      0x17f d:/quartus_prime_lite/workspace_intel/nios_led3/nios_led3/software/led3_bsp/\libhal_bsp.a(alt_tick.o)
 .debug_abbrev  0x000022f0       0x43 d:/quartus_prime_lite/workspace_intel/nios_led3/nios_led3/software/led3_bsp/\libhal_bsp.a(altera_nios2_gen2_irq.o)
 .debug_abbrev  0x00002333       0x12 d:/quartus_prime_lite/workspace_intel/nios_led3/nios_led3/software/led3_bsp/\libhal_bsp.a(alt_exception_entry.o)
 .debug_abbrev  0x00002345      0x10c d:/quartus_prime_lite/workspace_intel/nios_led3/nios_led3/software/led3_bsp/\libhal_bsp.a(alt_find_dev.o)
 .debug_abbrev  0x00002451      0x11d d:/quartus_prime_lite/workspace_intel/nios_led3/nios_led3/software/led3_bsp/\libhal_bsp.a(alt_find_file.o)
 .debug_abbrev  0x0000256e      0x124 d:/quartus_prime_lite/workspace_intel/nios_led3/nios_led3/software/led3_bsp/\libhal_bsp.a(alt_get_fd.o)
 .debug_abbrev  0x00002692       0xed d:/quartus_prime_lite/workspace_intel/nios_led3/nios_led3/software/led3_bsp/\libhal_bsp.a(alt_instruction_exception_entry.o)
 .debug_abbrev  0x0000277f       0xc1 c:/intelfpga_lite/23.1std/nios2eds/bin/gnu/h-x86_64-mingw32/bin/../lib/gcc/nios2-elf/12.3.1/../../../../../H-x86_64-mingw32/nios2-elf/lib/mno-hw-mul\libc.a(libc_a-atexit.o)
 .debug_abbrev  0x00002840       0xde c:/intelfpga_lite/23.1std/nios2eds/bin/gnu/h-x86_64-mingw32/bin/../lib/gcc/nios2-elf/12.3.1/../../../../../H-x86_64-mingw32/nios2-elf/lib/mno-hw-mul\libc.a(libc_a-exit.o)
 .debug_abbrev  0x0000291e       0x90 c:/intelfpga_lite/23.1std/nios2eds/bin/gnu/h-x86_64-mingw32/bin/../lib/gcc/nios2-elf/12.3.1/../../../../../H-x86_64-mingw32/nios2-elf/lib/mno-hw-mul\libc.a(libc_a-memcmp.o)
 .debug_abbrev  0x000029ae       0xb9 c:/intelfpga_lite/23.1std/nios2eds/bin/gnu/h-x86_64-mingw32/bin/../lib/gcc/nios2-elf/12.3.1/../../../../../H-x86_64-mingw32/nios2-elf/lib/mno-hw-mul\libc.a(libc_a-memcpy.o)
 .debug_abbrev  0x00002a67       0x90 c:/intelfpga_lite/23.1std/nios2eds/bin/gnu/h-x86_64-mingw32/bin/../lib/gcc/nios2-elf/12.3.1/../../../../../H-x86_64-mingw32/nios2-elf/lib/mno-hw-mul\libc.a(libc_a-strlen.o)
 .debug_abbrev  0x00002af7       0x39 c:/intelfpga_lite/23.1std/nios2eds/bin/gnu/h-x86_64-mingw32/bin/../lib/gcc/nios2-elf/12.3.1/../../../../../H-x86_64-mingw32/nios2-elf/lib/mno-hw-mul\libc.a(libc_a-int_errno.o)
 .debug_abbrev  0x00002b30      0x156 c:/intelfpga_lite/23.1std/nios2eds/bin/gnu/h-x86_64-mingw32/bin/../lib/gcc/nios2-elf/12.3.1/../../../../../H-x86_64-mingw32/nios2-elf/lib/mno-hw-mul\libc.a(libc_a-__atexit.o)
 .debug_abbrev  0x00002c86      0x16a c:/intelfpga_lite/23.1std/nios2eds/bin/gnu/h-x86_64-mingw32/bin/../lib/gcc/nios2-elf/12.3.1/../../../../../H-x86_64-mingw32/nios2-elf/lib/mno-hw-mul\libc.a(libc_a-__call_atexit.o)
 .debug_abbrev  0x00002df0       0xab d:/quartus_prime_lite/workspace_intel/nios_led3/nios_led3/software/led3_bsp/\libhal_bsp.a(alt_exit.o)

.debug_line     0x00000000     0x254b
 *(.debug_line)
 .debug_line    0x00000000       0x66 d:/quartus_prime_lite/workspace_intel/nios_led3/nios_led3/software/led3_bsp//obj/HAL/src/crt0.o
 .debug_line    0x00000066       0x9c obj/default/gpio_drv.o
 .debug_line    0x00000102      0x192 obj/default/led3_test.o
 .debug_line    0x00000294       0x65 obj/default/timer_drv.o
 .debug_line    0x000002f9       0x6e obj/default/uart_drv.o
 .debug_line    0x00000367      0x2e3 c:/intelfpga_lite/23.1std/nios2eds/bin/gnu/h-x86_64-mingw32/bin/../lib/gcc/nios2-elf/12.3.1/mno-hw-mul\libgcc.a(lib2-divmod.o)
 .debug_line    0x0000064a       0x8f d:/quartus_prime_lite/workspace_intel/nios_led3/nios_led3/software/led3_bsp/\libhal_bsp.a(alt_load.o)
 .debug_line    0x000006d9       0x99 d:/quartus_prime_lite/workspace_intel/nios_led3/nios_led3/software/led3_bsp/\libhal_bsp.a(alt_main.o)
 .debug_line    0x00000772       0xba d:/quartus_prime_lite/workspace_intel/nios_led3/nios_led3/software/led3_bsp/\libhal_bsp.a(alt_sys_init.o)
 .debug_line    0x0000082c       0xb2 d:/quartus_prime_lite/workspace_intel/nios_led3/nios_led3/software/led3_bsp/\libhal_bsp.a(altera_avalon_jtag_uart_fd.o)
 .debug_line    0x000008de      0x1d9 d:/quartus_prime_lite/workspace_intel/nios_led3/nios_led3/software/led3_bsp/\libhal_bsp.a(altera_avalon_jtag_uart_init.o)
 .debug_line    0x00000ab7       0xdd d:/quartus_prime_lite/workspace_intel/nios_led3/nios_led3/software/led3_bsp/\libhal_bsp.a(altera_avalon_jtag_uart_ioctl.o)
 .debug_line    0x00000b94      0x158 d:/quartus_prime_lite/workspace_intel/nios_led3/nios_led3/software/led3_bsp/\libhal_bsp.a(altera_avalon_jtag_uart_read.o)
 .debug_line    0x00000cec      0x15e d:/quartus_prime_lite/workspace_intel/nios_led3/nios_led3/software/led3_bsp/\libhal_bsp.a(altera_avalon_jtag_uart_write.o)
 .debug_line    0x00000e4a       0xb1 d:/quartus_prime_lite/workspace_intel/nios_led3/nios_led3/software/led3_bsp/\libhal_bsp.a(altera_avalon_timer_sc.o)
 .debug_line    0x00000efb       0xed d:/quartus_prime_lite/workspace_intel/nios_led3/nios_led3/software/led3_bsp/\libhal_bsp.a(alt_alarm_start.o)
 .debug_line    0x00000fe8      0x117 d:/quartus_prime_lite/workspace_intel/nios_led3/nios_led3/software/led3_bsp/\libhal_bsp.a(alt_close.o)
 .debug_line    0x000010ff       0x4e d:/quartus_prime_lite/workspace_intel/nios_led3/nios_led3/software/led3_bsp/\libhal_bsp.a(alt_dcache_flush_all.o)
 .debug_line    0x0000114d       0xa2 d:/quartus_prime_lite/workspace_intel/nios_led3/nios_led3/software/led3_bsp/\libhal_bsp.a(alt_dev.o)
 .debug_line    0x000011ef       0xca d:/quartus_prime_lite/workspace_intel/nios_led3/nios_led3/software/led3_bsp/\libhal_bsp.a(alt_dev_llist_insert.o)
 .debug_line    0x000012b9       0x69 d:/quartus_prime_lite/workspace_intel/nios_led3/nios_led3/software/led3_bsp/\libhal_bsp.a(alt_do_ctors.o)
 .debug_line    0x00001322       0x69 d:/quartus_prime_lite/workspace_intel/nios_led3/nios_led3/software/led3_bsp/\libhal_bsp.a(alt_do_dtors.o)
 .debug_line    0x0000138b       0x4c d:/quartus_prime_lite/workspace_intel/nios_led3/nios_led3/software/led3_bsp/\libhal_bsp.a(alt_errno.o)
 .debug_line    0x000013d7       0x4c d:/quartus_prime_lite/workspace_intel/nios_led3/nios_led3/software/led3_bsp/\libhal_bsp.a(alt_icache_flush_all.o)
 .debug_line    0x00001423       0xf4 d:/quartus_prime_lite/workspace_intel/nios_led3/nios_led3/software/led3_bsp/\libhal_bsp.a(alt_iic.o)
 .debug_line    0x00001517       0xbc d:/quartus_prime_lite/workspace_intel/nios_led3/nios_led3/software/led3_bsp/\libhal_bsp.a(alt_iic_isr_register.o)
 .debug_line    0x000015d3       0xd2 d:/quartus_prime_lite/workspace_intel/nios_led3/nios_led3/software/led3_bsp/\libhal_bsp.a(alt_io_redirect.o)
 .debug_line    0x000016a5       0x6b d:/quartus_prime_lite/workspace_intel/nios_led3/nios_led3/software/led3_bsp/\libhal_bsp.a(alt_irq_entry.o)
 .debug_line    0x00001710       0xb4 d:/quartus_prime_lite/workspace_intel/nios_led3/nios_led3/software/led3_bsp/\libhal_bsp.a(alt_irq_handler.o)
 .debug_line    0x000017c4       0x43 d:/quartus_prime_lite/workspace_intel/nios_led3/nios_led3/software/led3_bsp/\libhal_bsp.a(alt_irq_vars.o)
 .debug_line    0x00001807      0x159 d:/quartus_prime_lite/workspace_intel/nios_led3/nios_led3/software/led3_bsp/\libhal_bsp.a(alt_open.o)
 .debug_line    0x00001960       0x77 d:/quartus_prime_lite/workspace_intel/nios_led3/nios_led3/software/led3_bsp/\libhal_bsp.a(alt_release_fd.o)
 .debug_line    0x000019d7       0xf2 d:/quartus_prime_lite/workspace_intel/nios_led3/nios_led3/software/led3_bsp/\libhal_bsp.a(alt_tick.o)
 .debug_line    0x00001ac9       0x51 d:/quartus_prime_lite/workspace_intel/nios_led3/nios_led3/software/led3_bsp/\libhal_bsp.a(altera_nios2_gen2_irq.o)
 .debug_line    0x00001b1a       0x9d d:/quartus_prime_lite/workspace_intel/nios_led3/nios_led3/software/led3_bsp/\libhal_bsp.a(alt_exception_entry.o)
 .debug_line    0x00001bb7       0xa1 d:/quartus_prime_lite/workspace_intel/nios_led3/nios_led3/software/led3_bsp/\libhal_bsp.a(alt_find_dev.o)
 .debug_line    0x00001c58       0xd7 d:/quartus_prime_lite/workspace_intel/nios_led3/nios_led3/software/led3_bsp/\libhal_bsp.a(alt_find_file.o)
 .debug_line    0x00001d2f       0xb3 d:/quartus_prime_lite/workspace_intel/nios_led3/nios_led3/software/led3_bsp/\libhal_bsp.a(alt_get_fd.o)
 .debug_line    0x00001de2       0x9b d:/quartus_prime_lite/workspace_intel/nios_led3/nios_led3/software/led3_bsp/\libhal_bsp.a(alt_instruction_exception_entry.o)
 .debug_line    0x00001e7d       0x65 c:/intelfpga_lite/23.1std/nios2eds/bin/gnu/h-x86_64-mingw32/bin/../lib/gcc/nios2-elf/12.3.1/../../../../../H-x86_64-mingw32/nios2-elf/lib/mno-hw-mul\libc.a(libc_a-atexit.o)
 .debug_line    0x00001ee2       0x93 c:/intelfpga_lite/23.1std/nios2eds/bin/gnu/h-x86_64-mingw32/bin/../lib/gcc/nios2-elf/12.3.1/../../../../../H-x86_64-mingw32/nios2-elf/lib/mno-hw-mul\libc.a(libc_a-exit.o)
 .debug_line    0x00001f75       0xe1 c:/intelfpga_lite/23.1std/nios2eds/bin/gnu/h-x86_64-mingw32/bin/../lib/gcc/nios2-elf/12.3.1/../../../../../H-x86_64-mingw32/nios2-elf/lib/mno-hw-mul\libc.a(libc_a-memcmp.o)
 .debug_line    0x00002056      0x131 c:/intelfpga_lite/23.1std/nios2eds/bin/gnu/h-x86_64-mingw32/bin/../lib/gcc/nios2-elf/12.3.1/../../../../../H-x86_64-mingw32/nios2-elf/lib/mno-hw-mul\libc.a(libc_a-memcpy.o)
 .debug_line    0x00002187       0xc6 c:/intelfpga_lite/23.1std/nios2eds/bin/gnu/h-x86_64-mingw32/bin/../lib/gcc/nios2-elf/12.3.1/../../../../../H-x86_64-mingw32/nios2-elf/lib/mno-hw-mul\libc.a(libc_a-strlen.o)
 .debug_line    0x0000224d       0x3a c:/intelfpga_lite/23.1std/nios2eds/bin/gnu/h-x86_64-mingw32/bin/../lib/gcc/nios2-elf/12.3.1/../../../../../H-x86_64-mingw32/nios2-elf/lib/mno-hw-mul\libc.a(libc_a-int_errno.o)
 .debug_line    0x00002287       0xe8 c:/intelfpga_lite/23.1std/nios2eds/bin/gnu/h-x86_64-mingw32/bin/../lib/gcc/nios2-elf/12.3.1/../../../../../H-x86_64-mingw32/nios2-elf/lib/mno-hw-mul\libc.a(libc_a-__atexit.o)
 .debug_line    0x0000236f      0x162 c:/intelfpga_lite/23.1std/nios2eds/bin/gnu/h-x86_64-mingw32/bin/../lib/gcc/nios2-elf/12.3.1/../../../../../H-x86_64-mingw32/nios2-elf/lib/mno-hw-mul\libc.a(libc_a-__call_atexit.o)
 .debug_line    0x000024d1       0x7a d:/quartus_prime_lite/workspace_intel/nios_led3/nios_led3/software/led3_bsp/\libhal_bsp.a(alt_exit.o)

.debug_frame    0x00000000      0xc68
 *(.debug_frame)
 .debug_frame   0x00000000       0x58 obj/default/gpio_drv.o
 .debug_frame   0x00000058       0xec obj/default/led3_test.o
 .debug_frame   0x00000144       0x34 obj/default/timer_drv.o
 .debug_frame   0x00000178       0x34 obj/default/uart_drv.o
 .debug_frame   0x000001ac       0x50 c:/intelfpga_lite/23.1std/nios2eds/bin/gnu/h-x86_64-mingw32/bin/../lib/gcc/nios2-elf/12.3.1/mno-hw-mul\libgcc.a(lib2-divmod.o)
 .debug_frame   0x000001fc       0x5c d:/quartus_prime_lite/workspace_intel/nios_led3/nios_led3/software/led3_bsp/\libhal_bsp.a(alt_load.o)
 .debug_frame   0x00000258       0x2c d:/quartus_prime_lite/workspace_intel/nios_led3/nios_led3/software/led3_bsp/\libhal_bsp.a(alt_main.o)
 .debug_frame   0x00000284       0x88 d:/quartus_prime_lite/workspace_intel/nios_led3/nios_led3/software/led3_bsp/\libhal_bsp.a(alt_sys_init.o)
 .debug_frame   0x0000030c       0xb0 d:/quartus_prime_lite/workspace_intel/nios_led3/nios_led3/software/led3_bsp/\libhal_bsp.a(altera_avalon_jtag_uart_fd.o)
 .debug_frame   0x000003bc       0xa4 d:/quartus_prime_lite/workspace_intel/nios_led3/nios_led3/software/led3_bsp/\libhal_bsp.a(altera_avalon_jtag_uart_init.o)
 .debug_frame   0x00000460       0x34 d:/quartus_prime_lite/workspace_intel/nios_led3/nios_led3/software/led3_bsp/\libhal_bsp.a(altera_avalon_jtag_uart_ioctl.o)
 .debug_frame   0x00000494       0x38 d:/quartus_prime_lite/workspace_intel/nios_led3/nios_led3/software/led3_bsp/\libhal_bsp.a(altera_avalon_jtag_uart_read.o)
 .debug_frame   0x000004cc       0x38 d:/quartus_prime_lite/workspace_intel/nios_led3/nios_led3/software/led3_bsp/\libhal_bsp.a(altera_avalon_jtag_uart_write.o)
 .debug_frame   0x00000504       0x60 d:/quartus_prime_lite/workspace_intel/nios_led3/nios_led3/software/led3_bsp/\libhal_bsp.a(altera_avalon_timer_sc.o)
 .debug_frame   0x00000564       0x34 d:/quartus_prime_lite/workspace_intel/nios_led3/nios_led3/software/led3_bsp/\libhal_bsp.a(alt_alarm_start.o)
 .debug_frame   0x00000598       0x60 d:/quartus_prime_lite/workspace_intel/nios_led3/nios_led3/software/led3_bsp/\libhal_bsp.a(alt_close.o)
 .debug_frame   0x000005f8       0x34 d:/quartus_prime_lite/workspace_intel/nios_led3/nios_led3/software/led3_bsp/\libhal_bsp.a(alt_dcache_flush_all.o)
 .debug_frame   0x0000062c       0x34 d:/quartus_prime_lite/workspace_intel/nios_led3/nios_led3/software/led3_bsp/\libhal_bsp.a(alt_dev.o)
 .debug_frame   0x00000660       0x60 d:/quartus_prime_lite/workspace_intel/nios_led3/nios_led3/software/led3_bsp/\libhal_bsp.a(alt_dev_llist_insert.o)
 .debug_frame   0x000006c0       0x38 d:/quartus_prime_lite/workspace_intel/nios_led3/nios_led3/software/led3_bsp/\libhal_bsp.a(alt_do_ctors.o)
 .debug_frame   0x000006f8       0x38 d:/quartus_prime_lite/workspace_intel/nios_led3/nios_led3/software/led3_bsp/\libhal_bsp.a(alt_do_dtors.o)
 .debug_frame   0x00000730       0x34 d:/quartus_prime_lite/workspace_intel/nios_led3/nios_led3/software/led3_bsp/\libhal_bsp.a(alt_icache_flush_all.o)
 .debug_frame   0x00000764       0xa4 d:/quartus_prime_lite/workspace_intel/nios_led3/nios_led3/software/led3_bsp/\libhal_bsp.a(alt_iic.o)
 .debug_frame   0x00000808       0x38 d:/quartus_prime_lite/workspace_intel/nios_led3/nios_led3/software/led3_bsp/\libhal_bsp.a(alt_iic_isr_register.o)
 .debug_frame   0x00000840       0x60 d:/quartus_prime_lite/workspace_intel/nios_led3/nios_led3/software/led3_bsp/\libhal_bsp.a(alt_io_redirect.o)
 .debug_frame   0x000008a0       0x38 d:/quartus_prime_lite/workspace_intel/nios_led3/nios_led3/software/led3_bsp/\libhal_bsp.a(alt_irq_handler.o)
 .debug_frame   0x000008d8       0x84 d:/quartus_prime_lite/workspace_intel/nios_led3/nios_led3/software/led3_bsp/\libhal_bsp.a(alt_open.o)
 .debug_frame   0x0000095c       0x34 d:/quartus_prime_lite/workspace_intel/nios_led3/nios_led3/software/led3_bsp/\libhal_bsp.a(alt_release_fd.o)
 .debug_frame   0x00000990       0x64 d:/quartus_prime_lite/workspace_intel/nios_led3/nios_led3/software/led3_bsp/\libhal_bsp.a(alt_tick.o)
 .debug_frame   0x000009f4       0x34 d:/quartus_prime_lite/workspace_intel/nios_led3/nios_led3/software/led3_bsp/\libhal_bsp.a(altera_nios2_gen2_irq.o)
 .debug_frame   0x00000a28       0x38 d:/quartus_prime_lite/workspace_intel/nios_led3/nios_led3/software/led3_bsp/\libhal_bsp.a(alt_find_dev.o)
 .debug_frame   0x00000a60       0x38 d:/quartus_prime_lite/workspace_intel/nios_led3/nios_led3/software/led3_bsp/\libhal_bsp.a(alt_find_file.o)
 .debug_frame   0x00000a98       0x34 d:/quartus_prime_lite/workspace_intel/nios_led3/nios_led3/software/led3_bsp/\libhal_bsp.a(alt_get_fd.o)
 .debug_frame   0x00000acc       0x5c d:/quartus_prime_lite/workspace_intel/nios_led3/nios_led3/software/led3_bsp/\libhal_bsp.a(alt_instruction_exception_entry.o)
 .debug_frame   0x00000b28       0x20 c:/intelfpga_lite/23.1std/nios2eds/bin/gnu/h-x86_64-mingw32/bin/../lib/gcc/nios2-elf/12.3.1/../../../../../H-x86_64-mingw32/nios2-elf/lib/mno-hw-mul\libc.a(libc_a-atexit.o)
 .debug_frame   0x00000b48       0x28 c:/intelfpga_lite/23.1std/nios2eds/bin/gnu/h-x86_64-mingw32/bin/../lib/gcc/nios2-elf/12.3.1/../../../../../H-x86_64-mingw32/nios2-elf/lib/mno-hw-mul\libc.a(libc_a-exit.o)
 .debug_frame   0x00000b70       0x20 c:/intelfpga_lite/23.1std/nios2eds/bin/gnu/h-x86_64-mingw32/bin/../lib/gcc/nios2-elf/12.3.1/../../../../../H-x86_64-mingw32/nios2-elf/lib/mno-hw-mul\libc.a(libc_a-memcmp.o)
 .debug_frame   0x00000b90       0x20 c:/intelfpga_lite/23.1std/nios2eds/bin/gnu/h-x86_64-mingw32/bin/../lib/gcc/nios2-elf/12.3.1/../../../../../H-x86_64-mingw32/nios2-elf/lib/mno-hw-mul\libc.a(libc_a-memcpy.o)
 .debug_frame   0x00000bb0       0x20 c:/intelfpga_lite/23.1std/nios2eds/bin/gnu/h-x86_64-mingw32/bin/../lib/gcc/nios2-elf/12.3.1/../../../../../H-x86_64-mingw32/nios2-elf/lib/mno-hw-mul\libc.a(libc_a-strlen.o)
 .debug_frame   0x00000bd0       0x20 c:/intelfpga_lite/23.1std/nios2eds/bin/gnu/h-x86_64-mingw32/bin/../lib/gcc/nios2-elf/12.3.1/../../../../../H-x86_64-mingw32/nios2-elf/lib/mno-hw-mul\libc.a(libc_a-__atexit.o)
 .debug_frame   0x00000bf0       0x4c c:/intelfpga_lite/23.1std/nios2eds/bin/gnu/h-x86_64-mingw32/bin/../lib/gcc/nios2-elf/12.3.1/../../../../../H-x86_64-mingw32/nios2-elf/lib/mno-hw-mul\libc.a(libc_a-__call_atexit.o)
 .debug_frame   0x00000c3c       0x2c d:/quartus_prime_lite/workspace_intel/nios_led3/nios_led3/software/led3_bsp/\libhal_bsp.a(alt_exit.o)

.debug_str      0x00000000     0x12b6
 *(.debug_str)
 .debug_str     0x00000000       0x72 d:/quartus_prime_lite/workspace_intel/nios_led3/nios_led3/software/led3_bsp//obj/HAL/src/crt0.o
                                 0x79 (size before relaxing)
 .debug_str     0x00000072       0xe7 obj/default/gpio_drv.o
                                0x120 (size before relaxing)
 .debug_str     0x00000159       0xdc obj/default/led3_test.o
                                0x1ed (size before relaxing)
 .debug_str     0x00000235        0xd obj/default/timer_drv.o
                                0x101 (size before relaxing)
 .debug_str     0x00000242       0x11 obj/default/uart_drv.o
                                 0xfb (size before relaxing)
 .debug_str     0x00000253       0xd7 c:/intelfpga_lite/23.1std/nios2eds/bin/gnu/h-x86_64-mingw32/bin/../lib/gcc/nios2-elf/12.3.1/mno-hw-mul\libgcc.a(lib2-divmod.o)
                                0x122 (size before relaxing)
 .debug_str     0x0000032a      0x10c d:/quartus_prime_lite/workspace_intel/nios_led3/nios_led3/software/led3_bsp/\libhal_bsp.a(alt_load.o)
                                0x1f0 (size before relaxing)
 .debug_str     0x00000436       0x6f d:/quartus_prime_lite/workspace_intel/nios_led3/nios_led3/software/led3_bsp/\libhal_bsp.a(alt_main.o)
                                0x175 (size before relaxing)
 .debug_str     0x000004a5      0x26e d:/quartus_prime_lite/workspace_intel/nios_led3/nios_led3/software/led3_bsp/\libhal_bsp.a(alt_sys_init.o)
                                0x3db (size before relaxing)
 .debug_str     0x00000713       0x84 d:/quartus_prime_lite/workspace_intel/nios_led3/nios_led3/software/led3_bsp/\libhal_bsp.a(altera_avalon_jtag_uart_fd.o)
                                0x390 (size before relaxing)
 .debug_str     0x00000797       0xb4 d:/quartus_prime_lite/workspace_intel/nios_led3/nios_led3/software/led3_bsp/\libhal_bsp.a(altera_avalon_jtag_uart_init.o)
                                0x2f4 (size before relaxing)
 .debug_str     0x0000084b      0x1fe d:/quartus_prime_lite/workspace_intel/nios_led3/nios_led3/software/led3_bsp/\libhal_bsp.a(altera_avalon_jtag_uart_ioctl.o)
 .debug_str     0x0000084b       0x3e d:/quartus_prime_lite/workspace_intel/nios_led3/nios_led3/software/led3_bsp/\libhal_bsp.a(altera_avalon_jtag_uart_read.o)
                                0x269 (size before relaxing)
 .debug_str     0x00000889        0x6 d:/quartus_prime_lite/workspace_intel/nios_led3/nios_led3/software/led3_bsp/\libhal_bsp.a(altera_avalon_jtag_uart_write.o)
                                0x269 (size before relaxing)
 .debug_str     0x0000088f       0x3d d:/quartus_prime_lite/workspace_intel/nios_led3/nios_led3/software/led3_bsp/\libhal_bsp.a(altera_avalon_timer_sc.o)
                                0x1da (size before relaxing)
 .debug_str     0x000008cc       0x3b d:/quartus_prime_lite/workspace_intel/nios_led3/nios_led3/software/led3_bsp/\libhal_bsp.a(alt_alarm_start.o)
                                0x223 (size before relaxing)
 .debug_str     0x00000907       0x3f d:/quartus_prime_lite/workspace_intel/nios_led3/nios_led3/software/led3_bsp/\libhal_bsp.a(alt_close.o)
                                0x1c0 (size before relaxing)
 .debug_str     0x00000946       0xfd d:/quartus_prime_lite/workspace_intel/nios_led3/nios_led3/software/led3_bsp/\libhal_bsp.a(alt_dcache_flush_all.o)
 .debug_str     0x00000946      0x137 d:/quartus_prime_lite/workspace_intel/nios_led3/nios_led3/software/led3_bsp/\libhal_bsp.a(alt_dev.o)
                                0x319 (size before relaxing)
 .debug_str     0x00000a7d      0x174 d:/quartus_prime_lite/workspace_intel/nios_led3/nios_led3/software/led3_bsp/\libhal_bsp.a(alt_dev_llist_insert.o)
 .debug_str     0x00000a7d       0x27 d:/quartus_prime_lite/workspace_intel/nios_led3/nios_led3/software/led3_bsp/\libhal_bsp.a(alt_do_ctors.o)
                                 0x89 (size before relaxing)
 .debug_str     0x00000aa4       0x2b d:/quartus_prime_lite/workspace_intel/nios_led3/nios_led3/software/led3_bsp/\libhal_bsp.a(alt_do_dtors.o)
                                 0x88 (size before relaxing)
 .debug_str     0x00000acf        0x8 d:/quartus_prime_lite/workspace_intel/nios_led3/nios_led3/software/led3_bsp/\libhal_bsp.a(alt_errno.o)
                                 0xfa (size before relaxing)
 .debug_str     0x00000ad7       0xfd d:/quartus_prime_lite/workspace_intel/nios_led3/nios_led3/software/led3_bsp/\libhal_bsp.a(alt_icache_flush_all.o)
 .debug_str     0x00000ad7       0x94 d:/quartus_prime_lite/workspace_intel/nios_led3/nios_led3/software/led3_bsp/\libhal_bsp.a(alt_iic.o)
                                0x1f6 (size before relaxing)
 .debug_str     0x00000b6b       0x18 d:/quartus_prime_lite/workspace_intel/nios_led3/nios_led3/software/led3_bsp/\libhal_bsp.a(alt_iic_isr_register.o)
                                0x1b5 (size before relaxing)
 .debug_str     0x00000b83       0x2c d:/quartus_prime_lite/workspace_intel/nios_led3/nios_led3/software/led3_bsp/\libhal_bsp.a(alt_io_redirect.o)
                                0x324 (size before relaxing)
 .debug_str     0x00000baf       0x18 d:/quartus_prime_lite/workspace_intel/nios_led3/nios_led3/software/led3_bsp/\libhal_bsp.a(alt_irq_entry.o)
                                 0x73 (size before relaxing)
 .debug_str     0x00000bc7       0x20 d:/quartus_prime_lite/workspace_intel/nios_led3/nios_led3/software/led3_bsp/\libhal_bsp.a(alt_irq_handler.o)
                                0x144 (size before relaxing)
 .debug_str     0x00000be7       0x12 d:/quartus_prime_lite/workspace_intel/nios_led3/nios_led3/software/led3_bsp/\libhal_bsp.a(alt_irq_vars.o)
                                 0xf3 (size before relaxing)
 .debug_str     0x00000bf9       0x42 d:/quartus_prime_lite/workspace_intel/nios_led3/nios_led3/software/led3_bsp/\libhal_bsp.a(alt_open.o)
                                0x234 (size before relaxing)
 .debug_str     0x00000c3b      0x17d d:/quartus_prime_lite/workspace_intel/nios_led3/nios_led3/software/led3_bsp/\libhal_bsp.a(alt_release_fd.o)
 .debug_str     0x00000c3b       0x2e d:/quartus_prime_lite/workspace_intel/nios_led3/nios_led3/software/led3_bsp/\libhal_bsp.a(alt_tick.o)
                                0x1fe (size before relaxing)
 .debug_str     0x00000c69      0x103 d:/quartus_prime_lite/workspace_intel/nios_led3/nios_led3/software/led3_bsp/\libhal_bsp.a(altera_nios2_gen2_irq.o)
 .debug_str     0x00000c69       0x1e d:/quartus_prime_lite/workspace_intel/nios_led3/nios_led3/software/led3_bsp/\libhal_bsp.a(alt_exception_entry.o)
                                 0x79 (size before relaxing)
 .debug_str     0x00000c87        0xe d:/quartus_prime_lite/workspace_intel/nios_led3/nios_led3/software/led3_bsp/\libhal_bsp.a(alt_find_dev.o)
                                0x1a4 (size before relaxing)
 .debug_str     0x00000c95      0x1b1 d:/quartus_prime_lite/workspace_intel/nios_led3/nios_led3/software/led3_bsp/\libhal_bsp.a(alt_find_file.o)
 .debug_str     0x00000c95       0x10 d:/quartus_prime_lite/workspace_intel/nios_led3/nios_led3/software/led3_bsp/\libhal_bsp.a(alt_get_fd.o)
                                0x1c1 (size before relaxing)
 .debug_str     0x00000ca5      0x461 d:/quartus_prime_lite/workspace_intel/nios_led3/nios_led3/software/led3_bsp/\libhal_bsp.a(alt_instruction_exception_entry.o)
                                0x546 (size before relaxing)
 .debug_str     0x00001106       0xba c:/intelfpga_lite/23.1std/nios2eds/bin/gnu/h-x86_64-mingw32/bin/../lib/gcc/nios2-elf/12.3.1/../../../../../H-x86_64-mingw32/nios2-elf/lib/mno-hw-mul\libc.a(libc_a-atexit.o)
                                0x156 (size before relaxing)
 .debug_str     0x000011c0       0x26 c:/intelfpga_lite/23.1std/nios2eds/bin/gnu/h-x86_64-mingw32/bin/../lib/gcc/nios2-elf/12.3.1/../../../../../H-x86_64-mingw32/nios2-elf/lib/mno-hw-mul\libc.a(libc_a-exit.o)
                                0x141 (size before relaxing)
 .debug_str     0x000011e6      0x119 c:/intelfpga_lite/23.1std/nios2eds/bin/gnu/h-x86_64-mingw32/bin/../lib/gcc/nios2-elf/12.3.1/../../../../../H-x86_64-mingw32/nios2-elf/lib/mno-hw-mul\libc.a(libc_a-memcmp.o)
 .debug_str     0x000011e6       0x27 c:/intelfpga_lite/23.1std/nios2eds/bin/gnu/h-x86_64-mingw32/bin/../lib/gcc/nios2-elf/12.3.1/../../../../../H-x86_64-mingw32/nios2-elf/lib/mno-hw-mul\libc.a(libc_a-memcpy.o)
                                0x140 (size before relaxing)
 .debug_str     0x0000120d        0xd c:/intelfpga_lite/23.1std/nios2eds/bin/gnu/h-x86_64-mingw32/bin/../lib/gcc/nios2-elf/12.3.1/../../../../../H-x86_64-mingw32/nios2-elf/lib/mno-hw-mul\libc.a(libc_a-strlen.o)
                                0x12c (size before relaxing)
 .debug_str     0x0000121a      0x111 c:/intelfpga_lite/23.1std/nios2eds/bin/gnu/h-x86_64-mingw32/bin/../lib/gcc/nios2-elf/12.3.1/../../../../../H-x86_64-mingw32/nios2-elf/lib/mno-hw-mul\libc.a(libc_a-int_errno.o)