Archive member included to satisfy reference by file (symbol)

c:/intelfpga_lite/23.1std/nios2eds/bin/gnu/h-x86_64-mingw32/bin/../lib/gcc/nios2-elf/12.3.1/mno-hw-mul\libgcc.a(_muldi3.o)
                              obj/default/led3_test_hal.o (__muldi3)
c:/intelfpga_lite/23.1std/nios2eds/bin/gnu/h-x86_64-mingw32/bin/../lib/gcc/nios2-elf/12.3.1/mno-hw-mul\libgcc.a(_udivdi3.o)
                              obj/default/led3_test_hal.o (__udivdi3)
c:/intelfpga_lite/23.1std/nios2eds/bin/gnu/h-x86_64-mingw32/bin/../lib/gcc/nios2-elf/12.3.1/mno-hw-mul\libgcc.a(lib2-divmod.o)
                              obj/default/led3_test_hal.o (__divsi3)
c:/intelfpga_lite/23.1std/nios2eds/bin/gnu/h-x86_64-mingw32/bin/../lib/gcc/nios2-elf/12.3.1/mno-hw-mul\libgcc.a(lib2-mul.o)
                              obj/default/led3_test_hal.o (__mulsi3)
c:/intelfpga_lite/23.1std/nios2eds/bin/gnu/h-x86_64-mingw32/bin/../lib/gcc/nios2-elf/12.3.1/mno-hw-mul\libgcc.a(_clz.o)
                              c:/intelfpga_lite/23.1std/nios2eds/bin/gnu/h-x86_64-mingw32/bin/../lib/gcc/nios2-elf/12.3.1/mno-hw-mul\libgcc.a(_udivdi3.o) (__clz_tab)
c:/intelfpga_lite/23.1std/nios2eds/bin/gnu/h-x86_64-mingw32/bin/../lib/gcc/nios2-elf/12.3.1/../../../../../H-x86_64-mingw32/nios2-elf/lib/mno-hw-mul\libc.a(libc_a-printf.o)
                              obj/default/led3_test_hal.o (printf)
c:/intelfpga_lite/23.1std/nios2eds/bin/gnu/h-x86_64-mingw32/bin/../lib/gcc/nios2-elf/12.3.1/../../../../../H-x86_64-mingw32/nios2-elf/lib/mno-hw-mul\libc.a(libc_a-impure.o)
                              c:/intelfpga_lite/23.1std/nios2eds/bin/gnu/h-x86_64-mingw32/bin/../lib/gcc/nios2-elf/12.3.1/../../../../../H-x86_64-mingw32/nios2-elf/lib/mno-hw-mul\libc.a(libc_a-printf.o) (_impure_ptr)
c:/intelfpga_lite/23.1std/nios2eds/bin/gnu/h-x86_64-mingw32/bin/../lib/gcc/nios2-elf/12.3.1/../../../../../H-x86_64-mingw32/nios2-elf/lib/mno-hw-mul\libc.a(libc_a-vfprintf.o)
                              c:/intelfpga_lite/23.1std/nios2eds/bin/gnu/h-x86_64-mingw32/bin/../lib/gcc/nios2-elf/12.3.1/../../../../../H-x86_64-mingw32/nios2-elf/lib/mno-hw-mul\libc.a(libc_a-printf.o) (___vfprintf_internal_r)
c:/intelfpga_lite/23.1std/nios2eds/bin/gnu/h-x86_64-mingw32/bin/../lib/gcc/nios2-elf/12.3.1/../../../../../H-x86_64-mingw32/nios2-elf/lib/mno-hw-mul\libc.a(libc_a-vfiprintf.o)
                              c:/intelfpga_lite/23.1std/nios2eds/bin/gnu/h-x86_64-mingw32/bin/../lib/gcc/nios2-elf/12.3.1/../../../../../H-x86_64-mingw32/nios2-elf/lib/mno-hw-mul\libc.a(libc_a-vfprintf.o) (__sprint_r)
c:/intelfpga_lite/23.1std/nios2eds/bin/gnu/h-x86_64-mingw32/bin/../lib/gcc/nios2-elf/12.3.1/../../../../../H-x86_64-mingw32/nios2-elf/lib/mno-hw-mul\libc.a(libc_a-fflush.o)
                              c:/intelfpga_lite/23.1std/nios2eds/bin/gnu/h-x86_64-mingw32/bin/../lib/gcc/nios2-elf/12.3.1/../../../../../H-x86_64-mingw32/nios2-elf/lib/mno-hw-mul\libc.a(libc_a-vfprintf.o) (_fflush_r)
c:/intelfpga_lite/23.1std/nios2eds/bin/gnu/h-x86_64-mingw32/bin/../lib/gcc/nios2-elf/12.3.1/../../../../../H-x86_64-mingw32/nios2-elf/lib/mno-hw-mul\libc.a(libc_a-findfp.o)
                              c:/intelfpga_lite/23.1std/nios2eds/bin/gnu/h-x86_64-mingw32/bin/../lib/gcc/nios2-elf/12.3.1/../../../../../H-x86_64-mingw32/nios2-elf/lib/mno-hw-mul\libc.a(libc_a-fflush.o) (__sglue)
c:/intelfpga_lite/23.1std/nios2eds/bin/gnu/h-x86_64-mingw32/bin/../lib/gcc/nios2-elf/12.3.1/../../../../../H-x86_64-mingw32/nios2-elf/lib/mno-hw-mul\libc.a(libc_a-fvwrite.o)
                              c:/intelfpga_lite/23.1std/nios2eds/bin/gnu/h-x86_64-mingw32/bin/../lib/gcc/nios2-elf/12.3.1/../../../../../H-x86_64-mingw32/nios2-elf/lib/mno-hw-mul\libc.a(libc_a-vfiprintf.o) (__sfvwrite_r)
c:/intelfpga_lite/23.1std/nios2eds/bin/gnu/h-x86_64-mingw32/bin/../lib/gcc/nios2-elf/12.3.1/../../../../../H-x86_64-mingw32/nios2-elf/lib/mno-hw-mul\libc.a(libc_a-fwalk.o)
                              c:/intelfpga_lite/23.1std/nios2eds/bin/gnu/h-x86_64-mingw32/bin/../lib/gcc/nios2-elf/12.3.1/../../../../../H-x86_64-mingw32/nios2-elf/lib/mno-hw-mul\libc.a(libc_a-fflush.o) (_fwalk_sglue)
c:/intelfpga_lite/23.1std/nios2eds/bin/gnu/h-x86_64-mingw32/bin/../lib/gcc/nios2-elf/12.3.1/../../../../../H-x86_64-mingw32/nios2-elf/lib/mno-hw-mul\libc.a(libc_a-stdio.o)
                              c:/intelfpga_lite/23.1std/nios2eds/bin/gnu/h-x86_64-mingw32/bin/../lib/gcc/nios2-elf/12.3.1/../../../../../H-x86_64-mingw32/nios2-elf/lib/mno-hw-mul\libc.a(libc_a-findfp.o) (__sread)
c:/intelfpga_lite/23.1std/nios2eds/bin/gnu/h-x86_64-mingw32/bin/../lib/gcc/nios2-elf/12.3.1/../../../../../H-x86_64-mingw32/nios2-elf/lib/mno-hw-mul\libc.a(libc_a-wsetup.o)
                              c:/intelfpga_lite/23.1std/nios2eds/bin/gnu/h-x86_64-mingw32/bin/../lib/gcc/nios2-elf/12.3.1/../../../../../H-x86_64-mingw32/nios2-elf/lib/mno-hw-mul\libc.a(libc_a-vfprintf.o) (__swsetup_r)
[...]
Memory Configuration

Name             Origin             Length             Attributes
reset            0x00020000         0x00000020
RAM              0x00020020         0x00017fe0
*default*        0x00000000         0xffffffff

Linker script and memory map

LOAD d:/quartus_prime_lite/workspace_intel/nios_led3/nios_led3/software/led3_bsp//obj/HAL/src/crt0.o
LOAD obj/default/gpio_drv.o
LOAD obj/default/led3_test_hal.o
LOAD c:/intelfpga_lite/23.1std/nios2eds/bin/gnu/h-x86_64-mingw32/bin/../lib/gcc/nios2-elf/12.3.1/../../../../../H-x86_64-mingw32/nios2-elf/lib/mno-hw-mul\libstdc++.a
LOAD c:/intelfpga_lite/23.1std/nios2eds/bin/gnu/h-x86_64-mingw32/bin/../lib/gcc/nios2-elf/12.3.1/../../../../../H-x86_64-mingw32/nios2-elf/lib/mno-hw-mul\libm.a
LOAD c:/intelfpga_lite/23.1std/nios2eds/bin/gnu/h-x86_64-mingw32/bin/../lib/gcc/nios2-elf/12.3.1/mno-hw-mul\libgcc.a
START GROUP
LOAD c:/intelfpga_lite/23.1std/nios2eds/bin/gnu/h-x86_64-mingw32/bin/../lib/gcc/nios2-elf/12.3.1/../../../../../H-x86_64-mingw32/nios2-elf/lib/mno-hw-mul\libc.a
LOAD c:/intelfpga_lite/23.1std/nios2eds/bin/gnu/h-x86_64-mingw32/bin/../lib/gcc/nios2-elf/12.3.1/mno-hw-mul\libgcc.a
LOAD d:/quartus_prime_lite/workspace_intel/nios_led3/nios_led3/software/led3_bsp/\libhal_bsp.a
LOAD c:/intelfpga_lite/23.1std/nios2eds/bin/gnu/h-x86_64-mingw32/bin/../lib/gcc/nios2-elf/12.3.1/../../../../../H-x86_64-mingw32/nios2-elf/lib/mno-hw-mul\libm.a
END GROUP
LOAD c:/intelfpga_lite/23.1std/nios2eds/bin/gnu/h-x86_64-mingw32/bin/../lib/gcc/nios2-elf/12.3.1/mno-hw-mul\libgcc.a
                0x00020000                        __alt_mem_RAM = 0x20000

.entry          0x00020000       0x20
 *(.entry)
 .entry         0x00020000       0x20 d:/quartus_prime_lite/workspace_intel/nios_led3/nios_led3/software/led3_bsp//obj/HAL/src/crt0.o
                0x00020000                __reset

.exceptions     0x00020020      0x204
                0x00020020                        PROVIDE (__ram_exceptions_start = ABSOLUTE (.))
                0x00020020                        . = ALIGN (0x20)
 *(.irq)
 *(.exceptions.entry.label)
 .exceptions.entry.label
                0x00020020        0x0 d:/quartus_prime_lite/workspace_intel/nios_led3/nios_led3/software/led3_bsp/\libhal_bsp.a(alt_irq_entry.o)
                0x00020020                alt_irq_entry
 .exceptions.entry.label
                0x00020020        0x0 d:/quartus_prime_lite/workspace_intel/nios_led3/nios_led3/software/led3_bsp/\libhal_bsp.a(alt_exception_entry.o)
                0x00020020                alt_exception
 *(.exceptions.entry.user)
 *(.exceptions.entry.ecc_fatal)
 *(.exceptions.entry)
 .exceptions.entry
                0x00020020       0x54 d:/quartus_prime_lite/workspace_intel/nios_led3/nios_led3/software/led3_bsp/\libhal_bsp.a(alt_exception_entry.o)
 *(.exceptions.irqtest.user)
 *(.exceptions.irqtest)
 .exceptions.irqtest
                0x00020074       0x10 d:/quartus_prime_lite/workspace_intel/nios_led3/nios_led3/software/led3_bsp/\libhal_bsp.a(alt_irq_entry.o)
 *(.exceptions.irqhandler.user)
 *(.exceptions.irqhandler)
 .exceptions.irqhandler
                0x00020084        0x4 d:/quartus_prime_lite/workspace_intel/nios_led3/nios_led3/software/led3_bsp/\libhal_bsp.a(alt_irq_entry.o)
 *(.exceptions.irqreturn.user)
 *(.exceptions.irqreturn)
 .exceptions.irqreturn
                0x00020088        0x4 d:/quartus_prime_lite/workspace_intel/nios_led3/nios_led3/software/led3_bsp/\libhal_bsp.a(alt_irq_entry.o)
 *(.exceptions.notirq.label)
 .exceptions.notirq.label
                0x0002008c        0x0 d:/quartus_prime_lite/workspace_intel/nios_led3/nios_led3/software/led3_bsp/\libhal_bsp.a(alt_irq_entry.o)
 *(.exceptions.notirq.user)
 *(.exceptions.notirq)
 .exceptions.notirq
                0x0002008c        0x8 d:/quartus_prime_lite/workspace_intel/nios_led3/nios_led3/software/led3_bsp/\libhal_bsp.a(alt_exception_entry.o)
 *(.exceptions.soft.user)
 *(.exceptions.soft)
 *(.exceptions.unknown.user)
 *(.exceptions.unknown)
 .exceptions.unknown
                0x00020094       0x14 d:/quartus_prime_lite/workspace_intel/nios_led3/nios_led3/software/led3_bsp/\libhal_bsp.a(alt_exception_entry.o)
 *(.exceptions.exit.label)
 .exceptions.exit.label
                0x000200a8        0x0 d:/quartus_prime_lite/workspace_intel/nios_led3/nios_led3/software/led3_bsp/\libhal_bsp.a(alt_irq_entry.o)
 .exceptions.exit.label
                0x000200a8        0x0 d:/quartus_prime_lite/workspace_intel/nios_led3/nios_led3/software/led3_bsp/\libhal_bsp.a(alt_exception_entry.o)
 *(.exceptions.exit.user)
 *(.exceptions.exit)
 .exceptions.exit
                0x000200a8       0x54 d:/quartus_prime_lite/workspace_intel/nios_led3/nios_led3/software/led3_bsp/\libhal_bsp.a(alt_exception_entry.o)
 *(.exceptions)
 .exceptions    0x000200fc       0xc8 d:/quartus_prime_lite/workspace_intel/nios_led3/nios_led3/software/led3_bsp/\libhal_bsp.a(alt_irq_handler.o)
                0x000200fc                alt_irq_handler
 .exceptions    0x000201c4       0x60 d:/quartus_prime_lite/workspace_intel/nios_led3/nios_led3/software/led3_bsp/\libhal_bsp.a(alt_instruction_exception_entry.o)
                0x000201c4                alt_instruction_exception_entry
                0x00020224                        PROVIDE (__ram_exceptions_end = ABSOLUTE (.))
                0x00020020                        PROVIDE (__flash_exceptions_start = LOADADDR (.exceptions))

.text           0x00020224    0x1047c
                [!provide]                        PROVIDE (stext = ABSOLUTE (.))
 *(.interp)
 *(.hash)
 *(.dynsym)
 *(.dynstr)
 *(.gnu.version)
 *(.gnu.version_d)
 *(.gnu.version_r)
 *(.rel.init)
 *(.rela.init)
 *(.rel.text .rel.text.* .rel.gnu.linkonce.t.*)
 *(.rela.text .rela.text.* .rela.gnu.linkonce.t.*)
 *(.rel.fini)
 *(.rela.fini)
 *(.rel.rodata .rel.rodata.* .rel.gnu.linkonce.r.*)
 *(.rela.rodata .rela.rodata.* .rela.gnu.linkonce.r.*)
 *(.rel.data .rel.data.* .rel.gnu.linkonce.d.*)
 *(.rela.data .rela.data.* .rela.gnu.linkonce.d.*)
 *(.rel.tdata .rel.tdata.* .rel.gnu.linkonce.td.*)
 *(.rela.tdata .rela.tdata.* .rela.gnu.linkonce.td.*)
 *(.rel.tbss .rel.tbss.* .rel.gnu.linkonce.tb.*)
 *(.rela.tbss .rela.tbss.* .rela.gnu.linkonce.tb.*)
 *(.rel.ctors)
 *(.rela.ctors)
 *(.rel.dtors)
 *(.rela.dtors)
 *(.rel.got)
 *(.rela.got)
 *(.rel.sdata .rel.sdata.* .rel.gnu.linkonce.s.*)
 *(.rela.sdata .rela.sdata.* .rela.gnu.linkonce.s.*)
 *(.rel.sbss .rel.sbss.* .rel.gnu.linkonce.sb.*)
 *(.rela.sbss .rela.sbss.* .rela.gnu.linkonce.sb.*)
 *(.rel.sdata2 .rel.sdata2.* .rel.gnu.linkonce.s2.*)
 *(.rela.sdata2 .rela.sdata2.* .rela.gnu.linkonce.s2.*)
 *(.rel.sbss2 .rel.sbss2.* .rel.gnu.linkonce.sb2.*)
 *(.rela.sbss2 .rela.sbss2.* .rela.gnu.linkonce.sb2.*)
 *(.rel.bss .rel.bss.* .rel.gnu.linkonce.b.*)
 *(.rela.bss .rela.bss.* .rela.gnu.linkonce.b.*)
 *(.rel.plt)
 *(.rela.plt)
 *(.rel.dyn)
 *(.init)
 *(.plt)
 *(.text .stub .text.* .gnu.linkonce.t.*)
 .text          0x00020224       0x3c d:/quartus_prime_lite/workspace_intel/nios_led3/nios_led3/software/led3_bsp//obj/HAL/src/crt0.o
                0x00020224                _start
 .text          0x00020260       0xcc obj/default/gpio_drv.o
                0x00020260                sseg_conv_hex
                0x000202b0                sseg_disp_ptn
 .text          0x0002032c      0x408 obj/default/led3_test_hal.o
                0x0002032c                flashsys_init_v2
                0x00020364                sw_get_command_v1
                0x00020404                jtaguart_disp_msg_v2
                0x0002045c                sseg_disp_msg_v1
                0x00020560                led_flash_v2
                0x000205d4                led_flash_v3
                0x000206b4                main
 .text          0x00020734      0x104 c:/intelfpga_lite/23.1std/nios2eds/bin/gnu/h-x86_64-mingw32/bin/../lib/gcc/nios2-elf/12.3.1/mno-hw-mul\libgcc.a(_muldi3.o)
                0x00020734                __muldi3
 .text          0x00020838      0x5d8 c:/intelfpga_lite/23.1std/nios2eds/bin/gnu/h-x86_64-mingw32/bin/../lib/gcc/nios2-elf/12.3.1/mno-hw-mul\libgcc.a(_udivdi3.o)
                0x00020838                __udivdi3
 .text          0x00020e10      0x1b4 c:/intelfpga_lite/23.1std/nios2eds/bin/gnu/h-x86_64-mingw32/bin/../lib/gcc/nios2-elf/12.3.1/mno-hw-mul\libgcc.a(lib2-divmod.o)
                0x00020e10                __divsi3
                0x00020e90                __modsi3
                0x00020f04                __udivsi3
                0x00020f68                __umodsi3
 .text          0x00020fc4       0x28 c:/intelfpga_lite/23.1std/nios2eds/bin/gnu/h-x86_64-mingw32/bin/../lib/gcc/nios2-elf/12.3.1/mno-hw-mul\libgcc.a(lib2-mul.o)
                0x00020fc4                __mulsi3
 .text          0x00020fec        0x0 c:/intelfpga_lite/23.1std/nios2eds/bin/gnu/h-x86_64-mingw32/bin/../lib/gcc/nios2-elf/12.3.1/mno-hw-mul\libgcc.a(_clz.o)
 .text          0x00020fec        0x0 c:/intelfpga_lite/23.1std/nios2eds/bin/gnu/h-x86_64-mingw32/bin/../lib/gcc/nios2-elf/12.3.1/../../../../../H-x86_64-mingw32/nios2-elf/lib/mno-hw-mul\libc.a(libc_a-printf.o)
 .text._printf_r
                0x00020fec       0x30 c:/intelfpga_lite/23.1std/nios2eds/bin/gnu/h-x86_64-mingw32/bin/../lib/gcc/nios2-elf/12.3.1/../../../../../H-x86_64-mingw32/nios2-elf/lib/mno-hw-mul\libc.a(libc_a-printf.o)
                0x00020fec                _printf_r
 .text.printf   0x0002101c       0x38 c:/intelfpga_lite/23.1std/nios2eds/bin/gnu/h-x86_64-mingw32/bin/../lib/gcc/nios2-elf/12.3.1/../../../../../H-x86_64-mingw32/nios2-elf/lib/mno-hw-mul\libc.a(libc_a-printf.o)
                0x0002101c                printf
 .text          0x00021054        0x0 c:/intelfpga_lite/23.1std/nios2eds/bin/gnu/h-x86_64-mingw32/bin/../lib/gcc/nios2-elf/12.3.1/../../../../../H-x86_64-mingw32/nios2-elf/lib/mno-hw-mul\libc.a(libc_a-impure.o)
 .text          0x00021054        0x0 c:/intelfpga_lite/23.1std/nios2eds/bin/gnu/h-x86_64-mingw32/bin/../lib/gcc/nios2-elf/12.3.1/../../../../../H-x86_64-mingw32/nios2-elf/lib/mno-hw-mul\libc.a(libc_a-vfprintf.o)
 .text.___vfprintf_internal_r
                0x00021054     0x2384 c:/intelfpga_lite/23.1std/nios2eds/bin/gnu/h-x86_64-mingw32/bin/../lib/gcc/nios2-elf/12.3.1/../../../../../H-x86_64-mingw32/nios2-elf/lib/mno-hw-mul\libc.a(libc_a-vfprintf.o)
                0x00021054                ___vfprintf_internal_r
 .text.__vfprintf_internal
                0x000233d8       0x1c c:/intelfpga_lite/23.1std/nios2eds/bin/gnu/h-x86_64-mingw32/bin/../lib/gcc/nios2-elf/12.3.1/../../../../../H-x86_64-mingw32/nios2-elf/lib/mno-hw-mul\libc.a(libc_a-vfprintf.o)
                0x000233d8                __vfprintf_internal
 .text.__sbprintf
                0x000233f4       0xc4 c:/intelfpga_lite/23.1std/nios2eds/bin/gnu/h-x86_64-mingw32/bin/../lib/gcc/nios2-elf/12.3.1/../../../../../H-x86_64-mingw32/nios2-elf/lib/mno-hw-mul\libc.a(libc_a-vfprintf.o)
 .text          0x000234b8        0x0 c:/intelfpga_lite/23.1std/nios2eds/bin/gnu/h-x86_64-mingw32/bin/../lib/gcc/nios2-elf/12.3.1/../../../../../H-x86_64-mingw32/nios2-elf/lib/mno-hw-mul\libc.a(libc_a-vfiprintf.o)
 .text.__sprint_r.part.0
                0x000234b8       0xf4 c:/intelfpga_lite/23.1std/nios2eds/bin/gnu/h-x86_64-mingw32/bin/../lib/gcc/nios2-elf/12.3.1/../../../../../H-x86_64-mingw32/nios2-elf/lib/mno-hw-mul\libc.a(libc_a-vfiprintf.o)
 .text.__sprint_r
                0x000235ac       0x18 c:/intelfpga_lite/23.1std/nios2eds/bin/gnu/h-x86_64-mingw32/bin/../lib/gcc/nios2-elf/12.3.1/../../../../../H-x86_64-mingw32/nios2-elf/lib/mno-hw-mul\libc.a(libc_a-vfiprintf.o)
                0x000235ac                __sprint_r
 .text.___vfiprintf_internal_r
                0x000235c4     0x129c c:/intelfpga_lite/23.1std/nios2eds/bin/gnu/h-x86_64-mingw32/bin/../lib/gcc/nios2-elf/12.3.1/../../../../../H-x86_64-mingw32/nios2-elf/lib/mno-hw-mul\libc.a(libc_a-vfiprintf.o)
                0x000235c4                ___vfiprintf_internal_r
 .text.__vfiprintf_internal
                0x00024860       0x1c c:/intelfpga_lite/23.1std/nios2eds/bin/gnu/h-x86_64-mingw32/bin/../lib/gcc/nios2-elf/12.3.1/../../../../../H-x86_64-mingw32/nios2-elf/lib/mno-hw-mul\libc.a(libc_a-vfiprintf.o)
                0x00024860                __vfiprintf_internal
 .text.__sbprintf
                0x0002487c       0xc4 c:/intelfpga_lite/23.1std/nios2eds/bin/gnu/h-x86_64-mingw32/bin/../lib/gcc/nios2-elf/12.3.1/../../../../../H-x86_64-mingw32/nios2-elf/lib/mno-hw-mul\libc.a(libc_a-vfiprintf.o)
 .text          0x00024940        0x0 c:/intelfpga_lite/23.1std/nios2eds/bin/gnu/h-x86_64-mingw32/bin/../lib/gcc/nios2-elf/12.3.1/../../../../../H-x86_64-mingw32/nios2-elf/lib/mno-hw-mul\libc.a(libc_a-fflush.o)
 .text.__sflush_r
                0x00024940      0x208 c:/intelfpga_lite/23.1std/nios2eds/bin/gnu/h-x86_64-mingw32/bin/../lib/gcc/nios2-elf/12.3.1/../../../../../H-x86_64-mingw32/nios2-elf/lib/mno-hw-mul\libc.a(libc_a-fflush.o)
                0x00024940                __sflush_r
 .text._fflush_r
                0x00024b48       0x5c c:/intelfpga_lite/23.1std/nios2eds/bin/gnu/h-x86_64-mingw32/bin/../lib/gcc/nios2-elf/12.3.1/../../../../../H-x86_64-mingw32/nios2-elf/lib/mno-hw-mul\libc.a(libc_a-fflush.o)
                0x00024b48                _fflush_r
 .text.fflush   0x00024ba4       0x8c c:/intelfpga_lite/23.1std/nios2eds/bin/gnu/h-x86_64-mingw32/bin/../lib/gcc/nios2-elf/12.3.1/../../../../../H-x86_64-mingw32/nios2-elf/lib/mno-hw-mul\libc.a(libc_a-fflush.o)
                0x00024ba4                fflush
 .text          0x00024c30        0x0 c:/intelfpga_lite/23.1std/nios2eds/bin/gnu/h-x86_64-mingw32/bin/../lib/gcc/nios2-elf/12.3.1/../../../../../H-x86_64-mingw32/nios2-elf/lib/mno-hw-mul\libc.a(libc_a-findfp.o)
 .text.__fp_lock
                0x00024c30        0x8 c:/intelfpga_lite/23.1std/nios2eds/bin/gnu/h-x86_64-mingw32/bin/../lib/gcc/nios2-elf/12.3.1/../../../../../H-x86_64-mingw32/nios2-elf/lib/mno-hw-mul\libc.a(libc_a-findfp.o)
 .text.stdio_exit_handler
                0x00024c38       0x1c c:/intelfpga_lite/23.1std/nios2eds/bin/gnu/h-x86_64-mingw32/bin/../lib/gcc/nios2-elf/12.3.1/../../../../../H-x86_64-mingw32/nios2-elf/lib/mno-hw-mul\libc.a(libc_a-findfp.o)
 .text.cleanup_stdio
                0x00024c54       0x70 c:/intelfpga_lite/23.1std/nios2eds/bin/gnu/h-x86_64-mingw32/bin/../lib/gcc/nios2-elf/12.3.1/../../../../../H-x86_64-mingw32/nios2-elf/lib/mno-hw-mul\libc.a(libc_a-findfp.o)
 .text.__fp_unlock
                0x00024cc4        0x8 c:/intelfpga_lite/23.1std/nios2eds/bin/gnu/h-x86_64-mingw32/bin/../lib/gcc/nios2-elf/12.3.1/../../../../../H-x86_64-mingw32/nios2-elf/lib/mno-hw-mul\libc.a(libc_a-findfp.o)
 .text.global_stdio_init.part.0
                0x00024ccc      0x174 c:/intelfpga_lite/23.1std/nios2eds/bin/gnu/h-x86_64-mingw32/bin/../lib/gcc/nios2-elf/12.3.1/../../../../../H-x86_64-mingw32/nios2-elf/lib/mno-hw-mul\libc.a(libc_a-findfp.o)
 .text.__sfp    0x00024e40      0x120 c:/intelfpga_lite/23.1std/nios2eds/bin/gnu/h-x86_64-mingw32/bin/../lib/gcc/nios2-elf/12.3.1/../../../../../H-x86_64-mingw32/nios2-elf/lib/mno-hw-mul\libc.a(libc_a-findfp.o)
                0x00024e40                __sfp
 .text.__sinit  0x00024f60       0x28 c:/intelfpga_lite/23.1std/nios2eds/bin/gnu/h-x86_64-mingw32/bin/../lib/gcc/nios2-elf/12.3.1/../../../../../H-x86_64-mingw32/nios2-elf/lib/mno-hw-mul\libc.a(libc_a-findfp.o)
                0x00024f60                __sinit
 .text.__sfp_lock_acquire
                0x00024f88        0x4 c:/intelfpga_lite/23.1std/nios2eds/bin/gnu/h-x86_64-mingw32/bin/../lib/gcc/nios2-elf/12.3.1/../../../../../H-x86_64-mingw32/nios2-elf/lib/mno-hw-mul\libc.a(libc_a-findfp.o)
                0x00024f88                __sfp_lock_acquire
 .text.__sfp_lock_release
                0x00024f8c        0x4 c:/intelfpga_lite/23.1std/nios2eds/bin/gnu/h-x86_64-mingw32/bin/../lib/gcc/nios2-elf/12.3.1/../../../../../H-x86_64-mingw32/nios2-elf/lib/mno-hw-mul\libc.a(libc_a-findfp.o)
                0x00024f8c                __sfp_lock_release
 .text.__fp_lock_all
                0x00024f90       0x18 c:/intelfpga_lite/23.1std/nios2eds/bin/gnu/h-x86_64-mingw32/bin/../lib/gcc/nios2-elf/12.3.1/../../../../../H-x86_64-mingw32/nios2-elf/lib/mno-hw-mul\libc.a(libc_a-findfp.o)
                0x00024f90                __fp_lock_all
 .text.__fp_unlock_all
                0x00024fa8       0x18 c:/intelfpga_lite/23.1std/nios2eds/bin/gnu/h-x86_64-mingw32/bin/../lib/gcc/nios2-elf/12.3.1/../../../../../H-x86_64-mingw32/nios2-elf/lib/mno-hw-mul\libc.a(libc_a-findfp.o)
                0x00024fa8                __fp_unlock_all
 .text          0x00024fc0        0x0 c:/intelfpga_lite/23.1std/nios2eds/bin/gnu/h-x86_64-mingw32/bin/../lib/gcc/nios2-elf/12.3.1/../../../../../H-x86_64-mingw32/nios2-elf/lib/mno-hw-mul\libc.a(libc_a-fvwrite.o)
 .text.__sfvwrite_r
                0x00024fc0      0x4a0 c:/intelfpga_lite/23.1std/nios2eds/bin/gnu/h-x86_64-mingw32/bin/../lib/gcc/nios2-elf/12.3.1/../../../../../H-x86_64-mingw32/nios2-elf/lib/mno-hw-mul\libc.a(libc_a-fvwrite.o)
                0x00024fc0                __sfvwrite_r
 .text          0x00025460        0x0 c:/intelfpga_lite/23.1std/nios2eds/bin/gnu/h-x86_64-mingw32/bin/../lib/gcc/nios2-elf/12.3.1/../../../../../H-x86_64-mingw32/nios2-elf/lib/mno-hw-mul\libc.a(libc_a-fwalk.o)
 .text._fwalk_sglue
                0x00025460       0xa8 c:/intelfpga_lite/23.1std/nios2eds/bin/gnu/h-x86_64-mingw32/bin/../lib/gcc/nios2-elf/12.3.1/../../../../../H-x86_64-mingw32/nios2-elf/lib/mno-hw-mul\libc.a(libc_a-fwalk.o)
                0x00025460                _fwalk_sglue
 .text          0x00025508        0x0 c:/intelfpga_lite/23.1std/nios2eds/bin/gnu/h-x86_64-mingw32/bin/../lib/gcc/nios2-elf/12.3.1/../../../../../H-x86_64-mingw32/nios2-elf/lib/mno-hw-mul\libc.a(libc_a-stdio.o)
 .text.__sread  0x00025508       0x54 c:/intelfpga_lite/23.1std/nios2eds/bin/gnu/h-x86_64-mingw32/bin/../lib/gcc/nios2-elf/12.3.1/../../../../../H-x86_64-mingw32/nios2-elf/lib/mno-hw-mul\libc.a(libc_a-stdio.o)
                0x00025508                __sread
 .text.__seofread
                0x0002555c        0x8 c:/intelfpga_lite/23.1std/nios2eds/bin/gnu/h-x86_64-mingw32/bin/../lib/gcc/nios2-elf/12.3.1/../../../../../H-x86_64-mingw32/nios2-elf/lib/mno-hw-mul\libc.a(libc_a-stdio.o)
                0x0002555c                __seofread
 .text.__swrite
                0x00025564       0x80 c:/intelfpga_lite/23.1std/nios2eds/bin/gnu/h-x86_64-mingw32/bin/../lib/gcc/nios2-elf/12.3.1/../../../../../H-x86_64-mingw32/nios2-elf/lib/mno-hw-mul\libc.a(libc_a-stdio.o)
                0x00025564                __swrite
 .text.__sseek  0x000255e4       0x5c c:/intelfpga_lite/23.1std/nios2eds/bin/gnu/h-x86_64-mingw32/bin/../lib/gcc/nios2-elf/12.3.1/../../../../../H-x86_64-mingw32/nios2-elf/lib/mno-hw-mul\libc.a(libc_a-stdio.o)
                0x000255e4                __sseek
 .text.__sclose
                0x00025640        0x8 c:/intelfpga_lite/23.1std/nios2eds/bin/gnu/h-x86_64-mingw32/bin/../lib/gcc/nios2-elf/12.3.1/../../../../../H-x86_64-mingw32/nios2-elf/lib/mno-hw-mul\libc.a(libc_a-stdio.o)
                0x00025640                __sclose
 .text          0x00025648        0x0 c:/intelfpga_lite/23.1std/nios2eds/bin/gnu/h-x86_64-mingw32/bin/../lib/gcc/nios2-elf/12.3.1/../../../../../H-x86_64-mingw32/nios2-elf/lib/mno-hw-mul\libc.a(libc_a-wsetup.o)
 .text.__swsetup_r
                0x00025648      0x144 c:/intelfpga_lite/23.1std/nios2eds/bin/gnu/h-x86_64-mingw32/bin/../lib/gcc/nios2-elf/12.3.1/../../../../../H-x86_64-mingw32/nios2-elf/lib/mno-hw-mul\libc.a(libc_a-wsetup.o)
                0x00025648                __swsetup_r
 .text          0x0002578c        0x0 c:/intelfpga_lite/23.1std/nios2eds/bin/gnu/h-x86_64-mingw32/bin/../lib/gcc/nios2-elf/12.3.1/../../../../../H-x86_64-mingw32/nios2-elf/lib/mno-hw-mul\libc.a(libc_a-fputwc.o)
 .text.__fputwc
                0x0002578c      0x164 c:/intelfpga_lite/23.1std/nios2eds/bin/gnu/h-x86_64-mingw32/bin/../lib/gcc/nios2-elf/12.3.1/../../../../../H-x86_64-mingw32/nios2-elf/lib/mno-hw-mul\libc.a(libc_a-fputwc.o)
                0x0002578c                __fputwc
 .text._fputwc_r
                0x000258f0       0x24 c:/intelfpga_lite/23.1std/nios2eds/bin/gnu/h-x86_64-mingw32/bin/../lib/gcc/nios2-elf/12.3.1/../../../../../H-x86_64-mingw32/nios2-elf/lib/mno-hw-mul\libc.a(libc_a-fputwc.o)
                0x000258f0                _fputwc_r
 .text.fputwc   0x00025914       0x78 c:/intelfpga_lite/23.1std/nios2eds/bin/gnu/h-x86_64-mingw32/bin/../lib/gcc/nios2-elf/12.3.1/../../../../../H-x86_64-mingw32/nios2-elf/lib/mno-hw-mul\libc.a(libc_a-fputwc.o)
                0x00025914                fputwc
 .text          0x0002598c        0x0 c:/intelfpga_lite/23.1std/nios2eds/bin/gnu/h-x86_64-mingw32/bin/../lib/gcc/nios2-elf/12.3.1/../../../../../H-x86_64-mingw32/nios2-elf/lib/mno-hw-mul\libc.a(libc_a-memchr.o)
 .text.memchr   0x0002598c       0xfc c:/intelfpga_lite/23.1std/nios2eds/bin/gnu/h-x86_64-mingw32/bin/../lib/gcc/nios2-elf/12.3.1/../../../../../H-x86_64-mingw32/nios2-elf/lib/mno-hw-mul\libc.a(libc_a-memchr.o)
                0x0002598c                memchr
 .text          0x00025a88        0x0 c:/intelfpga_lite/23.1std/nios2eds/bin/gnu/h-x86_64-mingw32/bin/../lib/gcc/nios2-elf/12.3.1/../../../../../H-x86_64-mingw32/nios2-elf/lib/mno-hw-mul\libc.a(libc_a-memcpy.o)
 .text.memcpy   0x00025a88      0x100 c:/intelfpga_lite/23.1std/nios2eds/bin/gnu/h-x86_64-mingw32/bin/../lib/gcc/nios2-elf/12.3.1/../../../../../H-x86_64-mingw32/nios2-elf/lib/mno-hw-mul\libc.a(libc_a-memcpy.o)
                0x00025a88                memcpy
 .text          0x00025b88        0x0 c:/intelfpga_lite/23.1std/nios2eds/bin/gnu/h-x86_64-mingw32/bin/../lib/gcc/nios2-elf/12.3.1/../../../../../H-x86_64-mingw32/nios2-elf/lib/mno-hw-mul\libc.a(libc_a-memmove.o)
 .text.memmove  0x00025b88      0x128 c:/intelfpga_lite/23.1std/nios2eds/bin/gnu/h-x86_64-mingw32/bin/../lib/gcc/nios2-elf/12.3.1/../../../../../H-x86_64-mingw32/nios2-elf/lib/mno-hw-mul\libc.a(libc_a-memmove.o)
                0x00025b88                memmove
 .text          0x00025cb0        0x0 c:/intelfpga_lite/23.1std/nios2eds/bin/gnu/h-x86_64-mingw32/bin/../lib/gcc/nios2-elf/12.3.1/../../../../../H-x86_64-mingw32/nios2-elf/lib/mno-hw-mul\libc.a(libc_a-memset.o)
 .text.memset   0x00025cb0      0x140 c:/intelfpga_lite/23.1std/nios2eds/bin/gnu/h-x86_64-mingw32/bin/../lib/gcc/nios2-elf/12.3.1/../../../../../H-x86_64-mingw32/nios2-elf/lib/mno-hw-mul\libc.a(libc_a-memset.o)
                0x00025cb0                memset
 .text          0x00025df0        0x0 c:/intelfpga_lite/23.1std/nios2eds/bin/gnu/h-x86_64-mingw32/bin/../lib/gcc/nios2-elf/12.3.1/../../../../../H-x86_64-mingw32/nios2-elf/lib/mno-hw-mul\libc.a(libc_a-strlen.o)
 .text.strlen   0x00025df0       0x98 c:/intelfpga_lite/23.1std/nios2eds/bin/gnu/h-x86_64-mingw32/bin/../lib/gcc/nios2-elf/12.3.1/../../../../../H-x86_64-mingw32/nios2-elf/lib/mno-hw-mul\libc.a(libc_a-strlen.o)
                0x00025df0                strlen
 .text          0x00025e88        0x0 c:/intelfpga_lite/23.1std/nios2eds/bin/gnu/h-x86_64-mingw32/bin/../lib/gcc/nios2-elf/12.3.1/../../../../../H-x86_64-mingw32/nios2-elf/lib/mno-hw-mul\libc.a(libc_a-locale.o)
 .text._setlocale_r
                0x00025e88       0x7c c:/intelfpga_lite/23.1std/nios2eds/bin/gnu/h-x86_64-mingw32/bin/../lib/gcc/nios2-elf/12.3.1/../../../../../H-x86_64-mingw32/nios2-elf/lib/mno-hw-mul\libc.a(libc_a-locale.o)
                0x00025e88                _setlocale_r
 .text.__locale_mb_cur_max
                0x00025f04        0xc c:/intelfpga_lite/23.1std/nios2eds/bin/gnu/h-x86_64-mingw32/bin/../lib/gcc/nios2-elf/12.3.1/../../../../../H-x86_64-mingw32/nios2-elf/lib/mno-hw-mul\libc.a(libc_a-locale.o)
                0x00025f04                __locale_mb_cur_max
 .text.setlocale
                0x00025f10       0x7c c:/intelfpga_lite/23.1std/nios2eds/bin/gnu/h-x86_64-mingw32/bin/../lib/gcc/nios2-elf/12.3.1/../../../../../H-x86_64-mingw32/nios2-elf/lib/mno-hw-mul\libc.a(libc_a-locale.o)
                0x00025f10                setlocale
 .text          0x00025f8c        0x0 c:/intelfpga_lite/23.1std/nios2eds/bin/gnu/h-x86_64-mingw32/bin/../lib/gcc/nios2-elf/12.3.1/../../../../../H-x86_64-mingw32/nios2-elf/lib/mno-hw-mul\libc.a(libc_a-localeconv.o)
 .text.__localeconv_l
                0x00025f8c        0x8 c:/intelfpga_lite/23.1std/nios2eds/bin/gnu/h-x86_64-mingw32/bin/../lib/gcc/nios2-elf/12.3.1/../../../../../H-x86_64-mingw32/nios2-elf/lib/mno-hw-mul\libc.a(libc_a-localeconv.o)
                0x00025f8c                __localeconv_l
 .text._localeconv_r
                0x00025f94        0xc c:/intelfpga_lite/23.1std/nios2eds/bin/gnu/h-x86_64-mingw32/bin/../lib/gcc/nios2-elf/12.3.1/../../../../../H-x86_64-mingw32/nios2-elf/lib/mno-hw-mul\libc.a(libc_a-localeconv.o)
                0x00025f94                _localeconv_r
 .text.localeconv
                0x00025fa0        0xc c:/intelfpga_lite/23.1std/nios2eds/bin/gnu/h-x86_64-mingw32/bin/../lib/gcc/nios2-elf/12.3.1/../../../../../H-x86_64-mingw32/nios2-elf/lib/mno-hw-mul\libc.a(libc_a-localeconv.o)
                0x00025fa0                localeconv
 .text          0x00025fac        0x0 c:/intelfpga_lite/23.1std/nios2eds/bin/gnu/h-x86_64-mingw32/bin/../lib/gcc/nios2-elf/12.3.1/../../../../../H-x86_64-mingw32/nios2-elf/lib/mno-hw-mul\libc.a(libc_a-closer.o)
 .text._close_r
                0x00025fac       0x58 c:/intelfpga_lite/23.1std/nios2eds/bin/gnu/h-x86_64-mingw32/bin/../lib/gcc/nios2-elf/12.3.1/../../../../../H-x86_64-mingw32/nios2-elf/lib/mno-hw-mul\libc.a(libc_a-closer.o)
                0x00025fac                _close_r
 .text          0x00026004        0x0 c:/intelfpga_lite/23.1std/nios2eds/bin/gnu/h-x86_64-mingw32/bin/../lib/gcc/nios2-elf/12.3.1/../../../../../H-x86_64-mingw32/nios2-elf/lib/mno-hw-mul\libc.a(libc_a-reent.o)
 .text._reclaim_reent
                0x00026004       0xc8 c:/intelfpga_lite/23.1std/nios2eds/bin/gnu/h-x86_64-mingw32/bin/../lib/gcc/nios2-elf/12.3.1/../../../../../H-x86_64-mingw32/nios2-elf/lib/mno-hw-mul\libc.a(libc_a-reent.o)
                0x00026004                _reclaim_reent
 .text          0x000260cc        0x0 c:/intelfpga_lite/23.1std/nios2eds/bin/gnu/h-x86_64-mingw32/bin/../lib/gcc/nios2-elf/12.3.1/../../../../../H-x86_64-mingw32/nios2-elf/lib/mno-hw-mul\libc.a(libc_a-lseekr.o)
 .text._lseek_r
                0x000260cc       0x64 c:/intelfpga_lite/23.1std/nios2eds/bin/gnu/h-x86_64-mingw32/bin/../lib/gcc/nios2-elf/12.3.1/../../../../../H-x86_64-mingw32/nios2-elf/lib/mno-hw-mul\libc.a(libc_a-lseekr.o)
                0x000260cc                _lseek_r
 .text          0x00026130        0x0 c:/intelfpga_lite/23.1std/nios2eds/bin/gnu/h-x86_64-mingw32/bin/../lib/gcc/nios2-elf/12.3.1/../../../../../H-x86_64-mingw32/nios2-elf/lib/mno-hw-mul\libc.a(libc_a-readr.o)
 .text._read_r  0x00026130       0x64 c:/intelfpga_lite/23.1std/nios2eds/bin/gnu/h-x86_64-mingw32/bin/../lib/gcc/nios2-elf/12.3.1/../../../../../H-x86_64-mingw32/nios2-elf/lib/mno-hw-mul\libc.a(libc_a-readr.o)
                0x00026130                _read_r
 .text          0x00026194        0x0 c:/intelfpga_lite/23.1std/nios2eds/bin/gnu/h-x86_64-mingw32/bin/../lib/gcc/nios2-elf/12.3.1/../../../../../H-x86_64-mingw32/nios2-elf/lib/mno-hw-mul\libc.a(libc_a-writer.o)
 .text._write_r
                0x00026194       0x64 c:/intelfpga_lite/23.1std/nios2eds/bin/gnu/h-x86_64-mingw32/bin/../lib/gcc/nios2-elf/12.3.1/../../../../../H-x86_64-mingw32/nios2-elf/lib/mno-hw-mul\libc.a(libc_a-writer.o)
                0x00026194                _write_r
 .text          0x000261f8        0x0 c:/intelfpga_lite/23.1std/nios2eds/bin/gnu/h-x86_64-mingw32/bin/../lib/gcc/nios2-elf/12.3.1/../../../../../H-x86_64-mingw32/nios2-elf/lib/mno-hw-mul\libc.a(libc_a-dtoa.o)
 .text.quorem   0x000261f8      0x218 c:/intelfpga_lite/23.1std/nios2eds/bin/gnu/h-x86_64-mingw32/bin/../lib/gcc/nios2-elf/12.3.1/../../../../../H-x86_64-mingw32/nios2-elf/lib/mno-hw-mul\libc.a(libc_a-dtoa.o)
 .text._dtoa_r  0x00026410     0x17e8 c:/intelfpga_lite/23.1std/nios2eds/bin/gnu/h-x86_64-mingw32/bin/../lib/gcc/nios2-elf/12.3.1/../../../../../H-x86_64-mingw32/nios2-elf/lib/mno-hw-mul\libc.a(libc_a-dtoa.o)
                0x00026410                _dtoa_r
 .text          0x00027bf8        0x0 c:/intelfpga_lite/23.1std/nios2eds/bin/gnu/h-x86_64-mingw32/bin/../lib/gcc/nios2-elf/12.3.1/../../../../../H-x86_64-mingw32/nios2-elf/lib/mno-hw-mul\libc.a(libc_a-exit.o)
 .text.exit     0x00027bf8       0x30 c:/intelfpga_lite/23.1std/nios2eds/bin/gnu/h-x86_64-mingw32/bin/../lib/gcc/nios2-elf/12.3.1/../../../../../H-x86_64-mingw32/nios2-elf/lib/mno-hw-mul\libc.a(libc_a-exit.o)
                0x00027bf8                exit
 .text          0x00027c28        0x0 c:/intelfpga_lite/23.1std/nios2eds/bin/gnu/h-x86_64-mingw32/bin/../lib/gcc/nios2-elf/12.3.1/../../../../../H-x86_64-mingw32/nios2-elf/lib/mno-hw-mul\libc.a(libc_a-freer.o)
 .text._malloc_trim_r
                0x00027c28      0x124 c:/intelfpga_lite/23.1std/nios2eds/bin/gnu/h-x86_64-mingw32/bin/../lib/gcc/nios2-elf/12.3.1/../../../../../H-x86_64-mingw32/nios2-elf/lib/mno-hw-mul\libc.a(libc_a-freer.o)
                0x00027c28                _malloc_trim_r
 .text._free_r  0x00027d4c      0x308 c:/intelfpga_lite/23.1std/nios2eds/bin/gnu/h-x86_64-mingw32/bin/../lib/gcc/nios2-elf/12.3.1/../../../../../H-x86_64-mingw32/nios2-elf/lib/mno-hw-mul\libc.a(libc_a-freer.o)
                0x00027d4c                _free_r
 .text          0x00028054        0x0 c:/intelfpga_lite/23.1std/nios2eds/bin/gnu/h-x86_64-mingw32/bin/../lib/gcc/nios2-elf/12.3.1/../../../../../H-x86_64-mingw32/nios2-elf/lib/mno-hw-mul\libc.a(libc_a-mallocr.o)
 .text._malloc_r
                0x00028054      0x7c8 c:/intelfpga_lite/23.1std/nios2eds/bin/gnu/h-x86_64-mingw32/bin/../lib/gcc/nios2-elf/12.3.1/../../../../../H-x86_64-mingw32/nios2-elf/lib/mno-hw-mul\libc.a(libc_a-mallocr.o)
                0x00028054                _malloc_r
 .text          0x0002881c        0x0 c:/intelfpga_lite/23.1std/nios2eds/bin/gnu/h-x86_64-mingw32/bin/../lib/gcc/nios2-elf/12.3.1/../../../../../H-x86_64-mingw32/nios2-elf/lib/mno-hw-mul\libc.a(libc_a-mbtowc_r.o)
 .text._mbtowc_r
                0x0002881c        0xc c:/intelfpga_lite/23.1std/nios2eds/bin/gnu/h-x86_64-mingw32/bin/../lib/gcc/nios2-elf/12.3.1/../../../../../H-x86_64-mingw32/nios2-elf/lib/mno-hw-mul\libc.a(libc_a-mbtowc_r.o)
                0x0002881c                _mbtowc_r
 .text.__ascii_mbtowc
                0x00028828       0x44 c:/intelfpga_lite/23.1std/nios2eds/bin/gnu/h-x86_64-mingw32/bin/../lib/gcc/nios2-elf/12.3.1/../../../../../H-x86_64-mingw32/nios2-elf/lib/mno-hw-mul\libc.a(libc_a-mbtowc_r.o)
                0x00028828                __ascii_mbtowc
 .text          0x0002886c        0x0 c:/intelfpga_lite/23.1std/nios2eds/bin/gnu/h-x86_64-mingw32/bin/../lib/gcc/nios2-elf/12.3.1/../../../../../H-x86_64-mingw32/nios2-elf/lib/mno-hw-mul\libc.a(libc_a-mprec.o)
 .text._Balloc  0x0002886c       0xa4 c:/intelfpga_lite/23.1std/nios2eds/bin/gnu/h-x86_64-mingw32/bin/../lib/gcc/nios2-elf/12.3.1/../../../../../H-x86_64-mingw32/nios2-elf/lib/mno-hw-mul\libc.a(libc_a-mprec.o)
                0x0002886c                _Balloc
 .text._Bfree   0x00028910       0x24 c:/intelfpga_lite/23.1std/nios2eds/bin/gnu/h-x86_64-mingw32/bin/../lib/gcc/nios2-elf/12.3.1/../../../../../H-x86_64-mingw32/nios2-elf/lib/mno-hw-mul\libc.a(libc_a-mprec.o)
                0x00028910                _Bfree
 .text.__multadd
                0x00028934      0x154 c:/intelfpga_lite/23.1std/nios2eds/bin/gnu/h-x86_64-mingw32/bin/../lib/gcc/nios2-elf/12.3.1/../../../../../H-x86_64-mingw32/nios2-elf/lib/mno-hw-mul\libc.a(libc_a-mprec.o)
                0x00028934                __multadd
 .text.__s2b    0x00028a88      0x138 c:/intelfpga_lite/23.1std/nios2eds/bin/gnu/h-x86_64-mingw32/bin/../lib/gcc/nios2-elf/12.3.1/../../../../../H-x86_64-mingw32/nios2-elf/lib/mno-hw-mul\libc.a(libc_a-mprec.o)
                0x00028a88                __s2b
 .text.__hi0bits
                0x00028bc0       0x74 c:/intelfpga_lite/23.1std/nios2eds/bin/gnu/h-x86_64-mingw32/bin/../lib/gcc/nios2-elf/12.3.1/../../../../../H-x86_64-mingw32/nios2-elf/lib/mno-hw-mul\libc.a(libc_a-mprec.o)
                0x00028bc0                __hi0bits
 .text.__lo0bits
                0x00028c34       0xb0 c:/intelfpga_lite/23.1std/nios2eds/bin/gnu/h-x86_64-mingw32/bin/../lib/gcc/nios2-elf/12.3.1/../../../../../H-x86_64-mingw32/nios2-elf/lib/mno-hw-mul\libc.a(libc_a-mprec.o)
                0x00028c34                __lo0bits
 .text.__i2b    0x00028ce4       0xb0 c:/intelfpga_lite/23.1std/nios2eds/bin/gnu/h-x86_64-mingw32/bin/../lib/gcc/nios2-elf/12.3.1/../../../../../H-x86_64-mingw32/nios2-elf/lib/mno-hw-mul\libc.a(libc_a-mprec.o)
                0x00028ce4                __i2b
 .text.__multiply
                0x00028d94      0x2a8 c:/intelfpga_lite/23.1std/nios2eds/bin/gnu/h-x86_64-mingw32/bin/../lib/gcc/nios2-elf/12.3.1/../../../../../H-x86_64-mingw32/nios2-elf/lib/mno-hw-mul\libc.a(libc_a-mprec.o)
                0x00028d94                __multiply
 .text.__pow5mult
                0x0002903c      0x140 c:/intelfpga_lite/23.1std/nios2eds/bin/gnu/h-x86_64-mingw32/bin/../lib/gcc/nios2-elf/12.3.1/../../../../../H-x86_64-mingw32/nios2-elf/lib/mno-hw-mul\libc.a(libc_a-mprec.o)
                0x0002903c                __pow5mult
 .text.__lshift
                0x0002917c      0x188 c:/intelfpga_lite/23.1std/nios2eds/bin/gnu/h-x86_64-mingw32/bin/../lib/gcc/nios2-elf/12.3.1/../../../../../H-x86_64-mingw32/nios2-elf/lib/mno-hw-mul\libc.a(libc_a-mprec.o)
                0x0002917c                __lshift
 .text.__mcmp   0x00029304       0x58 c:/intelfpga_lite/23.1std/nios2eds/bin/gnu/h-x86_64-mingw32/bin/../lib/gcc/nios2-elf/12.3.1/../../../../../H-x86_64-mingw32/nios2-elf/lib/mno-hw-mul\libc.a(libc_a-mprec.o)
                0x00029304                __mcmp
 .text.__mdiff  0x0002935c      0x230 c:/intelfpga_lite/23.1std/nios2eds/bin/gnu/h-x86_64-mingw32/bin/../lib/gcc/nios2-elf/12.3.1/../../../../../H-x86_64-mingw32/nios2-elf/lib/mno-hw-mul\libc.a(libc_a-mprec.o)
                0x0002935c                __mdiff
 .text.__ulp    0x0002958c       0x60 c:/intelfpga_lite/23.1std/nios2eds/bin/gnu/h-x86_64-mingw32/bin/../lib/gcc/nios2-elf/12.3.1/../../../../../H-x86_64-mingw32/nios2-elf/lib/mno-hw-mul\libc.a(libc_a-mprec.o)
                0x0002958c                __ulp
 .text.__b2d    0x000295ec      0x100 c:/intelfpga_lite/23.1std/nios2eds/bin/gnu/h-x86_64-mingw32/bin/../lib/gcc/nios2-elf/12.3.1/../../../../../H-x86_64-mingw32/nios2-elf/lib/mno-hw-mul\libc.a(libc_a-mprec.o)
                0x000295ec                __b2d
 .text.__d2b    0x000296ec      0x158 c:/intelfpga_lite/23.1std/nios2eds/bin/gnu/h-x86_64-mingw32/bin/../lib/gcc/nios2-elf/12.3.1/../../../../../H-x86_64-mingw32/nios2-elf/lib/mno-hw-mul\libc.a(libc_a-mprec.o)
                0x000296ec                __d2b
 .text.__ratio  0x00029844       0xa4 c:/intelfpga_lite/23.1std/nios2eds/bin/gnu/h-x86_64-mingw32/bin/../lib/gcc/nios2-elf/12.3.1/../../../../../H-x86_64-mingw32/nios2-elf/lib/mno-hw-mul\libc.a(libc_a-mprec.o)
                0x00029844                __ratio
 .text._mprec_log10
                0x000298e8       0x70 c:/intelfpga_lite/23.1std/nios2eds/bin/gnu/h-x86_64-mingw32/bin/../lib/gcc/nios2-elf/12.3.1/../../../../../H-x86_64-mingw32/nios2-elf/lib/mno-hw-mul\libc.a(libc_a-mprec.o)
                0x000298e8                _mprec_log10
 .text.__copybits
                0x00029958       0x6c c:/intelfpga_lite/23.1std/nios2eds/bin/gnu/h-x86_64-mingw32/bin/../lib/gcc/nios2-elf/12.3.1/../../../../../H-x86_64-mingw32/nios2-elf/lib/mno-hw-mul\libc.a(libc_a-mprec.o)
                0x00029958                __copybits
 .text.__any_on
                0x000299c4       0x60 c:/intelfpga_lite/23.1std/nios2eds/bin/gnu/h-x86_64-mingw32/bin/../lib/gcc/nios2-elf/12.3.1/../../../../../H-x86_64-mingw32/nios2-elf/lib/mno-hw-mul\libc.a(libc_a-mprec.o)
                0x000299c4                __any_on
 .text          0x00029a24        0x0 c:/intelfpga_lite/23.1std/nios2eds/bin/gnu/h-x86_64-mingw32/bin/../lib/gcc/nios2-elf/12.3.1/../../../../../H-x86_64-mingw32/nios2-elf/lib/mno-hw-mul\libc.a(libc_a-reallocr.o)
 .text._realloc_r
                0x00029a24      0x5ec c:/intelfpga_lite/23.1std/nios2eds/bin/gnu/h-x86_64-mingw32/bin/../lib/gcc/nios2-elf/12.3.1/../../../../../H-x86_64-mingw32/nios2-elf/lib/mno-hw-mul\libc.a(libc_a-reallocr.o)
                0x00029a24                _realloc_r
 .text          0x0002a010        0x0 c:/intelfpga_lite/23.1std/nios2eds/bin/gnu/h-x86_64-mingw32/bin/../lib/gcc/nios2-elf/12.3.1/../../../../../H-x86_64-mingw32/nios2-elf/lib/mno-hw-mul\libc.a(libc_a-wctomb_r.o)
 .text._wctomb_r
                0x0002a010        0xc c:/intelfpga_lite/23.1std/nios2eds/bin/gnu/h-x86_64-mingw32/bin/../lib/gcc/nios2-elf/12.3.1/../../../../../H-x86_64-mingw32/nios2-elf/lib/mno-hw-mul\libc.a(libc_a-wctomb_r.o)
                0x0002a010                _wctomb_r
 .text.__ascii_wctomb
                0x0002a01c       0x30 c:/intelfpga_lite/23.1std/nios2eds/bin/gnu/h-x86_64-mingw32/bin/../lib/gcc/nios2-elf/12.3.1/../../../../../H-x86_64-mingw32/nios2-elf/lib/mno-hw-mul\libc.a(libc_a-wctomb_r.o)
                0x0002a01c                __ascii_wctomb
 .text          0x0002a04c        0x0 c:/intelfpga_lite/23.1std/nios2eds/bin/gnu/h-x86_64-mingw32/bin/../lib/gcc/nios2-elf/12.3.1/../../../../../H-x86_64-mingw32/nios2-elf/lib/mno-hw-mul\libc.a(libc_a-wcrtomb.o)
 .text._wcrtomb_r
                0x0002a04c       0x6c c:/intelfpga_lite/23.1std/nios2eds/bin/gnu/h-x86_64-mingw32/bin/../lib/gcc/nios2-elf/12.3.1/../../../../../H-x86_64-mingw32/nios2-elf/lib/mno-hw-mul\libc.a(libc_a-wcrtomb.o)
                0x0002a04c                _wcrtomb_r
 .text.wcrtomb  0x0002a0b8       0x88 c:/intelfpga_lite/23.1std/nios2eds/bin/gnu/h-x86_64-mingw32/bin/../lib/gcc/nios2-elf/12.3.1/../../../../../H-x86_64-mingw32/nios2-elf/lib/mno-hw-mul\libc.a(libc_a-wcrtomb.o)
                0x0002a0b8                wcrtomb
 .text          0x0002a140        0x0 c:/intelfpga_lite/23.1std/nios2eds/bin/gnu/h-x86_64-mingw32/bin/../lib/gcc/nios2-elf/12.3.1/../../../../../H-x86_64-mingw32/nios2-elf/lib/mno-hw-mul\libc.a(libc_a-ctype_.o)
 .text          0x0002a140        0x0 c:/intelfpga_lite/23.1std/nios2eds/bin/gnu/h-x86_64-mingw32/bin/../lib/gcc/nios2-elf/12.3.1/../../../../../H-x86_64-mingw32/nios2-elf/lib/mno-hw-mul\libc.a(libc_a-fclose.o)
 .text._fclose_r
                0x0002a140       0xf0 c:/intelfpga_lite/23.1std/nios2eds/bin/gnu/h-x86_64-mingw32/bin/../lib/gcc/nios2-elf/12.3.1/../../../../../H-x86_64-mingw32/nios2-elf/lib/mno-hw-mul\libc.a(libc_a-fclose.o)
                0x0002a140                _fclose_r
 .text.fclose   0x0002a230       0x10 c:/intelfpga_lite/23.1std/nios2eds/bin/gnu/h-x86_64-mingw32/bin/../lib/gcc/nios2-elf/12.3.1/../../../../../H-x86_64-mingw32/nios2-elf/lib/mno-hw-mul\libc.a(libc_a-fclose.o)
                0x0002a230                fclose
 .text          0x0002a240        0x0 c:/intelfpga_lite/23.1std/nios2eds/bin/gnu/h-x86_64-mingw32/bin/../lib/gcc/nios2-elf/12.3.1/../../../../../H-x86_64-mingw32/nios2-elf/lib/mno-hw-mul\libc.a(libc_a-makebuf.o)
 .text.__smakebuf_r
                0x0002a240      0x1a8 c:/intelfpga_lite/23.1std/nios2eds/bin/gnu/h-x86_64-mingw32/bin/../lib/gcc/nios2-elf/12.3.1/../../../../../H-x86_64-mingw32/nios2-elf/lib/mno-hw-mul\libc.a(libc_a-makebuf.o)
                0x0002a240                __smakebuf_r
 .text.__swhatbuf_r
                0x0002a3e8       0x8c c:/intelfpga_lite/23.1std/nios2eds/bin/gnu/h-x86_64-mingw32/bin/../lib/gcc/nios2-elf/12.3.1/../../../../../H-x86_64-mingw32/nios2-elf/lib/mno-hw-mul\libc.a(libc_a-makebuf.o)
                0x0002a3e8                __swhatbuf_r
 .text          0x0002a474        0x0 c:/intelfpga_lite/23.1std/nios2eds/bin/gnu/h-x86_64-mingw32/bin/../lib/gcc/nios2-elf/12.3.1/../../../../../H-x86_64-mingw32/nios2-elf/lib/mno-hw-mul\libc.a(libc_a-wbuf.o)
 .text.__swbuf_r
                0x0002a474      0x148 c:/intelfpga_lite/23.1std/nios2eds/bin/gnu/h-x86_64-mingw32/bin/../lib/gcc/nios2-elf/12.3.1/../../../../../H-x86_64-mingw32/nios2-elf/lib/mno-hw-mul\libc.a(libc_a-wbuf.o)
                0x0002a474                __swbuf_r
 .text.__swbuf  0x0002a5bc       0x18 c:/intelfpga_lite/23.1std/nios2eds/bin/gnu/h-x86_64-mingw32/bin/../lib/gcc/nios2-elf/12.3.1/../../../../../H-x86_64-mingw32/nios2-elf/lib/mno-hw-mul\libc.a(libc_a-wbuf.o)
                0x0002a5bc                __swbuf
 .text          0x0002a5d4        0x0 c:/intelfpga_lite/23.1std/nios2eds/bin/gnu/h-x86_64-mingw32/bin/../lib/gcc/nios2-elf/12.3.1/../../../../../H-x86_64-mingw32/nios2-elf/lib/mno-hw-mul\libc.a(libc_a-strcmp.o)
 .text.strcmp   0x0002a5d4       0xb8 c:/intelfpga_lite/23.1std/nios2eds/bin/gnu/h-x86_64-mingw32/bin/../lib/gcc/nios2-elf/12.3.1/../../../../../H-x86_64-mingw32/nios2-elf/lib/mno-hw-mul\libc.a(libc_a-strcmp.o)
                0x0002a5d4                strcmp
 .text          0x0002a68c        0x0 c:/intelfpga_lite/23.1std/nios2eds/bin/gnu/h-x86_64-mingw32/bin/../lib/gcc/nios2-elf/12.3.1/../../../../../H-x86_64-mingw32/nios2-elf/lib/mno-hw-mul\libc.a(libc_a-fstatr.o)
 .text._fstat_r
                0x0002a68c       0x60 c:/intelfpga_lite/23.1std/nios2eds/bin/gnu/h-x86_64-mingw32/bin/../lib/gcc/nios2-elf/12.3.1/../../../../../H-x86_64-mingw32/nios2-elf/lib/mno-hw-mul\libc.a(libc_a-fstatr.o)
                0x0002a68c                _fstat_r
 .text          0x0002a6ec        0x0 c:/intelfpga_lite/23.1std/nios2eds/bin/gnu/h-x86_64-mingw32/bin/../lib/gcc/nios2-elf/12.3.1/../../../../../H-x86_64-mingw32/nios2-elf/lib/mno-hw-mul\libc.a(libc_a-isattyr.o)
 .text._isatty_r
                0x0002a6ec       0x58 c:/intelfpga_lite/23.1std/nios2eds/bin/gnu/h-x86_64-mingw32/bin/../lib/gcc/nios2-elf/12.3.1/../../../../../H-x86_64-mingw32/nios2-elf/lib/mno-hw-mul\libc.a(libc_a-isattyr.o)
                0x0002a6ec                _isatty_r
 .text          0x0002a744        0x0 c:/intelfpga_lite/23.1std/nios2eds/bin/gnu/h-x86_64-mingw32/bin/../lib/gcc/nios2-elf/12.3.1/../../../../../H-x86_64-mingw32/nios2-elf/lib/mno-hw-mul\libc.a(libc_a-sbrkr.o)
 .text._sbrk_r  0x0002a744       0x58 c:/intelfpga_lite/23.1std/nios2eds/bin/gnu/h-x86_64-mingw32/bin/../lib/gcc/nios2-elf/12.3.1/../../../../../H-x86_64-mingw32/nios2-elf/lib/mno-hw-mul\libc.a(libc_a-sbrkr.o)
                0x0002a744                _sbrk_r
 .text          0x0002a79c        0x0 c:/intelfpga_lite/23.1std/nios2eds/bin/gnu/h-x86_64-mingw32/bin/../lib/gcc/nios2-elf/12.3.1/../../../../../H-x86_64-mingw32/nios2-elf/lib/mno-hw-mul\libc.a(libc_a-__call_atexit.o)
 .text.__call_exitprocs
                0x0002a79c      0x118 c:/intelfpga_lite/23.1std/nios2eds/bin/gnu/h-x86_64-mingw32/bin/../lib/gcc/nios2-elf/12.3.1/../../../../../H-x86_64-mingw32/nios2-elf/lib/mno-hw-mul\libc.a(libc_a-__call_atexit.o)
                0x0002a79c                __call_exitprocs
 .text          0x0002a8b4        0x0 c:/intelfpga_lite/23.1std/nios2eds/bin/gnu/h-x86_64-mingw32/bin/../lib/gcc/nios2-elf/12.3.1/../../../../../H-x86_64-mingw32/nios2-elf/lib/mno-hw-mul\libc.a(libc_a-assert.o)
 .text.__assert_func
                0x0002a8b4       0x64 c:/intelfpga_lite/23.1std/nios2eds/bin/gnu/h-x86_64-mingw32/bin/../lib/gcc/nios2-elf/12.3.1/../../../../../H-x86_64-mingw32/nios2-elf/lib/mno-hw-mul\libc.a(libc_a-assert.o)
                0x0002a8b4                __assert_func
 .text.__assert
                0x0002a918       0x14 c:/intelfpga_lite/23.1std/nios2eds/bin/gnu/h-x86_64-mingw32/bin/../lib/gcc/nios2-elf/12.3.1/../../../../../H-x86_64-mingw32/nios2-elf/lib/mno-hw-mul\libc.a(libc_a-assert.o)
                0x0002a918                __assert
 .text          0x0002a92c        0x0 c:/intelfpga_lite/23.1std/nios2eds/bin/gnu/h-x86_64-mingw32/bin/../lib/gcc/nios2-elf/12.3.1/../../../../../H-x86_64-mingw32/nios2-elf/lib/mno-hw-mul\libc.a(libc_a-callocr.o)
 .text._calloc_r
                0x0002a92c      0x168 c:/intelfpga_lite/23.1std/nios2eds/bin/gnu/h-x86_64-mingw32/bin/../lib/gcc/nios2-elf/12.3.1/../../../../../H-x86_64-mingw32/nios2-elf/lib/mno-hw-mul\libc.a(libc_a-callocr.o)
                0x0002a92c                _calloc_r
 .text          0x0002aa94        0x0 c:/intelfpga_lite/23.1std/nios2eds/bin/gnu/h-x86_64-mingw32/bin/../lib/gcc/nios2-elf/12.3.1/../../../../../H-x86_64-mingw32/nios2-elf/lib/mno-hw-mul\libc.a(libc_a-fiprintf.o)
 .text._fiprintf_r
                0x0002aa94       0x20 c:/intelfpga_lite/23.1std/nios2eds/bin/gnu/h-x86_64-mingw32/bin/../lib/gcc/nios2-elf/12.3.1/../../../../../H-x86_64-mingw32/nios2-elf/lib/mno-hw-mul\libc.a(libc_a-fiprintf.o)
                0x0002aa94                _fiprintf_r
 .text.fiprintf
                0x0002aab4       0x38 c:/intelfpga_lite/23.1std/nios2eds/bin/gnu/h-x86_64-mingw32/bin/../lib/gcc/nios2-elf/12.3.1/../../../../../H-x86_64-mingw32/nios2-elf/lib/mno-hw-mul\libc.a(libc_a-fiprintf.o)
                0x0002aab4                fiprintf
 .text          0x0002aaec        0x0 c:/intelfpga_lite/23.1std/nios2eds/bin/gnu/h-x86_64-mingw32/bin/../lib/gcc/nios2-elf/12.3.1/../../../../../H-x86_64-mingw32/nios2-elf/lib/mno-hw-mul\libc.a(libc_a-vfiprintfr_1.o)
 .text._vfiprintf_r
                0x0002aaec        0x4 c:/intelfpga_lite/23.1std/nios2eds/bin/gnu/h-x86_64-mingw32/bin/../lib/gcc/nios2-elf/12.3.1/../../../../../H-x86_64-mingw32/nios2-elf/lib/mno-hw-mul\libc.a(libc_a-vfiprintfr_1.o)
                0x0002aaec                _vfiprintf_r
 .text          0x0002aaf0        0x0 c:/intelfpga_lite/23.1std/nios2eds/bin/gnu/h-x86_64-mingw32/bin/../lib/gcc/nios2-elf/12.3.1/../../../../../H-x86_64-mingw32/nios2-elf/lib/mno-hw-mul\libc.a(libc_a-errno.o)
 .text.__errno  0x0002aaf0        0xc c:/intelfpga_lite/23.1std/nios2eds/bin/gnu/h-x86_64-mingw32/bin/../lib/gcc/nios2-elf/12.3.1/../../../../../H-x86_64-mingw32/nios2-elf/lib/mno-hw-mul\libc.a(libc_a-errno.o)
                0x0002aaf0                __errno
 .text          0x0002aafc        0x0 c:/intelfpga_lite/23.1std/nios2eds/bin/gnu/h-x86_64-mingw32/bin/../lib/gcc/nios2-elf/12.3.1/../../../../../H-x86_64-mingw32/nios2-elf/lib/mno-hw-mul\libc.a(libc_a-abort.o)
 .text.abort    0x0002aafc       0x18 c:/intelfpga_lite/23.1std/nios2eds/bin/gnu/h-x86_64-mingw32/bin/../lib/gcc/nios2-elf/12.3.1/../../../../../H-x86_64-mingw32/nios2-elf/lib/mno-hw-mul\libc.a(libc_a-abort.o)
                0x0002aafc                abort
 .text          0x0002ab14        0x0 c:/intelfpga_lite/23.1std/nios2eds/bin/gnu/h-x86_64-mingw32/bin/../lib/gcc/nios2-elf/12.3.1/../../../../../H-x86_64-mingw32/nios2-elf/lib/mno-hw-mul\libc.a(libc_a-signal.o)
 .text._init_signal_r
                0x0002ab14       0x5c c:/intelfpga_lite/23.1std/nios2eds/bin/gnu/h-x86_64-mingw32/bin/../lib/gcc/nios2-elf/12.3.1/../../../../../H-x86_64-mingw32/nios2-elf/lib/mno-hw-mul\libc.a(libc_a-signal.o)
                0x0002ab14                _init_signal_r
 .text._signal_r
                0x0002ab70       0x8c c:/intelfpga_lite/23.1std/nios2eds/bin/gnu/h-x86_64-mingw32/bin/../lib/gcc/nios2-elf/12.3.1/../../../../../H-x86_64-mingw32/nios2-elf/lib/mno-hw-mul\libc.a(libc_a-signal.o)
                0x0002ab70                _signal_r
 .text._raise_r
                0x0002abfc       0xb0 c:/intelfpga_lite/23.1std/nios2eds/bin/gnu/h-x86_64-mingw32/bin/../lib/gcc/nios2-elf/12.3.1/../../../../../H-x86_64-mingw32/nios2-elf/lib/mno-hw-mul\libc.a(libc_a-signal.o)
                0x0002abfc                _raise_r
 .text.__sigtramp_r
                0x0002acac       0xbc c:/intelfpga_lite/23.1std/nios2eds/bin/gnu/h-x86_64-mingw32/bin/../lib/gcc/nios2-elf/12.3.1/../../../../../H-x86_64-mingw32/nios2-elf/lib/mno-hw-mul\libc.a(libc_a-signal.o)
                0x0002acac                __sigtramp_r
 .text.raise    0x0002ad68       0xb4 c:/intelfpga_lite/23.1std/nios2eds/bin/gnu/h-x86_64-mingw32/bin/../lib/gcc/nios2-elf/12.3.1/../../../../../H-x86_64-mingw32/nios2-elf/lib/mno-hw-mul\libc.a(libc_a-signal.o)
                0x0002ad68                raise
 .text.signal   0x0002ae1c       0x98 c:/intelfpga_lite/23.1std/nios2eds/bin/gnu/h-x86_64-mingw32/bin/../lib/gcc/nios2-elf/12.3.1/../../../../../H-x86_64-mingw32/nios2-elf/lib/mno-hw-mul\libc.a(libc_a-signal.o)
                0x0002ae1c                signal
 .text._init_signal
                0x0002aeb4       0x60 c:/intelfpga_lite/23.1std/nios2eds/bin/gnu/h-x86_64-mingw32/bin/../lib/gcc/nios2-elf/12.3.1/../../../../../H-x86_64-mingw32/nios2-elf/lib/mno-hw-mul\libc.a(libc_a-signal.o)
                0x0002aeb4                _init_signal
 .text.__sigtramp
                0x0002af14       0xbc c:/intelfpga_lite/23.1std/nios2eds/bin/gnu/h-x86_64-mingw32/bin/../lib/gcc/nios2-elf/12.3.1/../../../../../H-x86_64-mingw32/nios2-elf/lib/mno-hw-mul\libc.a(libc_a-signal.o)
                0x0002af14                __sigtramp
 .text          0x0002afd0        0x0 c:/intelfpga_lite/23.1std/nios2eds/bin/gnu/h-x86_64-mingw32/bin/../lib/gcc/nios2-elf/12.3.1/../../../../../H-x86_64-mingw32/nios2-elf/lib/mno-hw-mul\libc.a(libc_a-signalr.o)
 .text._kill_r  0x0002afd0       0x60 c:/intelfpga_lite/23.1std/nios2eds/bin/gnu/h-x86_64-mingw32/bin/../lib/gcc/nios2-elf/12.3.1/../../../../../H-x86_64-mingw32/nios2-elf/lib/mno-hw-mul\libc.a(libc_a-signalr.o)
                0x0002afd0                _kill_r
 .text._getpid_r
                0x0002b030        0x4 c:/intelfpga_lite/23.1std/nios2eds/bin/gnu/h-x86_64-mingw32/bin/../lib/gcc/nios2-elf/12.3.1/../../../../../H-x86_64-mingw32/nios2-elf/lib/mno-hw-mul\libc.a(libc_a-signalr.o)
                0x0002b030                _getpid_r
 .text          0x0002b034      0x55c c:/intelfpga_lite/23.1std/nios2eds/bin/gnu/h-x86_64-mingw32/bin/../lib/gcc/nios2-elf/12.3.1/mno-hw-mul\libgcc.a(_umoddi3.o)
                0x0002b034                __umoddi3
 .text          0x0002b590      0x904 c:/intelfpga_lite/23.1std/nios2eds/bin/gnu/h-x86_64-mingw32/bin/../lib/gcc/nios2-elf/12.3.1/mno-hw-mul\libgcc.a(adddf3.o)
                0x0002b590                __adddf3
 .text          0x0002be94      0x8ec c:/intelfpga_lite/23.1std/nios2eds/bin/gnu/h-x86_64-mingw32/bin/../lib/gcc/nios2-elf/12.3.1/mno-hw-mul\libgcc.a(divdf3.o)
                0x0002be94                __divdf3
 .text          0x0002c780       0x94 c:/intelfpga_lite/23.1std/nios2eds/bin/gnu/h-x86_64-mingw32/bin/../lib/gcc/nios2-elf/12.3.1/mno-hw-mul\libgcc.a(eqdf2.o)
                0x0002c780                __nedf2
                0x0002c780                __eqdf2
 .text          0x0002c814       0xfc c:/intelfpga_lite/23.1std/nios2eds/bin/gnu/h-x86_64-mingw32/bin/../lib/gcc/nios2-elf/12.3.1/mno-hw-mul\libgcc.a(gedf2.o)
                0x0002c814                __gedf2
                0x0002c814                __gtdf2
 .text          0x0002c910       0xf8 c:/intelfpga_lite/23.1std/nios2eds/bin/gnu/h-x86_64-mingw32/bin/../lib/gcc/nios2-elf/12.3.1/mno-hw-mul\libgcc.a(ledf2.o)
                0x0002c910                __ledf2
                0x0002c910                __ltdf2
 .text          0x0002ca08      0x808 c:/intelfpga_lite/23.1std/nios2eds/bin/gnu/h-x86_64-mingw32/bin/../lib/gcc/nios2-elf/12.3.1/mno-hw-mul\libgcc.a(muldf3.o)
                0x0002ca08                __muldf3
 .text          0x0002d210      0x99c c:/intelfpga_lite/23.1std/nios2eds/bin/gnu/h-x86_64-mingw32/bin/../lib/gcc/nios2-elf/12.3.1/mno-hw-mul\libgcc.a(subdf3.o)
                0x0002d210                __subdf3
 .text          0x0002dbac       0x54 c:/intelfpga_lite/23.1std/nios2eds/bin/gnu/h-x86_64-mingw32/bin/../lib/gcc/nios2-elf/12.3.1/mno-hw-mul\libgcc.a(unorddf2.o)
                0x0002dbac                __unorddf2
 .text          0x0002dc00       0x80 c:/intelfpga_lite/23.1std/nios2eds/bin/gnu/h-x86_64-mingw32/bin/../lib/gcc/nios2-elf/12.3.1/mno-hw-mul\libgcc.a(fixdfsi.o)
                0x0002dc00                __fixdfsi
 .text          0x0002dc80       0xb8 c:/intelfpga_lite/23.1std/nios2eds/bin/gnu/h-x86_64-mingw32/bin/../lib/gcc/nios2-elf/12.3.1/mno-hw-mul\libgcc.a(floatsidf.o)
                0x0002dc80                __floatsidf
 .text          0x0002dd38       0x90 c:/intelfpga_lite/23.1std/nios2eds/bin/gnu/h-x86_64-mingw32/bin/../lib/gcc/nios2-elf/12.3.1/mno-hw-mul\libgcc.a(floatunsidf.o)
                0x0002dd38                __floatunsidf
 .text          0x0002ddc8       0x50 c:/intelfpga_lite/23.1std/nios2eds/bin/gnu/h-x86_64-mingw32/bin/../lib/gcc/nios2-elf/12.3.1/mno-hw-mul\libgcc.a(_clzsi2.o)
                0x0002ddc8                __clzsi2
 .text          0x0002de18      0x118 d:/quartus_prime_lite/workspace_intel/nios_led3/nios_led3/software/led3_bsp/\libhal_bsp.a(alt_close.o)
                0x0002de54                close
 .text          0x0002df30       0x2c d:/quartus_prime_lite/workspace_intel/nios_led3/nios_led3/software/led3_bsp/\libhal_bsp.a(alt_dev.o)
 .text          0x0002df5c        0x0 d:/quartus_prime_lite/workspace_intel/nios_led3/nios_led3/software/led3_bsp/\libhal_bsp.a(alt_errno.o)
 .text          0x0002df5c       0x3c d:/quartus_prime_lite/workspace_intel/nios_led3/nios_led3/software/led3_bsp/\libhal_bsp.a(alt_exit.o)
                0x0002df5c                _exit
 .text          0x0002df98       0xf8 d:/quartus_prime_lite/workspace_intel/nios_led3/nios_led3/software/led3_bsp/\libhal_bsp.a(alt_fstat.o)
                0x0002dfd4                fstat
 .text          0x0002e090       0x20 d:/quartus_prime_lite/workspace_intel/nios_led3/nios_led3/software/led3_bsp/\libhal_bsp.a(alt_getpid.o)
                0x0002e090                getpid
 .text          0x0002e0b0       0xec d:/quartus_prime_lite/workspace_intel/nios_led3/nios_led3/software/led3_bsp/\libhal_bsp.a(alt_isatty.o)
                0x0002e0ec                isatty
 .text          0x0002e19c      0x12c d:/quartus_prime_lite/workspace_intel/nios_led3/nios_led3/software/led3_bsp/\libhal_bsp.a(alt_kill.o)
                0x0002e1d8                kill
 .text          0x0002e2c8       0xec d:/quartus_prime_lite/workspace_intel/nios_led3/nios_led3/software/led3_bsp/\libhal_bsp.a(alt_load.o)
                0x0002e330                alt_load
 .text          0x0002e3b4      0x11c d:/quartus_prime_lite/workspace_intel/nios_led3/nios_led3/software/led3_bsp/\libhal_bsp.a(alt_lseek.o)
                0x0002e3f0                lseek
 .text          0x0002e4d0       0x7c d:/quartus_prime_lite/workspace_intel/nios_led3/nios_led3/software/led3_bsp/\libhal_bsp.a(alt_main.o)
                0x0002e4d0                alt_main
 .text          0x0002e54c       0x48 d:/quartus_prime_lite/workspace_intel/nios_led3/nios_led3/software/led3_bsp/\libhal_bsp.a(alt_malloc_lock.o)
                0x0002e54c                __malloc_lock
                0x0002e570                __malloc_unlock
 .text          0x0002e594      0x144 d:/quartus_prime_lite/workspace_intel/nios_led3/nios_led3/software/led3_bsp/\libhal_bsp.a(alt_read.o)
                0x0002e5d0                read
 .text          0x0002e6d8       0x70 d:/quartus_prime_lite/workspace_intel/nios_led3/nios_led3/software/led3_bsp/\libhal_bsp.a(alt_release_fd.o)
                0x0002e6d8                alt_release_fd
 .text          0x0002e748       0xb8 d:/quartus_prime_lite/workspace_intel/nios_led3/nios_led3/software/led3_bsp/\libhal_bsp.a(alt_sbrk.o)
                0x0002e748                sbrk
 .text          0x0002e800      0x1d0 d:/quartus_prime_lite/workspace_intel/nios_led3/nios_led3/software/led3_bsp/\libhal_bsp.a(alt_tick.o)
                0x0002e800                alt_alarm_stop
                0x0002e8a4                alt_tick
 .text          0x0002e9d0       0x30 d:/quartus_prime_lite/workspace_intel/nios_led3/nios_led3/software/led3_bsp/\libhal_bsp.a(alt_usleep.o)
                0x0002e9d0                usleep
 .text          0x0002ea00      0x140 d:/quartus_prime_lite/workspace_intel/nios_led3/nios_led3/software/led3_bsp/\libhal_bsp.a(alt_write.o)
                0x0002ea3c                write
 .text          0x0002eb40       0xd0 d:/quartus_prime_lite/workspace_intel/nios_led3/nios_led3/software/led3_bsp/\libhal_bsp.a(alt_sys_init.o)
                0x0002eb74                alt_irq_init
                0x0002ebb0                alt_sys_init
 .text          0x0002ec10      0x164 d:/quartus_prime_lite/workspace_intel/nios_led3/nios_led3/software/led3_bsp/\libhal_bsp.a(altera_avalon_jtag_uart_fd.o)
                0x0002ec10                altera_avalon_jtag_uart_read_fd
                0x0002ec70                altera_avalon_jtag_uart_write_fd
                0x0002ecd0                altera_avalon_jtag_uart_close_fd
                0x0002ed20                altera_avalon_jtag_uart_ioctl_fd
 .text          0x0002ed74      0x3e4 d:/quartus_prime_lite/workspace_intel/nios_led3/nios_led3/software/led3_bsp/\libhal_bsp.a(altera_avalon_jtag_uart_init.o)
                0x0002ed74                altera_avalon_jtag_uart_init
                0x0002f0f0                altera_avalon_jtag_uart_close
 .text          0x0002f158       0xf4 d:/quartus_prime_lite/workspace_intel/nios_led3/nios_led3/software/led3_bsp/\libhal_bsp.a(altera_avalon_jtag_uart_ioctl.o)
                0x0002f158                altera_avalon_jtag_uart_ioctl
 .text          0x0002f24c      0x220 d:/quartus_prime_lite/workspace_intel/nios_led3/nios_led3/software/led3_bsp/\libhal_bsp.a(altera_avalon_jtag_uart_read.o)
                0x0002f24c                altera_avalon_jtag_uart_read
 .text          0x0002f46c      0x228 d:/quartus_prime_lite/workspace_intel/nios_led3/nios_led3/software/led3_bsp/\libhal_bsp.a(altera_avalon_jtag_uart_write.o)
                0x0002f46c                altera_avalon_jtag_uart_write
 .text          0x0002f694      0x100 d:/quartus_prime_lite/workspace_intel/nios_led3/nios_led3/software/led3_bsp/\libhal_bsp.a(altera_avalon_timer_sc.o)
                0x0002f710                alt_avalon_timer_sc_init
 .text          0x0002f794      0x160 d:/quartus_prime_lite/workspace_intel/nios_led3/nios_led3/software/led3_bsp/\libhal_bsp.a(alt_alarm_start.o)
                0x0002f794                alt_alarm_start
 .text          0x0002f8f4      0x158 d:/quartus_prime_lite/workspace_intel/nios_led3/nios_led3/software/led3_bsp/\libhal_bsp.a(alt_busy_sleep.o)
                0x0002f8f4                alt_busy_sleep
 .text          0x0002fa4c       0x20 d:/quartus_prime_lite/workspace_intel/nios_led3/nios_led3/software/led3_bsp/\libhal_bsp.a(alt_dcache_flush_all.o)
                0x0002fa4c                alt_dcache_flush_all
 .text          0x0002fa6c       0xe4 d:/quartus_prime_lite/workspace_intel/nios_led3/nios_led3/software/led3_bsp/\libhal_bsp.a(alt_dev_llist_insert.o)
                0x0002faa8                alt_dev_llist_insert
 .text          0x0002fb50       0x64 d:/quartus_prime_lite/workspace_intel/nios_led3/nios_led3/software/led3_bsp/\libhal_bsp.a(alt_do_ctors.o)
                0x0002fb50                _do_ctors
 .text          0x0002fbb4       0x64 d:/quartus_prime_lite/workspace_intel/nios_led3/nios_led3/software/led3_bsp/\libhal_bsp.a(alt_do_dtors.o)
                0x0002fbb4                _do_dtors
 .text          0x0002fc18       0x20 d:/quartus_prime_lite/workspace_intel/nios_led3/nios_led3/software/led3_bsp/\libhal_bsp.a(alt_icache_flush_all.o)
                0x0002fc18                alt_icache_flush_all
 .text          0x0002fc38      0x1b0 d:/quartus_prime_lite/workspace_intel/nios_led3/nios_led3/software/led3_bsp/\libhal_bsp.a(alt_iic.o)
                0x0002fc38                alt_ic_isr_register
                0x0002fc88                alt_ic_irq_enable
                0x0002fd10                alt_ic_irq_disable
                0x0002fd9c                alt_ic_irq_enabled
 .text          0x0002fde8       0xe8 d:/quartus_prime_lite/workspace_intel/nios_led3/nios_led3/software/led3_bsp/\libhal_bsp.a(alt_iic_isr_register.o)
                0x0002fde8                alt_iic_isr_register
 .text          0x0002fed0      0x150 d:/quartus_prime_lite/workspace_intel/nios_led3/nios_led3/software/led3_bsp/\libhal_bsp.a(alt_io_redirect.o)
                0x0002ffa4                alt_io_redirect
 .text          0x00030020        0x0 d:/quartus_prime_lite/workspace_intel/nios_led3/nios_led3/software/led3_bsp/\libhal_bsp.a(alt_irq_entry.o)
 .text          0x00030020        0x0 d:/quartus_prime_lite/workspace_intel/nios_led3/nios_led3/software/led3_bsp/\libhal_bsp.a(alt_irq_handler.o)
 .text          0x00030020        0x0 d:/quartus_prime_lite/workspace_intel/nios_led3/nios_led3/software/led3_bsp/\libhal_bsp.a(alt_irq_vars.o)
 .text          0x00030020      0x278 d:/quartus_prime_lite/workspace_intel/nios_led3/nios_led3/software/led3_bsp/\libhal_bsp.a(alt_open.o)
                0x00030138                open
 .text          0x00030298       0x24 d:/quartus_prime_lite/workspace_intel/nios_led3/nios_led3/software/led3_bsp/\libhal_bsp.a(altera_nios2_gen2_irq.o)
                0x00030298                altera_nios2_gen2_irq_init
 .text          0x000302bc        0x0 d:/quartus_prime_lite/workspace_intel/nios_led3/nios_led3/software/led3_bsp/\libhal_bsp.a(alt_exception_entry.o)
 .text          0x000302bc       0x90 d:/quartus_prime_lite/workspace_intel/nios_led3/nios_led3/software/led3_bsp/\libhal_bsp.a(alt_find_dev.o)
                0x000302bc                alt_find_dev
 .text          0x0003034c      0x108 d:/quartus_prime_lite/workspace_intel/nios_led3/nios_led3/software/led3_bsp/\libhal_bsp.a(alt_find_file.o)
                0x0003034c                alt_find_file
 .text          0x00030454       0xb8 d:/quartus_prime_lite/workspace_intel/nios_led3/nios_led3/software/led3_bsp/\libhal_bsp.a(alt_get_fd.o)
                0x00030454                alt_get_fd
 .text          0x0003050c       0x74 d:/quartus_prime_lite/workspace_intel/nios_led3/nios_led3/software/led3_bsp/\libhal_bsp.a(alt_instruction_exception_entry.o)
                0x0003050c                alt_exception_cause_generated_bad_addr
 .text          0x00030580        0x0 c:/intelfpga_lite/23.1std/nios2eds/bin/gnu/h-x86_64-mingw32/bin/../lib/gcc/nios2-elf/12.3.1/../../../../../H-x86_64-mingw32/nios2-elf/lib/mno-hw-mul\libc.a(libc_a-atexit.o)
 .text.atexit   0x00030580       0x14 c:/intelfpga_lite/23.1std/nios2eds/bin/gnu/h-x86_64-mingw32/bin/../lib/gcc/nios2-elf/12.3.1/../../../../../H-x86_64-mingw32/nios2-elf/lib/mno-hw-mul\libc.a(libc_a-atexit.o)
                0x00030580                atexit
 .text          0x00030594        0x0 c:/intelfpga_lite/23.1std/nios2eds/bin/gnu/h-x86_64-mingw32/bin/../lib/gcc/nios2-elf/12.3.1/../../../../../H-x86_64-mingw32/nios2-elf/lib/mno-hw-mul\libc.a(libc_a-memcmp.o)
 .text.memcmp   0x00030594       0x78 c:/intelfpga_lite/23.1std/nios2eds/bin/gnu/h-x86_64-mingw32/bin/../lib/gcc/nios2-elf/12.3.1/../../../../../H-x86_64-mingw32/nios2-elf/lib/mno-hw-mul\libc.a(libc_a-memcmp.o)
                0x00030594                memcmp
 .text          0x0003060c        0x0 c:/intelfpga_lite/23.1std/nios2eds/bin/gnu/h-x86_64-mingw32/bin/../lib/gcc/nios2-elf/12.3.1/../../../../../H-x86_64-mingw32/nios2-elf/lib/mno-hw-mul\libc.a(libc_a-__atexit.o)
 .text.__register_exitproc
                0x0003060c       0x94 c:/intelfpga_lite/23.1std/nios2eds/bin/gnu/h-x86_64-mingw32/bin/../lib/gcc/nios2-elf/12.3.1/../../../../../H-x86_64-mingw32/nios2-elf/lib/mno-hw-mul\libc.a(libc_a-__atexit.o)
                0x0003060c                __register_exitproc
 *(.gnu.warning.*)
 *(.fini)
                [!provide]                        PROVIDE (__etext = ABSOLUTE (.))
                [!provide]                        PROVIDE (_etext = ABSOLUTE (.))
                [!provide]                        PROVIDE (etext = ABSOLUTE (.))
 *(.eh_frame_hdr)
                0x000306a0                        . = ALIGN (0x4)
                [!provide]                        PROVIDE (__preinit_array_start = ABSOLUTE (.))
 *(.preinit_array)
                [!provide]                        PROVIDE (__preinit_array_end = ABSOLUTE (.))
                [!provide]                        PROVIDE (__init_array_start = ABSOLUTE (.))
 *(SORT_BY_INIT_PRIORITY(.init_array.*))
 *(.init_array)
                [!provide]                        PROVIDE (__init_array_end = ABSOLUTE (.))
                [!provide]                        PROVIDE (__fini_array_start = ABSOLUTE (.))
 *(.fini_array)
                [!provide]                        PROVIDE (__fini_array_end = ABSOLUTE (.))
 *(.eh_frame)
 *(.gcc_except_table .gcc_except_table.*)
 *(.dynamic)
                0x000306a0                        PROVIDE (__CTOR_LIST__ = ABSOLUTE (.))
 *(.ctors)
 *(SORT_BY_NAME(.ctors.*))
                0x000306a0                        PROVIDE (__CTOR_END__ = ABSOLUTE (.))
                0x000306a0                        PROVIDE (__DTOR_LIST__ = ABSOLUTE (.))
 *(.dtors)
 *(SORT_BY_NAME(.dtors.*))
                0x000306a0                        PROVIDE (__DTOR_END__ = ABSOLUTE (.))
 *(.jcr)
                0x000306a0                        . = ALIGN (0x4)

.rodata         0x000306a0      0x660
                0x000306a0                        PROVIDE (__ram_rodata_start = ABSOLUTE (.))
                0x000306a0                        . = ALIGN (0x4)
 *(.rodata .rodata.* .gnu.linkonce.r.*)
 .rodata        0x000306a0       0x10 obj/default/gpio_drv.o
 .rodata        0x000306b0       0x13 obj/default/led3_test_hal.o
 *fill*         0x000306c3        0x1 
 .rodata        0x000306c4      0x100 c:/intelfpga_lite/23.1std/nios2eds/bin/gnu/h-x86_64-mingw32/bin/../lib/gcc/nios2-elf/12.3.1/mno-hw-mul\libgcc.a(_clz.o)
                0x000306c4                __clz_tab
 .rodata.___vfprintf_internal_r.str1.4
                0x000307c4       0x42 c:/intelfpga_lite/23.1std/nios2eds/bin/gnu/h-x86_64-mingw32/bin/../lib/gcc/nios2-elf/12.3.1/../../../../../H-x86_64-mingw32/nios2-elf/lib/mno-hw-mul\libc.a(libc_a-vfprintf.o)
 *fill*         0x00030806        0x2 
 .rodata.zeroes.0
                0x00030808       0x10 c:/intelfpga_lite/23.1std/nios2eds/bin/gnu/h-x86_64-mingw32/bin/../lib/gcc/nios2-elf/12.3.1/../../../../../H-x86_64-mingw32/nios2-elf/lib/mno-hw-mul\libc.a(libc_a-vfprintf.o)
 .rodata.blanks.1
                0x00030818       0x10 c:/intelfpga_lite/23.1std/nios2eds/bin/gnu/h-x86_64-mingw32/bin/../lib/gcc/nios2-elf/12.3.1/../../../../../H-x86_64-mingw32/nios2-elf/lib/mno-hw-mul\libc.a(libc_a-vfprintf.o)
 .rodata.___vfiprintf_internal_r.str1.4
                0x00030828       0x2f c:/intelfpga_lite/23.1std/nios2eds/bin/gnu/h-x86_64-mingw32/bin/../lib/gcc/nios2-elf/12.3.1/../../../../../H-x86_64-mingw32/nios2-elf/lib/mno-hw-mul\libc.a(libc_a-vfiprintf.o)
 .rodata.zeroes.0
                0x00030828       0x10 c:/intelfpga_lite/23.1std/nios2eds/bin/gnu/h-x86_64-mingw32/bin/../lib/gcc/nios2-elf/12.3.1/../../../../../H-x86_64-mingw32/nios2-elf/lib/mno-hw-mul\libc.a(libc_a-vfiprintf.o)
 .rodata.blanks.1
                0x00030838       0x10 c:/intelfpga_lite/23.1std/nios2eds/bin/gnu/h-x86_64-mingw32/bin/../lib/gcc/nios2-elf/12.3.1/../../../../../H-x86_64-mingw32/nios2-elf/lib/mno-hw-mul\libc.a(libc_a-vfiprintf.o)
 .rodata._setlocale_r.str1.4
                0x00030848        0xa c:/intelfpga_lite/23.1std/nios2eds/bin/gnu/h-x86_64-mingw32/bin/../lib/gcc/nios2-elf/12.3.1/../../../../../H-x86_64-mingw32/nios2-elf/lib/mno-hw-mul\libc.a(libc_a-locale.o)
                                  0xd (size before relaxing)
 *fill*         0x00030852        0x2 
 .rodata.str1.4
                0x00030854        0x2 c:/intelfpga_lite/23.1std/nios2eds/bin/gnu/h-x86_64-mingw32/bin/../lib/gcc/nios2-elf/12.3.1/../../../../../H-x86_64-mingw32/nios2-elf/lib/mno-hw-mul\libc.a(libc_a-locale.o)
 *fill*         0x00030856        0x2 
 .rodata._dtoa_r.str1.4
                0x00030858       0x5b c:/intelfpga_lite/23.1std/nios2eds/bin/gnu/h-x86_64-mingw32/bin/../lib/gcc/nios2-elf/12.3.1/../../../../../H-x86_64-mingw32/nios2-elf/lib/mno-hw-mul\libc.a(libc_a-dtoa.o)
                                 0x5f (size before relaxing)
 *fill*         0x000308b3        0x1 
 .rodata.__multadd.str1.4
                0x000308b4       0x38 c:/intelfpga_lite/23.1std/nios2eds/bin/gnu/h-x86_64-mingw32/bin/../lib/gcc/nios2-elf/12.3.1/../../../../../H-x86_64-mingw32/nios2-elf/lib/mno-hw-mul\libc.a(libc_a-mprec.o)
                                 0x4c (size before relaxing)
 .rodata.p05.0  0x000308ec        0xc c:/intelfpga_lite/23.1std/nios2eds/bin/gnu/h-x86_64-mingw32/bin/../lib/gcc/nios2-elf/12.3.1/../../../../../H-x86_64-mingw32/nios2-elf/lib/mno-hw-mul\libc.a(libc_a-mprec.o)
 .rodata.__mprec_tinytens
                0x000308f8       0x28 c:/intelfpga_lite/23.1std/nios2eds/bin/gnu/h-x86_64-mingw32/bin/../lib/gcc/nios2-elf/12.3.1/../../../../../H-x86_64-mingw32/nios2-elf/lib/mno-hw-mul\libc.a(libc_a-mprec.o)
                0x000308f8                __mprec_tinytens
 .rodata.__mprec_bigtens
                0x00030920       0x28 c:/intelfpga_lite/23.1std/nios2eds/bin/gnu/h-x86_64-mingw32/bin/../lib/gcc/nios2-elf/12.3.1/../../../../../H-x86_64-mingw32/nios2-elf/lib/mno-hw-mul\libc.a(libc_a-mprec.o)
                0x00030920                __mprec_bigtens
 .rodata.__mprec_tens
                0x00030948       0xc8 c:/intelfpga_lite/23.1std/nios2eds/bin/gnu/h-x86_64-mingw32/bin/../lib/gcc/nios2-elf/12.3.1/../../../../../H-x86_64-mingw32/nios2-elf/lib/mno-hw-mul\libc.a(libc_a-mprec.o)
                0x00030948                __mprec_tens
 .rodata._ctype_
                0x00030a10      0x101 c:/intelfpga_lite/23.1std/nios2eds/bin/gnu/h-x86_64-mingw32/bin/../lib/gcc/nios2-elf/12.3.1/../../../../../H-x86_64-mingw32/nios2-elf/lib/mno-hw-mul\libc.a(libc_a-ctype_.o)
                0x00030a10                _ctype_
 *fill*         0x00030b11        0x3 
 .rodata._ctype_b
                0x00030b14      0x180 c:/intelfpga_lite/23.1std/nios2eds/bin/gnu/h-x86_64-mingw32/bin/../lib/gcc/nios2-elf/12.3.1/../../../../../H-x86_64-mingw32/nios2-elf/lib/mno-hw-mul\libc.a(libc_a-ctype_.o)
                0x00030b14                _ctype_b
 .rodata.__assert_func.str1.4
                0x00030c94       0x3f c:/intelfpga_lite/23.1std/nios2eds/bin/gnu/h-x86_64-mingw32/bin/../lib/gcc/nios2-elf/12.3.1/../../../../../H-x86_64-mingw32/nios2-elf/lib/mno-hw-mul\libc.a(libc_a-assert.o)
                                 0x43 (size before relaxing)
 *fill*         0x00030cd3        0x1 
 .rodata        0x00030cd4        0xa d:/quartus_prime_lite/workspace_intel/nios_led3/nios_led3/software/led3_bsp/\libhal_bsp.a(alt_dev.o)
 *fill*         0x00030cde        0x2 
 .rodata        0x00030ce0        0xf d:/quartus_prime_lite/workspace_intel/nios_led3/nios_led3/software/led3_bsp/\libhal_bsp.a(alt_main.o)
 *fill*         0x00030cef        0x1 
 .rodata        0x00030cf0        0xf d:/quartus_prime_lite/workspace_intel/nios_led3/nios_led3/software/led3_bsp/\libhal_bsp.a(alt_sys_init.o)
 *(.rodata1)
                0x00030d00                        . = ALIGN (0x4)
 *fill*         0x00030cff        0x1 
                0x00030d00                        PROVIDE (__ram_rodata_end = ABSOLUTE (.))
                0x000306a0                        PROVIDE (__flash_rodata_start = LOADADDR (.rodata))

.rwdata         0x00030d00     0x18dc load address 0x000325dc
                0x00030d00                        PROVIDE (__ram_rwdata_start = ABSOLUTE (.))
                0x00030d00                        . = ALIGN (0x4)
 *(.got.plt)
 *(.got)
 *(.data1)
 *(.data .data.* .gnu.linkonce.d.*)
 .data          0x00030d00        0x0 d:/quartus_prime_lite/workspace_intel/nios_led3/nios_led3/software/led3_bsp//obj/HAL/src/crt0.o
 .data          0x00030d00        0x0 obj/default/gpio_drv.o
 .data          0x00030d00        0x0 obj/default/led3_test_hal.o
 .data          0x00030d00        0x0 c:/intelfpga_lite/23.1std/nios2eds/bin/gnu/h-x86_64-mingw32/bin/../lib/gcc/nios2-elf/12.3.1/mno-hw-mul\libgcc.a(_muldi3.o)
 .data          0x00030d00        0x0 c:/intelfpga_lite/23.1std/nios2eds/bin/gnu/h-x86_64-mingw32/bin/../lib/gcc/nios2-elf/12.3.1/mno-hw-mul\libgcc.a(_udivdi3.o)
 .data          0x00030d00        0x0 c:/intelfpga_lite/23.1std/nios2eds/bin/gnu/h-x86_64-mingw32/bin/../lib/gcc/nios2-elf/12.3.1/mno-hw-mul\libgcc.a(lib2-divmod.o)
 .data          0x00030d00        0x0 c:/intelfpga_lite/23.1std/nios2eds/bin/gnu/h-x86_64-mingw32/bin/../lib/gcc/nios2-elf/12.3.1/mno-hw-mul\libgcc.a(lib2-mul.o)
 .data          0x00030d00        0x0 c:/intelfpga_lite/23.1std/nios2eds/bin/gnu/h-x86_64-mingw32/bin/../lib/gcc/nios2-elf/12.3.1/mno-hw-mul\libgcc.a(_clz.o)
 .data          0x00030d00        0x0 c:/intelfpga_lite/23.1std/nios2eds/bin/gnu/h-x86_64-mingw32/bin/../lib/gcc/nios2-elf/12.3.1/../../../../../H-x86_64-mingw32/nios2-elf/lib/mno-hw-mul\libc.a(libc_a-printf.o)
 .data          0x00030d00        0x0 c:/intelfpga_lite/23.1std/nios2eds/bin/gnu/h-x86_64-mingw32/bin/../lib/gcc/nios2-elf/12.3.1/../../../../../H-x86_64-mingw32/nios2-elf/lib/mno-hw-mul\libc.a(libc_a-impure.o)
 .data._impure_data
                0x00030d00      0x11c c:/intelfpga_lite/23.1std/nios2eds/bin/gnu/h-x86_64-mingw32/bin/../lib/gcc/nios2-elf/12.3.1/../../../../../H-x86_64-mingw32/nios2-elf/lib/mno-hw-mul\libc.a(libc_a-impure.o)
                0x00030d00                _impure_data
 .data          0x00030e1c        0x0 c:/intelfpga_lite/23.1std/nios2eds/bin/gnu/h-x86_64-mingw32/bin/../lib/gcc/nios2-elf/12.3.1/../../../../../H-x86_64-mingw32/nios2-elf/lib/mno-hw-mul\libc.a(libc_a-vfprintf.o)
 .data          0x00030e1c        0x0 c:/intelfpga_lite/23.1std/nios2eds/bin/gnu/h-x86_64-mingw32/bin/../lib/gcc/nios2-elf/12.3.1/../../../../../H-x86_64-mingw32/nios2-elf/lib/mno-hw-mul\libc.a(libc_a-vfiprintf.o)
 .data          0x00030e1c        0x0 c:/intelfpga_lite/23.1std/nios2eds/bin/gnu/h-x86_64-mingw32/bin/../lib/gcc/nios2-elf/12.3.1/../../../../../H-x86_64-mingw32/nios2-elf/lib/mno-hw-mul\libc.a(libc_a-fflush.o)
 .data          0x00030e1c        0x0 c:/intelfpga_lite/23.1std/nios2eds/bin/gnu/h-x86_64-mingw32/bin/../lib/gcc/nios2-elf/12.3.1/../../../../../H-x86_64-mingw32/nios2-elf/lib/mno-hw-mul\libc.a(libc_a-findfp.o)
 .data.__sglue  0x00030e1c        0xc c:/intelfpga_lite/23.1std/nios2eds/bin/gnu/h-x86_64-mingw32/bin/../lib/gcc/nios2-elf/12.3.1/../../../../../H-x86_64-mingw32/nios2-elf/lib/mno-hw-mul\libc.a(libc_a-findfp.o)
                0x00030e1c                __sglue
 .data          0x00030e28        0x0 c:/intelfpga_lite/23.1std/nios2eds/bin/gnu/h-x86_64-mingw32/bin/../lib/gcc/nios2-elf/12.3.1/../../../../../H-x86_64-mingw32/nios2-elf/lib/mno-hw-mul\libc.a(libc_a-fvwrite.o)
 .data          0x00030e28        0x0 c:/intelfpga_lite/23.1std/nios2eds/bin/gnu/h-x86_64-mingw32/bin/../lib/gcc/nios2-elf/12.3.1/../../../../../H-x86_64-mingw32/nios2-elf/lib/mno-hw-mul\libc.a(libc_a-fwalk.o)
 .data          0x00030e28        0x0 c:/intelfpga_lite/23.1std/nios2eds/bin/gnu/h-x86_64-mingw32/bin/../lib/gcc/nios2-elf/12.3.1/../../../../../H-x86_64-mingw32/nios2-elf/lib/mno-hw-mul\libc.a(libc_a-stdio.o)
 .data          0x00030e28        0x0 c:/intelfpga_lite/23.1std/nios2eds/bin/gnu/h-x86_64-mingw32/bin/../lib/gcc/nios2-elf/12.3.1/../../../../../H-x86_64-mingw32/nios2-elf/lib/mno-hw-mul\libc.a(libc_a-wsetup.o)
 .data          0x00030e28        0x0 c:/intelfpga_lite/23.1std/nios2eds/bin/gnu/h-x86_64-mingw32/bin/../lib/gcc/nios2-elf/12.3.1/../../../../../H-x86_64-mingw32/nios2-elf/lib/mno-hw-mul\libc.a(libc_a-fputwc.o)
 .data          0x00030e28        0x0 c:/intelfpga_lite/23.1std/nios2eds/bin/gnu/h-x86_64-mingw32/bin/../lib/gcc/nios2-elf/12.3.1/../../../../../H-x86_64-mingw32/nios2-elf/lib/mno-hw-mul\libc.a(libc_a-memchr.o)
 .data          0x00030e28        0x0 c:/intelfpga_lite/23.1std/nios2eds/bin/gnu/h-x86_64-mingw32/bin/../lib/gcc/nios2-elf/12.3.1/../../../../../H-x86_64-mingw32/nios2-elf/lib/mno-hw-mul\libc.a(libc_a-memcpy.o)
 .data          0x00030e28        0x0 c:/intelfpga_lite/23.1std/nios2eds/bin/gnu/h-x86_64-mingw32/bin/../lib/gcc/nios2-elf/12.3.1/../../../../../H-x86_64-mingw32/nios2-elf/lib/mno-hw-mul\libc.a(libc_a-memmove.o)
 .data          0x00030e28        0x0 c:/intelfpga_lite/23.1std/nios2eds/bin/gnu/h-x86_64-mingw32/bin/../lib/gcc/nios2-elf/12.3.1/../../../../../H-x86_64-mingw32/nios2-elf/lib/mno-hw-mul\libc.a(libc_a-memset.o)
 .data          0x00030e28        0x0 c:/intelfpga_lite/23.1std/nios2eds/bin/gnu/h-x86_64-mingw32/bin/../lib/gcc/nios2-elf/12.3.1/../../../../../H-x86_64-mingw32/nios2-elf/lib/mno-hw-mul\libc.a(libc_a-strlen.o)
 .data          0x00030e28        0x0 c:/intelfpga_lite/23.1std/nios2eds/bin/gnu/h-x86_64-mingw32/bin/../lib/gcc/nios2-elf/12.3.1/../../../../../H-x86_64-mingw32/nios2-elf/lib/mno-hw-mul\libc.a(libc_a-locale.o)
 .data.__global_locale
                0x00030e28      0x16c c:/intelfpga_lite/23.1std/nios2eds/bin/gnu/h-x86_64-mingw32/bin/../lib/gcc/nios2-elf/12.3.1/../../../../../H-x86_64-mingw32/nios2-elf/lib/mno-hw-mul\libc.a(libc_a-locale.o)
                0x00030e28                __global_locale
 .data          0x00030f94        0x0 c:/intelfpga_lite/23.1std/nios2eds/bin/gnu/h-x86_64-mingw32/bin/../lib/gcc/nios2-elf/12.3.1/../../../../../H-x86_64-mingw32/nios2-elf/lib/mno-hw-mul\libc.a(libc_a-localeconv.o)
 .data          0x00030f94        0x0 c:/intelfpga_lite/23.1std/nios2eds/bin/gnu/h-x86_64-mingw32/bin/../lib/gcc/nios2-elf/12.3.1/../../../../../H-x86_64-mingw32/nios2-elf/lib/mno-hw-mul\libc.a(libc_a-closer.o)
 .data          0x00030f94        0x0 c:/intelfpga_lite/23.1std/nios2eds/bin/gnu/h-x86_64-mingw32/bin/../lib/gcc/nios2-elf/12.3.1/../../../../../H-x86_64-mingw32/nios2-elf/lib/mno-hw-mul\libc.a(libc_a-reent.o)
 .data          0x00030f94        0x0 c:/intelfpga_lite/23.1std/nios2eds/bin/gnu/h-x86_64-mingw32/bin/../lib/gcc/nios2-elf/12.3.1/../../../../../H-x86_64-mingw32/nios2-elf/lib/mno-hw-mul\libc.a(libc_a-lseekr.o)
 .data          0x00030f94        0x0 c:/intelfpga_lite/23.1std/nios2eds/bin/gnu/h-x86_64-mingw32/bin/../lib/gcc/nios2-elf/12.3.1/../../../../../H-x86_64-mingw32/nios2-elf/lib/mno-hw-mul\libc.a(libc_a-readr.o)
 .data          0x00030f94        0x0 c:/intelfpga_lite/23.1std/nios2eds/bin/gnu/h-x86_64-mingw32/bin/../lib/gcc/nios2-elf/12.3.1/../../../../../H-x86_64-mingw32/nios2-elf/lib/mno-hw-mul\libc.a(libc_a-writer.o)
 .data          0x00030f94        0x0 c:/intelfpga_lite/23.1std/nios2eds/bin/gnu/h-x86_64-mingw32/bin/../lib/gcc/nios2-elf/12.3.1/../../../../../H-x86_64-mingw32/nios2-elf/lib/mno-hw-mul\libc.a(libc_a-dtoa.o)
 .data          0x00030f94        0x0 c:/intelfpga_lite/23.1std/nios2eds/bin/gnu/h-x86_64-mingw32/bin/../lib/gcc/nios2-elf/12.3.1/../../../../../H-x86_64-mingw32/nios2-elf/lib/mno-hw-mul\libc.a(libc_a-exit.o)
 .data          0x00030f94        0x0 c:/intelfpga_lite/23.1std/nios2eds/bin/gnu/h-x86_64-mingw32/bin/../lib/gcc/nios2-elf/12.3.1/../../../../../H-x86_64-mingw32/nios2-elf/lib/mno-hw-mul\libc.a(libc_a-freer.o)
 .data          0x00030f94        0x0 c:/intelfpga_lite/23.1std/nios2eds/bin/gnu/h-x86_64-mingw32/bin/../lib/gcc/nios2-elf/12.3.1/../../../../../H-x86_64-mingw32/nios2-elf/lib/mno-hw-mul\libc.a(libc_a-mallocr.o)
 .data.__malloc_av_
                0x00030f94      0x408 c:/intelfpga_lite/23.1std/nios2eds/bin/gnu/h-x86_64-mingw32/bin/../lib/gcc/nios2-elf/12.3.1/../../../../../H-x86_64-mingw32/nios2-elf/lib/mno-hw-mul\libc.a(libc_a-mallocr.o)
                0x00030f94                __malloc_av_
 .data          0x0003139c        0x0 c:/intelfpga_lite/23.1std/nios2eds/bin/gnu/h-x86_64-mingw32/bin/../lib/gcc/nios2-elf/12.3.1/../../../../../H-x86_64-mingw32/nios2-elf/lib/mno-hw-mul\libc.a(libc_a-mbtowc_r.o)
 .data          0x0003139c        0x0 c:/intelfpga_lite/23.1std/nios2eds/bin/gnu/h-x86_64-mingw32/bin/../lib/gcc/nios2-elf/12.3.1/../../../../../H-x86_64-mingw32/nios2-elf/lib/mno-hw-mul\libc.a(libc_a-mprec.o)
 .data          0x0003139c        0x0 c:/intelfpga_lite/23.1std/nios2eds/bin/gnu/h-x86_64-mingw32/bin/../lib/gcc/nios2-elf/12.3.1/../../../../../H-x86_64-mingw32/nios2-elf/lib/mno-hw-mul\libc.a(libc_a-reallocr.o)
 .data          0x0003139c        0x0 c:/intelfpga_lite/23.1std/nios2eds/bin/gnu/h-x86_64-mingw32/bin/../lib/gcc/nios2-elf/12.3.1/../../../../../H-x86_64-mingw32/nios2-elf/lib/mno-hw-mul\libc.a(libc_a-wctomb_r.o)
 .data          0x0003139c        0x0 c:/intelfpga_lite/23.1std/nios2eds/bin/gnu/h-x86_64-mingw32/bin/../lib/gcc/nios2-elf/12.3.1/../../../../../H-x86_64-mingw32/nios2-elf/lib/mno-hw-mul\libc.a(libc_a-wcrtomb.o)
 .data          0x0003139c        0x0 c:/intelfpga_lite/23.1std/nios2eds/bin/gnu/h-x86_64-mingw32/bin/../lib/gcc/nios2-elf/12.3.1/../../../../../H-x86_64-mingw32/nios2-elf/lib/mno-hw-mul\libc.a(libc_a-ctype_.o)
 .data          0x0003139c        0x0 c:/intelfpga_lite/23.1std/nios2eds/bin/gnu/h-x86_64-mingw32/bin/../lib/gcc/nios2-elf/12.3.1/../../../../../H-x86_64-mingw32/nios2-elf/lib/mno-hw-mul\libc.a(libc_a-fclose.o)
 .data          0x0003139c        0x0 c:/intelfpga_lite/23.1std/nios2eds/bin/gnu/h-x86_64-mingw32/bin/../lib/gcc/nios2-elf/12.3.1/../../../../../H-x86_64-mingw32/nios2-elf/lib/mno-hw-mul\libc.a(libc_a-makebuf.o)
 .data          0x0003139c        0x0 c:/intelfpga_lite/23.1std/nios2eds/bin/gnu/h-x86_64-mingw32/bin/../lib/gcc/nios2-elf/12.3.1/../../../../../H-x86_64-mingw32/nios2-elf/lib/mno-hw-mul\libc.a(libc_a-wbuf.o)
 .data          0x0003139c        0x0 c:/intelfpga_lite/23.1std/nios2eds/bin/gnu/h-x86_64-mingw32/bin/../lib/gcc/nios2-elf/12.3.1/../../../../../H-x86_64-mingw32/nios2-elf/lib/mno-hw-mul\libc.a(libc_a-strcmp.o)
 .data          0x0003139c        0x0 c:/intelfpga_lite/23.1std/nios2eds/bin/gnu/h-x86_64-mingw32/bin/../lib/gcc/nios2-elf/12.3.1/../../../../../H-x86_64-mingw32/nios2-elf/lib/mno-hw-mul\libc.a(libc_a-fstatr.o)
 .data          0x0003139c        0x0 c:/intelfpga_lite/23.1std/nios2eds/bin/gnu/h-x86_64-mingw32/bin/../lib/gcc/nios2-elf/12.3.1/../../../../../H-x86_64-mingw32/nios2-elf/lib/mno-hw-mul\libc.a(libc_a-isattyr.o)
 .data          0x0003139c        0x0 c:/intelfpga_lite/23.1std/nios2eds/bin/gnu/h-x86_64-mingw32/bin/../lib/gcc/nios2-elf/12.3.1/../../../../../H-x86_64-mingw32/nios2-elf/lib/mno-hw-mul\libc.a(libc_a-sbrkr.o)
 .data          0x0003139c        0x0 c:/intelfpga_lite/23.1std/nios2eds/bin/gnu/h-x86_64-mingw32/bin/../lib/gcc/nios2-elf/12.3.1/../../../../../H-x86_64-mingw32/nios2-elf/lib/mno-hw-mul\libc.a(libc_a-__call_atexit.o)
 .data          0x0003139c        0x0 c:/intelfpga_lite/23.1std/nios2eds/bin/gnu/h-x86_64-mingw32/bin/../lib/gcc/nios2-elf/12.3.1/../../../../../H-x86_64-mingw32/nios2-elf/lib/mno-hw-mul\libc.a(libc_a-assert.o)
 .data          0x0003139c        0x0 c:/intelfpga_lite/23.1std/nios2eds/bin/gnu/h-x86_64-mingw32/bin/../lib/gcc/nios2-elf/12.3.1/../../../../../H-x86_64-mingw32/nios2-elf/lib/mno-hw-mul\libc.a(libc_a-callocr.o)
 .data          0x0003139c        0x0 c:/intelfpga_lite/23.1std/nios2eds/bin/gnu/h-x86_64-mingw32/bin/../lib/gcc/nios2-elf/12.3.1/../../../../../H-x86_64-mingw32/nios2-elf/lib/mno-hw-mul\libc.a(libc_a-fiprintf.o)
 .data          0x0003139c        0x0 c:/intelfpga_lite/23.1std/nios2eds/bin/gnu/h-x86_64-mingw32/bin/../lib/gcc/nios2-elf/12.3.1/../../../../../H-x86_64-mingw32/nios2-elf/lib/mno-hw-mul\libc.a(libc_a-vfiprintfr_1.o)
 .data          0x0003139c        0x0 c:/intelfpga_lite/23.1std/nios2eds/bin/gnu/h-x86_64-mingw32/bin/../lib/gcc/nios2-elf/12.3.1/../../../../../H-x86_64-mingw32/nios2-elf/lib/mno-hw-mul\libc.a(libc_a-errno.o)
 .data          0x0003139c        0x0 c:/intelfpga_lite/23.1std/nios2eds/bin/gnu/h-x86_64-mingw32/bin/../lib/gcc/nios2-elf/12.3.1/../../../../../H-x86_64-mingw32/nios2-elf/lib/mno-hw-mul\libc.a(libc_a-abort.o)
 .data          0x0003139c        0x0 c:/intelfpga_lite/23.1std/nios2eds/bin/gnu/h-x86_64-mingw32/bin/../lib/gcc/nios2-elf/12.3.1/../../../../../H-x86_64-mingw32/nios2-elf/lib/mno-hw-mul\libc.a(libc_a-signal.o)
 .data          0x0003139c        0x0 c:/intelfpga_lite/23.1std/nios2eds/bin/gnu/h-x86_64-mingw32/bin/../lib/gcc/nios2-elf/12.3.1/../../../../../H-x86_64-mingw32/nios2-elf/lib/mno-hw-mul\libc.a(libc_a-signalr.o)
 .data          0x0003139c        0x0 c:/intelfpga_lite/23.1std/nios2eds/bin/gnu/h-x86_64-mingw32/bin/../lib/gcc/nios2-elf/12.3.1/mno-hw-mul\libgcc.a(_umoddi3.o)
 .data          0x0003139c        0x0 c:/intelfpga_lite/23.1std/nios2eds/bin/gnu/h-x86_64-mingw32/bin/../lib/gcc/nios2-elf/12.3.1/mno-hw-mul\libgcc.a(adddf3.o)
 .data          0x0003139c        0x0 c:/intelfpga_lite/23.1std/nios2eds/bin/gnu/h-x86_64-mingw32/bin/../lib/gcc/nios2-elf/12.3.1/mno-hw-mul\libgcc.a(divdf3.o)
 .data          0x0003139c        0x0 c:/intelfpga_lite/23.1std/nios2eds/bin/gnu/h-x86_64-mingw32/bin/../lib/gcc/nios2-elf/12.3.1/mno-hw-mul\libgcc.a(eqdf2.o)
 .data          0x0003139c        0x0 c:/intelfpga_lite/23.1std/nios2eds/bin/gnu/h-x86_64-mingw32/bin/../lib/gcc/nios2-elf/12.3.1/mno-hw-mul\libgcc.a(gedf2.o)
 .data          0x0003139c        0x0 c:/intelfpga_lite/23.1std/nios2eds/bin/gnu/h-x86_64-mingw32/bin/../lib/gcc/nios2-elf/12.3.1/mno-hw-mul\libgcc.a(ledf2.o)
 .data          0x0003139c        0x0 c:/intelfpga_lite/23.1std/nios2eds/bin/gnu/h-x86_64-mingw32/bin/../lib/gcc/nios2-elf/12.3.1/mno-hw-mul\libgcc.a(muldf3.o)
 .data          0x0003139c        0x0 c:/intelfpga_lite/23.1std/nios2eds/bin/gnu/h-x86_64-mingw32/bin/../lib/gcc/nios2-elf/12.3.1/mno-hw-mul\libgcc.a(subdf3.o)
 .data          0x0003139c        0x0 c:/intelfpga_lite/23.1std/nios2eds/bin/gnu/h-x86_64-mingw32/bin/../lib/gcc/nios2-elf/12.3.1/mno-hw-mul\libgcc.a(unorddf2.o)
 .data          0x0003139c        0x0 c:/intelfpga_lite/23.1std/nios2eds/bin/gnu/h-x86_64-mingw32/bin/../lib/gcc/nios2-elf/12.3.1/mno-hw-mul\libgcc.a(fixdfsi.o)
 .data          0x0003139c        0x0 c:/intelfpga_lite/23.1std/nios2eds/bin/gnu/h-x86_64-mingw32/bin/../lib/gcc/nios2-elf/12.3.1/mno-hw-mul\libgcc.a(floatsidf.o)
 .data          0x0003139c        0x0 c:/intelfpga_lite/23.1std/nios2eds/bin/gnu/h-x86_64-mingw32/bin/../lib/gcc/nios2-elf/12.3.1/mno-hw-mul\libgcc.a(floatunsidf.o)
 .data          0x0003139c        0x0 c:/intelfpga_lite/23.1std/nios2eds/bin/gnu/h-x86_64-mingw32/bin/../lib/gcc/nios2-elf/12.3.1/mno-hw-mul\libgcc.a(_clzsi2.o)
 .data          0x0003139c        0x0 d:/quartus_prime_lite/workspace_intel/nios_led3/nios_led3/software/led3_bsp/\libhal_bsp.a(alt_close.o)
 .data          0x0003139c      0x1a8 d:/quartus_prime_lite/workspace_intel/nios_led3/nios_led3/software/led3_bsp/\libhal_bsp.a(alt_dev.o)
                0x0003139c                alt_dev_null
                0x000313c4                alt_fd_list
 .data          0x00031544        0x0 d:/quartus_prime_lite/workspace_intel/nios_led3/nios_led3/software/led3_bsp/\libhal_bsp.a(alt_errno.o)
 .data          0x00031544        0x0 d:/quartus_prime_lite/workspace_intel/nios_led3/nios_led3/software/led3_bsp/\libhal_bsp.a(alt_exit.o)
 .data          0x00031544        0x0 d:/quartus_prime_lite/workspace_intel/nios_led3/nios_led3/software/led3_bsp/\libhal_bsp.a(alt_fstat.o)
 .data          0x00031544        0x0 d:/quartus_prime_lite/workspace_intel/nios_led3/nios_led3/software/led3_bsp/\libhal_bsp.a(alt_getpid.o)
 .data          0x00031544        0x0 d:/quartus_prime_lite/workspace_intel/nios_led3/nios_led3/software/led3_bsp/\libhal_bsp.a(alt_isatty.o)
 .data          0x00031544        0x0 d:/quartus_prime_lite/workspace_intel/nios_led3/nios_led3/software/led3_bsp/\libhal_bsp.a(alt_kill.o)
 .data          0x00031544        0x0 d:/quartus_prime_lite/workspace_intel/nios_led3/nios_led3/software/led3_bsp/\libhal_bsp.a(alt_load.o)
 .data          0x00031544        0x0 d:/quartus_prime_lite/workspace_intel/nios_led3/nios_led3/software/led3_bsp/\libhal_bsp.a(alt_lseek.o)
 .data          0x00031544        0x0 d:/quartus_prime_lite/workspace_intel/nios_led3/nios_led3/software/led3_bsp/\libhal_bsp.a(alt_main.o)
 .data          0x00031544        0x0 d:/quartus_prime_lite/workspace_intel/nios_led3/nios_led3/software/led3_bsp/\libhal_bsp.a(alt_malloc_lock.o)
 .data          0x00031544        0x0 d:/quartus_prime_lite/workspace_intel/nios_led3/nios_led3/software/led3_bsp/\libhal_bsp.a(alt_read.o)
 .data          0x00031544        0x0 d:/quartus_prime_lite/workspace_intel/nios_led3/nios_led3/software/led3_bsp/\libhal_bsp.a(alt_release_fd.o)
 .data          0x00031544        0x0 d:/quartus_prime_lite/workspace_intel/nios_led3/nios_led3/software/led3_bsp/\libhal_bsp.a(alt_sbrk.o)
 .data          0x00031544        0x0 d:/quartus_prime_lite/workspace_intel/nios_led3/nios_led3/software/led3_bsp/\libhal_bsp.a(alt_tick.o)
 .data          0x00031544        0x0 d:/quartus_prime_lite/workspace_intel/nios_led3/nios_led3/software/led3_bsp/\libhal_bsp.a(alt_usleep.o)
 .data          0x00031544        0x0 d:/quartus_prime_lite/workspace_intel/nios_led3/nios_led3/software/led3_bsp/\libhal_bsp.a(alt_write.o)
 .data          0x00031544     0x1060 d:/quartus_prime_lite/workspace_intel/nios_led3/nios_led3/software/led3_bsp/\libhal_bsp.a(alt_sys_init.o)
 .data          0x000325a4        0x0 d:/quartus_prime_lite/workspace_intel/nios_led3/nios_led3/software/led3_bsp/\libhal_bsp.a(altera_avalon_jtag_uart_fd.o)
 .data          0x000325a4        0x0 d:/quartus_prime_lite/workspace_intel/nios_led3/nios_led3/software/led3_bsp/\libhal_bsp.a(altera_avalon_jtag_uart_init.o)
 .data          0x000325a4        0x0 d:/quartus_prime_lite/workspace_intel/nios_led3/nios_led3/software/led3_bsp/\libhal_bsp.a(altera_avalon_jtag_uart_ioctl.o)
 .data          0x000325a4        0x0 d:/quartus_prime_lite/workspace_intel/nios_led3/nios_led3/software/led3_bsp/\libhal_bsp.a(altera_avalon_jtag_uart_read.o)
 .data          0x000325a4        0x0 d:/quartus_prime_lite/workspace_intel/nios_led3/nios_led3/software/led3_bsp/\libhal_bsp.a(altera_avalon_jtag_uart_write.o)
 .data          0x000325a4        0x0 d:/quartus_prime_lite/workspace_intel/nios_led3/nios_led3/software/led3_bsp/\libhal_bsp.a(altera_avalon_timer_sc.o)
 .data          0x000325a4        0x0 d:/quartus_prime_lite/workspace_intel/nios_led3/nios_led3/software/led3_bsp/\libhal_bsp.a(alt_alarm_start.o)
 .data          0x000325a4        0x0 d:/quartus_prime_lite/workspace_intel/nios_led3/nios_led3/software/led3_bsp/\libhal_bsp.a(alt_busy_sleep.o)
 .data          0x000325a4        0x0 d:/quartus_prime_lite/workspace_intel/nios_led3/nios_led3/software/led3_bsp/\libhal_bsp.a(alt_dcache_flush_all.o)
 .data          0x000325a4        0x0 d:/quartus_prime_lite/workspace_intel/nios_led3/nios_led3/software/led3_bsp/\libhal_bsp.a(alt_dev_llist_insert.o)
 .data          0x000325a4        0x0 d:/quartus_prime_lite/workspace_intel/nios_led3/nios_led3/software/led3_bsp/\libhal_bsp.a(alt_do_ctors.o)
 .data          0x000325a4        0x0 d:/quartus_prime_lite/workspace_intel/nios_led3/nios_led3/software/led3_bsp/\libhal_bsp.a(alt_do_dtors.o)
 .data          0x000325a4        0x0 d:/quartus_prime_lite/workspace_intel/nios_led3/nios_led3/software/led3_bsp/\libhal_bsp.a(alt_icache_flush_all.o)
 .data          0x000325a4        0x0 d:/quartus_prime_lite/workspace_intel/nios_led3/nios_led3/software/led3_bsp/\libhal_bsp.a(alt_iic.o)
 .data          0x000325a4        0x0 d:/quartus_prime_lite/workspace_intel/nios_led3/nios_led3/software/led3_bsp/\libhal_bsp.a(alt_iic_isr_register.o)
 .data          0x000325a4        0x0 d:/quartus_prime_lite/workspace_intel/nios_led3/nios_led3/software/led3_bsp/\libhal_bsp.a(alt_io_redirect.o)
 .data          0x000325a4        0x0 d:/quartus_prime_lite/workspace_intel/nios_led3/nios_led3/software/led3_bsp/\libhal_bsp.a(alt_irq_entry.o)
 .data          0x000325a4        0x0 d:/quartus_prime_lite/workspace_intel/nios_led3/nios_led3/software/led3_bsp/\libhal_bsp.a(alt_irq_handler.o)
 .data          0x000325a4        0x0 d:/quartus_prime_lite/workspace_intel/nios_led3/nios_led3/software/led3_bsp/\libhal_bsp.a(alt_irq_vars.o)
 .data          0x000325a4        0x0 d:/quartus_prime_lite/workspace_intel/nios_led3/nios_led3/software/led3_bsp/\libhal_bsp.a(alt_open.o)
 .data          0x000325a4        0x0 d:/quartus_prime_lite/workspace_intel/nios_led3/nios_led3/software/led3_bsp/\libhal_bsp.a(altera_nios2_gen2_irq.o)
 .data          0x000325a4        0x0 d:/quartus_prime_lite/workspace_intel/nios_led3/nios_led3/software/led3_bsp/\libhal_bsp.a(alt_exception_entry.o)
 .data          0x000325a4        0x0 d:/quartus_prime_lite/workspace_intel/nios_led3/nios_led3/software/led3_bsp/\libhal_bsp.a(alt_find_dev.o)
 .data          0x000325a4        0x0 d:/quartus_prime_lite/workspace_intel/nios_led3/nios_led3/software/led3_bsp/\libhal_bsp.a(alt_find_file.o)
 .data          0x000325a4        0x0 d:/quartus_prime_lite/workspace_intel/nios_led3/nios_led3/software/led3_bsp/\libhal_bsp.a(alt_get_fd.o)
 .data          0x000325a4        0x0 d:/quartus_prime_lite/workspace_intel/nios_led3/nios_led3/software/led3_bsp/\libhal_bsp.a(alt_instruction_exception_entry.o)
 .data          0x000325a4        0x0 c:/intelfpga_lite/23.1std/nios2eds/bin/gnu/h-x86_64-mingw32/bin/../lib/gcc/nios2-elf/12.3.1/../../../../../H-x86_64-mingw32/nios2-elf/lib/mno-hw-mul\libc.a(libc_a-atexit.o)
 .data          0x000325a4        0x0 c:/intelfpga_lite/23.1std/nios2eds/bin/gnu/h-x86_64-mingw32/bin/../lib/gcc/nios2-elf/12.3.1/../../../../../H-x86_64-mingw32/nios2-elf/lib/mno-hw-mul\libc.a(libc_a-memcmp.o)
 .data          0x000325a4        0x0 c:/intelfpga_lite/23.1std/nios2eds/bin/gnu/h-x86_64-mingw32/bin/../lib/gcc/nios2-elf/12.3.1/../../../../../H-x86_64-mingw32/nios2-elf/lib/mno-hw-mul\libc.a(libc_a-__atexit.o)
                0x0003a5a4                        _gp = ABSOLUTE ((. + 0x8000))
                [!provide]                        PROVIDE (gp = _gp)
 *(.rwdata .rwdata.*)
 *(.sdata .sdata.* .gnu.linkonce.s.*)
 .sdata         0x000325a4        0x2 obj/default/led3_test_hal.o
 *fill*         0x000325a6        0x2 
 .sdata._impure_ptr
                0x000325a8        0x4 c:/intelfpga_lite/23.1std/nios2eds/bin/gnu/h-x86_64-mingw32/bin/../lib/gcc/nios2-elf/12.3.1/../../../../../H-x86_64-mingw32/nios2-elf/lib/mno-hw-mul\libc.a(libc_a-impure.o)
                0x000325a8                _impure_ptr
 .sdata.__malloc_sbrk_base
                0x000325ac        0x4 c:/intelfpga_lite/23.1std/nios2eds/bin/gnu/h-x86_64-mingw32/bin/../lib/gcc/nios2-elf/12.3.1/../../../../../H-x86_64-mingw32/nios2-elf/lib/mno-hw-mul\libc.a(libc_a-mallocr.o)
                0x000325ac                __malloc_sbrk_base
 .sdata.__malloc_trim_threshold
                0x000325b0        0x4 c:/intelfpga_lite/23.1std/nios2eds/bin/gnu/h-x86_64-mingw32/bin/../lib/gcc/nios2-elf/12.3.1/../../../../../H-x86_64-mingw32/nios2-elf/lib/mno-hw-mul\libc.a(libc_a-mallocr.o)
                0x000325b0                __malloc_trim_threshold