Archive member included to satisfy reference by file (symbol)

c:/intelfpga_lite/23.1std/nios2eds/bin/gnu/h-x86_64-mingw32/bin/../lib/gcc/nios2-elf/12.3.1/mno-hw-mul\libgcc.a(lib2-divmod.o)
                              obj/default/led3_test_isr.o (__divsi3)
c:/intelfpga_lite/23.1std/nios2eds/bin/gnu/h-x86_64-mingw32/bin/../lib/gcc/nios2-elf/12.3.1/../../../../../H-x86_64-mingw32/nios2-elf/lib/mno-hw-mul\libc.a(libc_a-printf.o)
                              obj/default/led3_test_isr.o (printf)
c:/intelfpga_lite/23.1std/nios2eds/bin/gnu/h-x86_64-mingw32/bin/../lib/gcc/nios2-elf/12.3.1/../../../../../H-x86_64-mingw32/nios2-elf/lib/mno-hw-mul\libc.a(libc_a-impure.o)
                              c:/intelfpga_lite/23.1std/nios2eds/bin/gnu/h-x86_64-mingw32/bin/../lib/gcc/nios2-elf/12.3.1/../../../../../H-x86_64-mingw32/nios2-elf/lib/mno-hw-mul\libc.a(libc_a-printf.o) (_impure_ptr)
c:/intelfpga_lite/23.1std/nios2eds/bin/gnu/h-x86_64-mingw32/bin/../lib/gcc/nios2-elf/12.3.1/../../../../../H-x86_64-mingw32/nios2-elf/lib/mno-hw-mul\libc.a(libc_a-vfprintf.o)
                              c:/intelfpga_lite/23.1std/nios2eds/bin/gnu/h-x86_64-mingw32/bin/../lib/gcc/nios2-elf/12.3.1/../../../../../H-x86_64-mingw32/nios2-elf/lib/mno-hw-mul\libc.a(libc_a-printf.o) (___vfprintf_internal_r)
c:/intelfpga_lite/23.1std/nios2eds/bin/gnu/h-x86_64-mingw32/bin/../lib/gcc/nios2-elf/12.3.1/../../../../../H-x86_64-mingw32/nios2-elf/lib/mno-hw-mul\libc.a(libc_a-vfiprintf.o)
                              c:/intelfpga_lite/23.1std/nios2eds/bin/gnu/h-x86_64-mingw32/bin/../lib/gcc/nios2-elf/12.3.1/../../../../../H-x86_64-mingw32/nios2-elf/lib/mno-hw-mul\libc.a(libc_a-vfprintf.o) (__sprint_r)
c:/intelfpga_lite/23.1std/nios2eds/bin/gnu/h-x86_64-mingw32/bin/../lib/gcc/nios2-elf/12.3.1/../../../../../H-x86_64-mingw32/nios2-elf/lib/mno-hw-mul\libc.a(libc_a-fflush.o)
                              c:/intelfpga_lite/23.1std/nios2eds/bin/gnu/h-x86_64-mingw32/bin/../lib/gcc/nios2-elf/12.3.1/../../../../../H-x86_64-mingw32/nios2-elf/lib/mno-hw-mul\libc.a(libc_a-vfprintf.o) (_fflush_r)
c:/intelfpga_lite/23.1std/nios2eds/bin/gnu/h-x86_64-mingw32/bin/../lib/gcc/nios2-elf/12.3.1/../../../../../H-x86_64-mingw32/nios2-elf/lib/mno-hw-mul\libc.a(libc_a-findfp.o)
                              c:/intelfpga_lite/23.1std/nios2eds/bin/gnu/h-x86_64-mingw32/bin/../lib/gcc/nios2-elf/12.3.1/../../../../../H-x86_64-mingw32/nios2-elf/lib/mno-hw-mul\libc.a(libc_a-fflush.o) (__sglue)
c:/intelfpga_lite/23.1std/nios2eds/bin/gnu/h-x86_64-mingw32/bin/../lib/gcc/nios2-elf/12.3.1/../../../../../H-x86_64-mingw32/nios2-elf/lib/mno-hw-mul\libc.a(libc_a-fvwrite.o)
                              c:/intelfpga_lite/23.1std/nios2eds/bin/gnu/h-x86_64-mingw32/bin/../lib/gcc/nios2-elf/12.3.1/../../../../../H-x86_64-mingw32/nios2-elf/lib/mno-hw-mul\libc.a(libc_a-vfiprintf.o) (__sfvwrite_r)
c:/intelfpga_lite/23.1std/nios2eds/bin/gnu/h-x86_64-mingw32/bin/../lib/gcc/nios2-elf/12.3.1/../../../../../H-x86_64-mingw32/nios2-elf/lib/mno-hw-mul\libc.a(libc_a-fwalk.o)
                              c:/intelfpga_lite/23.1std/nios2eds/bin/gnu/h-x86_64-mingw32/bin/../lib/gcc/nios2-elf/12.3.1/../../../../../H-x86_64-mingw32/nios2-elf/lib/mno-hw-mul\libc.a(libc_a-fflush.o) (_fwalk_sglue)
c:/intelfpga_lite/23.1std/nios2eds/bin/gnu/h-x86_64-mingw32/bin/../lib/gcc/nios2-elf/12.3.1/../../../../../H-x86_64-mingw32/nios2-elf/lib/mno-hw-mul\libc.a(libc_a-stdio.o)
                              c:/intelfpga_lite/23.1std/nios2eds/bin/gnu/h-x86_64-mingw32/bin/../lib/gcc/nios2-elf/12.3.1/../../../../../H-x86_64-mingw32/nios2-elf/lib/mno-hw-mul\libc.a(libc_a-findfp.o) (__sread)
c:/intelfpga_lite/23.1std/nios2eds/bin/gnu/h-x86_64-mingw32/bin/../lib/gcc/nios2-elf/12.3.1/../../../../../H-x86_64-mingw32/nios2-elf/lib/mno-hw-mul\libc.a(libc_a-wsetup.o)
                              c:/intelfpga_lite/23.1std/nios2eds/bin/gnu/h-x86_64-mingw32/bin/../lib/gcc/nios2-elf/12.3.1/../../../../../H-x86_64-mingw32/nios2-elf/lib/mno-hw-mul\libc.a(libc_a-vfprintf.o) (__swsetup_r)
c:/intelfpga_lite/23.1std/nios2eds/bin/gnu/h-x86_64-mingw32/bin/../lib/gcc/nios2-elf/12.3.1/../../../../../H-x86_64-mingw32/nios2-elf/lib/mno-hw-mul\libc.a(libc_a-fputwc.o)
                              c:/intelfpga_lite/23.1std/nios2eds/bin/gnu/h-x86_64-mingw32/bin/../lib/gcc/nios2-elf/12.3.1/../../../../../H-x86_64-mingw32/nios2-elf/lib/mno-hw-mul\libc.a(libc_a-vfiprintf.o) (_fputwc_r)
c:/intelfpga_lite/23.1std/nios2eds/bin/gnu/h-x86_64-mingw32/bin/../lib/gcc/nios2-elf/12.3.1/../../../../../H-x86_64-mingw32/nios2-elf/lib/mno-hw-mul\libc.a(libc_a-memchr.o)
                              c:/intelfpga_lite/23.1std/nios2eds/bin/gnu/h-x86_64-mingw32/bin/../lib/gcc/nios2-elf/12.3.1/../../../../../H-x86_64-mingw32/nios2-elf/lib/mno-hw-mul\libc.a(libc_a-vfprintf.o) (memchr)
c:/intelfpga_lite/23.1std/nios2eds/bin/gnu/h-x86_64-mingw32/bin/../lib/gcc/nios2-elf/12.3.1/../../../../../H-x86_64-mingw32/nios2-elf/lib/mno-hw-mul\libc.a(libc_a-memcpy.o)
[...]
Memory Configuration

Name             Origin             Length             Attributes
reset            0x00020000         0x00000020
RAM              0x00020020         0x00017fe0
*default*        0x00000000         0xffffffff

Linker script and memory map

LOAD d:/quartus_prime_lite/workspace_intel/nios_led3/nios_led3/software/led3_bsp//obj/HAL/src/crt0.o
LOAD obj/default/gpio_drv.o
LOAD obj/default/led3_test_isr.o
LOAD obj/default/timer_drv.o
LOAD c:/intelfpga_lite/23.1std/nios2eds/bin/gnu/h-x86_64-mingw32/bin/../lib/gcc/nios2-elf/12.3.1/../../../../../H-x86_64-mingw32/nios2-elf/lib/mno-hw-mul\libstdc++.a
LOAD c:/intelfpga_lite/23.1std/nios2eds/bin/gnu/h-x86_64-mingw32/bin/../lib/gcc/nios2-elf/12.3.1/../../../../../H-x86_64-mingw32/nios2-elf/lib/mno-hw-mul\libm.a
LOAD c:/intelfpga_lite/23.1std/nios2eds/bin/gnu/h-x86_64-mingw32/bin/../lib/gcc/nios2-elf/12.3.1/mno-hw-mul\libgcc.a
START GROUP
LOAD c:/intelfpga_lite/23.1std/nios2eds/bin/gnu/h-x86_64-mingw32/bin/../lib/gcc/nios2-elf/12.3.1/../../../../../H-x86_64-mingw32/nios2-elf/lib/mno-hw-mul\libc.a
LOAD c:/intelfpga_lite/23.1std/nios2eds/bin/gnu/h-x86_64-mingw32/bin/../lib/gcc/nios2-elf/12.3.1/mno-hw-mul\libgcc.a
LOAD d:/quartus_prime_lite/workspace_intel/nios_led3/nios_led3/software/led3_bsp/\libhal_bsp.a
LOAD c:/intelfpga_lite/23.1std/nios2eds/bin/gnu/h-x86_64-mingw32/bin/../lib/gcc/nios2-elf/12.3.1/../../../../../H-x86_64-mingw32/nios2-elf/lib/mno-hw-mul\libm.a
END GROUP
LOAD c:/intelfpga_lite/23.1std/nios2eds/bin/gnu/h-x86_64-mingw32/bin/../lib/gcc/nios2-elf/12.3.1/mno-hw-mul\libgcc.a
                0x00020000                        __alt_mem_RAM = 0x20000

.entry          0x00020000       0x20
 *(.entry)
 .entry         0x00020000       0x20 d:/quartus_prime_lite/workspace_intel/nios_led3/nios_led3/software/led3_bsp//obj/HAL/src/crt0.o
                0x00020000                __reset

.exceptions     0x00020020      0x204
                0x00020020                        PROVIDE (__ram_exceptions_start = ABSOLUTE (.))
                0x00020020                        . = ALIGN (0x20)
 *(.irq)
 *(.exceptions.entry.label)
 .exceptions.entry.label
                0x00020020        0x0 d:/quartus_prime_lite/workspace_intel/nios_led3/nios_led3/software/led3_bsp/\libhal_bsp.a(alt_irq_entry.o)
                0x00020020                alt_irq_entry
 .exceptions.entry.label
                0x00020020        0x0 d:/quartus_prime_lite/workspace_intel/nios_led3/nios_led3/software/led3_bsp/\libhal_bsp.a(alt_exception_entry.o)
                0x00020020                alt_exception
 *(.exceptions.entry.user)
 *(.exceptions.entry.ecc_fatal)
 *(.exceptions.entry)
 .exceptions.entry
                0x00020020       0x54 d:/quartus_prime_lite/workspace_intel/nios_led3/nios_led3/software/led3_bsp/\libhal_bsp.a(alt_exception_entry.o)
 *(.exceptions.irqtest.user)
 *(.exceptions.irqtest)
 .exceptions.irqtest
                0x00020074       0x10 d:/quartus_prime_lite/workspace_intel/nios_led3/nios_led3/software/led3_bsp/\libhal_bsp.a(alt_irq_entry.o)
 *(.exceptions.irqhandler.user)
 *(.exceptions.irqhandler)
 .exceptions.irqhandler
                0x00020084        0x4 d:/quartus_prime_lite/workspace_intel/nios_led3/nios_led3/software/led3_bsp/\libhal_bsp.a(alt_irq_entry.o)
 *(.exceptions.irqreturn.user)
 *(.exceptions.irqreturn)
 .exceptions.irqreturn
                0x00020088        0x4 d:/quartus_prime_lite/workspace_intel/nios_led3/nios_led3/software/led3_bsp/\libhal_bsp.a(alt_irq_entry.o)
 *(.exceptions.notirq.label)
 .exceptions.notirq.label
                0x0002008c        0x0 d:/quartus_prime_lite/workspace_intel/nios_led3/nios_led3/software/led3_bsp/\libhal_bsp.a(alt_irq_entry.o)
 *(.exceptions.notirq.user)
 *(.exceptions.notirq)
 .exceptions.notirq
                0x0002008c        0x8 d:/quartus_prime_lite/workspace_intel/nios_led3/nios_led3/software/led3_bsp/\libhal_bsp.a(alt_exception_entry.o)
 *(.exceptions.soft.user)
 *(.exceptions.soft)
 *(.exceptions.unknown.user)
 *(.exceptions.unknown)
 .exceptions.unknown
                0x00020094       0x14 d:/quartus_prime_lite/workspace_intel/nios_led3/nios_led3/software/led3_bsp/\libhal_bsp.a(alt_exception_entry.o)
 *(.exceptions.exit.label)
 .exceptions.exit.label
                0x000200a8        0x0 d:/quartus_prime_lite/workspace_intel/nios_led3/nios_led3/software/led3_bsp/\libhal_bsp.a(alt_irq_entry.o)
 .exceptions.exit.label
                0x000200a8        0x0 d:/quartus_prime_lite/workspace_intel/nios_led3/nios_led3/software/led3_bsp/\libhal_bsp.a(alt_exception_entry.o)
 *(.exceptions.exit.user)
 *(.exceptions.exit)
 .exceptions.exit
                0x000200a8       0x54 d:/quartus_prime_lite/workspace_intel/nios_led3/nios_led3/software/led3_bsp/\libhal_bsp.a(alt_exception_entry.o)
 *(.exceptions)
 .exceptions    0x000200fc       0xc8 d:/quartus_prime_lite/workspace_intel/nios_led3/nios_led3/software/led3_bsp/\libhal_bsp.a(alt_irq_handler.o)
                0x000200fc                alt_irq_handler
 .exceptions    0x000201c4       0x60 d:/quartus_prime_lite/workspace_intel/nios_led3/nios_led3/software/led3_bsp/\libhal_bsp.a(alt_instruction_exception_entry.o)
                0x000201c4                alt_instruction_exception_entry
                0x00020224                        PROVIDE (__ram_exceptions_end = ABSOLUTE (.))
                0x00020020                        PROVIDE (__flash_exceptions_start = LOADADDR (.exceptions))

.text           0x00020224    0x10208
                [!provide]                        PROVIDE (stext = ABSOLUTE (.))
 *(.interp)
 *(.hash)
 *(.dynsym)
 *(.dynstr)
 *(.gnu.version)
 *(.gnu.version_d)
 *(.gnu.version_r)
 *(.rel.init)
 *(.rela.init)
 *(.rel.text .rel.text.* .rel.gnu.linkonce.t.*)
 *(.rela.text .rela.text.* .rela.gnu.linkonce.t.*)
 *(.rel.fini)
 *(.rela.fini)
 *(.rel.rodata .rel.rodata.* .rel.gnu.linkonce.r.*)
 *(.rela.rodata .rela.rodata.* .rela.gnu.linkonce.r.*)
 *(.rel.data .rel.data.* .rel.gnu.linkonce.d.*)
 *(.rela.data .rela.data.* .rela.gnu.linkonce.d.*)
 *(.rel.tdata .rel.tdata.* .rel.gnu.linkonce.td.*)
 *(.rela.tdata .rela.tdata.* .rela.gnu.linkonce.td.*)
 *(.rel.tbss .rel.tbss.* .rel.gnu.linkonce.tb.*)
 *(.rela.tbss .rela.tbss.* .rela.gnu.linkonce.tb.*)
 *(.rel.ctors)
 *(.rela.ctors)
 *(.rel.dtors)
 *(.rela.dtors)
 *(.rel.got)
 *(.rela.got)
 *(.rel.sdata .rel.sdata.* .rel.gnu.linkonce.s.*)
 *(.rela.sdata .rela.sdata.* .rela.gnu.linkonce.s.*)
 *(.rel.sbss .rel.sbss.* .rel.gnu.linkonce.sb.*)
 *(.rela.sbss .rela.sbss.* .rela.gnu.linkonce.sb.*)
 *(.rel.sdata2 .rel.sdata2.* .rel.gnu.linkonce.s2.*)
 *(.rela.sdata2 .rela.sdata2.* .rela.gnu.linkonce.s2.*)
 *(.rel.sbss2 .rel.sbss2.* .rel.gnu.linkonce.sb2.*)
 *(.rela.sbss2 .rela.sbss2.* .rela.gnu.linkonce.sb2.*)
 *(.rel.bss .rel.bss.* .rel.gnu.linkonce.b.*)
 *(.rela.bss .rela.bss.* .rela.gnu.linkonce.b.*)
 *(.rel.plt)
 *(.rela.plt)
 *(.rel.dyn)
 *(.init)
 *(.plt)
 *(.text .stub .text.* .gnu.linkonce.t.*)
 .text          0x00020224       0x3c d:/quartus_prime_lite/workspace_intel/nios_led3/nios_led3/software/led3_bsp//obj/HAL/src/crt0.o
                0x00020224                _start
 .text          0x00020260       0xcc obj/default/gpio_drv.o
                0x00020260                sseg_conv_hex
                0x000202b0                sseg_disp_ptn
 .text          0x0002032c      0x3a8 obj/default/led3_test_isr.o
                0x0002032c                flashsys_init_v1
                0x00020380                sw_get_command_v1
                0x00020420                jtaguart_disp_msg_v2
                0x00020478                sseg_disp_msg_v1
                0x00020620                main
 .text          0x000206d4       0x78 obj/default/timer_drv.o
                0x000206d4                timer_write_prd
 .text          0x0002074c      0x1b4 c:/intelfpga_lite/23.1std/nios2eds/bin/gnu/h-x86_64-mingw32/bin/../lib/gcc/nios2-elf/12.3.1/mno-hw-mul\libgcc.a(lib2-divmod.o)
                0x0002074c                __divsi3
                0x000207cc                __modsi3
                0x00020840                __udivsi3
                0x000208a4                __umodsi3
 .text          0x00020900        0x0 c:/intelfpga_lite/23.1std/nios2eds/bin/gnu/h-x86_64-mingw32/bin/../lib/gcc/nios2-elf/12.3.1/../../../../../H-x86_64-mingw32/nios2-elf/lib/mno-hw-mul\libc.a(libc_a-printf.o)
 .text._printf_r
                0x00020900       0x30 c:/intelfpga_lite/23.1std/nios2eds/bin/gnu/h-x86_64-mingw32/bin/../lib/gcc/nios2-elf/12.3.1/../../../../../H-x86_64-mingw32/nios2-elf/lib/mno-hw-mul\libc.a(libc_a-printf.o)
                0x00020900                _printf_r
 .text.printf   0x00020930       0x38 c:/intelfpga_lite/23.1std/nios2eds/bin/gnu/h-x86_64-mingw32/bin/../lib/gcc/nios2-elf/12.3.1/../../../../../H-x86_64-mingw32/nios2-elf/lib/mno-hw-mul\libc.a(libc_a-printf.o)
                0x00020930                printf
 .text          0x00020968        0x0 c:/intelfpga_lite/23.1std/nios2eds/bin/gnu/h-x86_64-mingw32/bin/../lib/gcc/nios2-elf/12.3.1/../../../../../H-x86_64-mingw32/nios2-elf/lib/mno-hw-mul\libc.a(libc_a-impure.o)
 .text          0x00020968        0x0 c:/intelfpga_lite/23.1std/nios2eds/bin/gnu/h-x86_64-mingw32/bin/../lib/gcc/nios2-elf/12.3.1/../../../../../H-x86_64-mingw32/nios2-elf/lib/mno-hw-mul\libc.a(libc_a-vfprintf.o)
 .text.___vfprintf_internal_r
                0x00020968     0x2384 c:/intelfpga_lite/23.1std/nios2eds/bin/gnu/h-x86_64-mingw32/bin/../lib/gcc/nios2-elf/12.3.1/../../../../../H-x86_64-mingw32/nios2-elf/lib/mno-hw-mul\libc.a(libc_a-vfprintf.o)
                0x00020968                ___vfprintf_internal_r
 .text.__vfprintf_internal
                0x00022cec       0x1c c:/intelfpga_lite/23.1std/nios2eds/bin/gnu/h-x86_64-mingw32/bin/../lib/gcc/nios2-elf/12.3.1/../../../../../H-x86_64-mingw32/nios2-elf/lib/mno-hw-mul\libc.a(libc_a-vfprintf.o)
                0x00022cec                __vfprintf_internal
 .text.__sbprintf
                0x00022d08       0xc4 c:/intelfpga_lite/23.1std/nios2eds/bin/gnu/h-x86_64-mingw32/bin/../lib/gcc/nios2-elf/12.3.1/../../../../../H-x86_64-mingw32/nios2-elf/lib/mno-hw-mul\libc.a(libc_a-vfprintf.o)
 .text          0x00022dcc        0x0 c:/intelfpga_lite/23.1std/nios2eds/bin/gnu/h-x86_64-mingw32/bin/../lib/gcc/nios2-elf/12.3.1/../../../../../H-x86_64-mingw32/nios2-elf/lib/mno-hw-mul\libc.a(libc_a-vfiprintf.o)
 .text.__sprint_r.part.0
                0x00022dcc       0xf4 c:/intelfpga_lite/23.1std/nios2eds/bin/gnu/h-x86_64-mingw32/bin/../lib/gcc/nios2-elf/12.3.1/../../../../../H-x86_64-mingw32/nios2-elf/lib/mno-hw-mul\libc.a(libc_a-vfiprintf.o)
 .text.__sprint_r
                0x00022ec0       0x18 c:/intelfpga_lite/23.1std/nios2eds/bin/gnu/h-x86_64-mingw32/bin/../lib/gcc/nios2-elf/12.3.1/../../../../../H-x86_64-mingw32/nios2-elf/lib/mno-hw-mul\libc.a(libc_a-vfiprintf.o)
                0x00022ec0                __sprint_r
 .text.___vfiprintf_internal_r
                0x00022ed8     0x129c c:/intelfpga_lite/23.1std/nios2eds/bin/gnu/h-x86_64-mingw32/bin/../lib/gcc/nios2-elf/12.3.1/../../../../../H-x86_64-mingw32/nios2-elf/lib/mno-hw-mul\libc.a(libc_a-vfiprintf.o)
                0x00022ed8                ___vfiprintf_internal_r
 .text.__vfiprintf_internal
                0x00024174       0x1c c:/intelfpga_lite/23.1std/nios2eds/bin/gnu/h-x86_64-mingw32/bin/../lib/gcc/nios2-elf/12.3.1/../../../../../H-x86_64-mingw32/nios2-elf/lib/mno-hw-mul\libc.a(libc_a-vfiprintf.o)
                0x00024174                __vfiprintf_internal
 .text.__sbprintf
                0x00024190       0xc4 c:/intelfpga_lite/23.1std/nios2eds/bin/gnu/h-x86_64-mingw32/bin/../lib/gcc/nios2-elf/12.3.1/../../../../../H-x86_64-mingw32/nios2-elf/lib/mno-hw-mul\libc.a(libc_a-vfiprintf.o)
 .text          0x00024254        0x0 c:/intelfpga_lite/23.1std/nios2eds/bin/gnu/h-x86_64-mingw32/bin/../lib/gcc/nios2-elf/12.3.1/../../../../../H-x86_64-mingw32/nios2-elf/lib/mno-hw-mul\libc.a(libc_a-fflush.o)
 .text.__sflush_r
                0x00024254      0x208 c:/intelfpga_lite/23.1std/nios2eds/bin/gnu/h-x86_64-mingw32/bin/../lib/gcc/nios2-elf/12.3.1/../../../../../H-x86_64-mingw32/nios2-elf/lib/mno-hw-mul\libc.a(libc_a-fflush.o)
                0x00024254                __sflush_r
 .text._fflush_r
                0x0002445c       0x5c c:/intelfpga_lite/23.1std/nios2eds/bin/gnu/h-x86_64-mingw32/bin/../lib/gcc/nios2-elf/12.3.1/../../../../../H-x86_64-mingw32/nios2-elf/lib/mno-hw-mul\libc.a(libc_a-fflush.o)
                0x0002445c                _fflush_r
 .text.fflush   0x000244b8       0x8c c:/intelfpga_lite/23.1std/nios2eds/bin/gnu/h-x86_64-mingw32/bin/../lib/gcc/nios2-elf/12.3.1/../../../../../H-x86_64-mingw32/nios2-elf/lib/mno-hw-mul\libc.a(libc_a-fflush.o)
                0x000244b8                fflush
 .text          0x00024544        0x0 c:/intelfpga_lite/23.1std/nios2eds/bin/gnu/h-x86_64-mingw32/bin/../lib/gcc/nios2-elf/12.3.1/../../../../../H-x86_64-mingw32/nios2-elf/lib/mno-hw-mul\libc.a(libc_a-findfp.o)
 .text.__fp_lock
                0x00024544        0x8 c:/intelfpga_lite/23.1std/nios2eds/bin/gnu/h-x86_64-mingw32/bin/../lib/gcc/nios2-elf/12.3.1/../../../../../H-x86_64-mingw32/nios2-elf/lib/mno-hw-mul\libc.a(libc_a-findfp.o)
 .text.stdio_exit_handler
                0x0002454c       0x1c c:/intelfpga_lite/23.1std/nios2eds/bin/gnu/h-x86_64-mingw32/bin/../lib/gcc/nios2-elf/12.3.1/../../../../../H-x86_64-mingw32/nios2-elf/lib/mno-hw-mul\libc.a(libc_a-findfp.o)
 .text.cleanup_stdio
                0x00024568       0x70 c:/intelfpga_lite/23.1std/nios2eds/bin/gnu/h-x86_64-mingw32/bin/../lib/gcc/nios2-elf/12.3.1/../../../../../H-x86_64-mingw32/nios2-elf/lib/mno-hw-mul\libc.a(libc_a-findfp.o)
 .text.__fp_unlock
                0x000245d8        0x8 c:/intelfpga_lite/23.1std/nios2eds/bin/gnu/h-x86_64-mingw32/bin/../lib/gcc/nios2-elf/12.3.1/../../../../../H-x86_64-mingw32/nios2-elf/lib/mno-hw-mul\libc.a(libc_a-findfp.o)
 .text.global_stdio_init.part.0
                0x000245e0      0x174 c:/intelfpga_lite/23.1std/nios2eds/bin/gnu/h-x86_64-mingw32/bin/../lib/gcc/nios2-elf/12.3.1/../../../../../H-x86_64-mingw32/nios2-elf/lib/mno-hw-mul\libc.a(libc_a-findfp.o)
 .text.__sfp    0x00024754      0x120 c:/intelfpga_lite/23.1std/nios2eds/bin/gnu/h-x86_64-mingw32/bin/../lib/gcc/nios2-elf/12.3.1/../../../../../H-x86_64-mingw32/nios2-elf/lib/mno-hw-mul\libc.a(libc_a-findfp.o)
                0x00024754                __sfp
 .text.__sinit  0x00024874       0x28 c:/intelfpga_lite/23.1std/nios2eds/bin/gnu/h-x86_64-mingw32/bin/../lib/gcc/nios2-elf/12.3.1/../../../../../H-x86_64-mingw32/nios2-elf/lib/mno-hw-mul\libc.a(libc_a-findfp.o)
                0x00024874                __sinit
 .text.__sfp_lock_acquire
                0x0002489c        0x4 c:/intelfpga_lite/23.1std/nios2eds/bin/gnu/h-x86_64-mingw32/bin/../lib/gcc/nios2-elf/12.3.1/../../../../../H-x86_64-mingw32/nios2-elf/lib/mno-hw-mul\libc.a(libc_a-findfp.o)
                0x0002489c                __sfp_lock_acquire
 .text.__sfp_lock_release
                0x000248a0        0x4 c:/intelfpga_lite/23.1std/nios2eds/bin/gnu/h-x86_64-mingw32/bin/../lib/gcc/nios2-elf/12.3.1/../../../../../H-x86_64-mingw32/nios2-elf/lib/mno-hw-mul\libc.a(libc_a-findfp.o)
                0x000248a0                __sfp_lock_release
 .text.__fp_lock_all
                0x000248a4       0x18 c:/intelfpga_lite/23.1std/nios2eds/bin/gnu/h-x86_64-mingw32/bin/../lib/gcc/nios2-elf/12.3.1/../../../../../H-x86_64-mingw32/nios2-elf/lib/mno-hw-mul\libc.a(libc_a-findfp.o)
                0x000248a4                __fp_lock_all
 .text.__fp_unlock_all
                0x000248bc       0x18 c:/intelfpga_lite/23.1std/nios2eds/bin/gnu/h-x86_64-mingw32/bin/../lib/gcc/nios2-elf/12.3.1/../../../../../H-x86_64-mingw32/nios2-elf/lib/mno-hw-mul\libc.a(libc_a-findfp.o)
                0x000248bc                __fp_unlock_all
 .text          0x000248d4        0x0 c:/intelfpga_lite/23.1std/nios2eds/bin/gnu/h-x86_64-mingw32/bin/../lib/gcc/nios2-elf/12.3.1/../../../../../H-x86_64-mingw32/nios2-elf/lib/mno-hw-mul\libc.a(libc_a-fvwrite.o)
 .text.__sfvwrite_r
                0x000248d4      0x4a0 c:/intelfpga_lite/23.1std/nios2eds/bin/gnu/h-x86_64-mingw32/bin/../lib/gcc/nios2-elf/12.3.1/../../../../../H-x86_64-mingw32/nios2-elf/lib/mno-hw-mul\libc.a(libc_a-fvwrite.o)
                0x000248d4                __sfvwrite_r
 .text          0x00024d74        0x0 c:/intelfpga_lite/23.1std/nios2eds/bin/gnu/h-x86_64-mingw32/bin/../lib/gcc/nios2-elf/12.3.1/../../../../../H-x86_64-mingw32/nios2-elf/lib/mno-hw-mul\libc.a(libc_a-fwalk.o)
 .text._fwalk_sglue
                0x00024d74       0xa8 c:/intelfpga_lite/23.1std/nios2eds/bin/gnu/h-x86_64-mingw32/bin/../lib/gcc/nios2-elf/12.3.1/../../../../../H-x86_64-mingw32/nios2-elf/lib/mno-hw-mul\libc.a(libc_a-fwalk.o)
                0x00024d74                _fwalk_sglue
 .text          0x00024e1c        0x0 c:/intelfpga_lite/23.1std/nios2eds/bin/gnu/h-x86_64-mingw32/bin/../lib/gcc/nios2-elf/12.3.1/../../../../../H-x86_64-mingw32/nios2-elf/lib/mno-hw-mul\libc.a(libc_a-stdio.o)
 .text.__sread  0x00024e1c       0x54 c:/intelfpga_lite/23.1std/nios2eds/bin/gnu/h-x86_64-mingw32/bin/../lib/gcc/nios2-elf/12.3.1/../../../../../H-x86_64-mingw32/nios2-elf/lib/mno-hw-mul\libc.a(libc_a-stdio.o)
                0x00024e1c                __sread
 .text.__seofread
                0x00024e70        0x8 c:/intelfpga_lite/23.1std/nios2eds/bin/gnu/h-x86_64-mingw32/bin/../lib/gcc/nios2-elf/12.3.1/../../../../../H-x86_64-mingw32/nios2-elf/lib/mno-hw-mul\libc.a(libc_a-stdio.o)
                0x00024e70                __seofread
 .text.__swrite
                0x00024e78       0x80 c:/intelfpga_lite/23.1std/nios2eds/bin/gnu/h-x86_64-mingw32/bin/../lib/gcc/nios2-elf/12.3.1/../../../../../H-x86_64-mingw32/nios2-elf/lib/mno-hw-mul\libc.a(libc_a-stdio.o)
                0x00024e78                __swrite
 .text.__sseek  0x00024ef8       0x5c c:/intelfpga_lite/23.1std/nios2eds/bin/gnu/h-x86_64-mingw32/bin/../lib/gcc/nios2-elf/12.3.1/../../../../../H-x86_64-mingw32/nios2-elf/lib/mno-hw-mul\libc.a(libc_a-stdio.o)
                0x00024ef8                __sseek
 .text.__sclose
                0x00024f54        0x8 c:/intelfpga_lite/23.1std/nios2eds/bin/gnu/h-x86_64-mingw32/bin/../lib/gcc/nios2-elf/12.3.1/../../../../../H-x86_64-mingw32/nios2-elf/lib/mno-hw-mul\libc.a(libc_a-stdio.o)
                0x00024f54                __sclose
 .text          0x00024f5c        0x0 c:/intelfpga_lite/23.1std/nios2eds/bin/gnu/h-x86_64-mingw32/bin/../lib/gcc/nios2-elf/12.3.1/../../../../../H-x86_64-mingw32/nios2-elf/lib/mno-hw-mul\libc.a(libc_a-wsetup.o)
 .text.__swsetup_r
                0x00024f5c      0x144 c:/intelfpga_lite/23.1std/nios2eds/bin/gnu/h-x86_64-mingw32/bin/../lib/gcc/nios2-elf/12.3.1/../../../../../H-x86_64-mingw32/nios2-elf/lib/mno-hw-mul\libc.a(libc_a-wsetup.o)
                0x00024f5c                __swsetup_r
 .text          0x000250a0        0x0 c:/intelfpga_lite/23.1std/nios2eds/bin/gnu/h-x86_64-mingw32/bin/../lib/gcc/nios2-elf/12.3.1/../../../../../H-x86_64-mingw32/nios2-elf/lib/mno-hw-mul\libc.a(libc_a-fputwc.o)
 .text.__fputwc
                0x000250a0      0x164 c:/intelfpga_lite/23.1std/nios2eds/bin/gnu/h-x86_64-mingw32/bin/../lib/gcc/nios2-elf/12.3.1/../../../../../H-x86_64-mingw32/nios2-elf/lib/mno-hw-mul\libc.a(libc_a-fputwc.o)
                0x000250a0                __fputwc
 .text._fputwc_r
                0x00025204       0x24 c:/intelfpga_lite/23.1std/nios2eds/bin/gnu/h-x86_64-mingw32/bin/../lib/gcc/nios2-elf/12.3.1/../../../../../H-x86_64-mingw32/nios2-elf/lib/mno-hw-mul\libc.a(libc_a-fputwc.o)
                0x00025204                _fputwc_r
 .text.fputwc   0x00025228       0x78 c:/intelfpga_lite/23.1std/nios2eds/bin/gnu/h-x86_64-mingw32/bin/../lib/gcc/nios2-elf/12.3.1/../../../../../H-x86_64-mingw32/nios2-elf/lib/mno-hw-mul\libc.a(libc_a-fputwc.o)
                0x00025228                fputwc
 .text          0x000252a0        0x0 c:/intelfpga_lite/23.1std/nios2eds/bin/gnu/h-x86_64-mingw32/bin/../lib/gcc/nios2-elf/12.3.1/../../../../../H-x86_64-mingw32/nios2-elf/lib/mno-hw-mul\libc.a(libc_a-memchr.o)
 .text.memchr   0x000252a0       0xfc c:/intelfpga_lite/23.1std/nios2eds/bin/gnu/h-x86_64-mingw32/bin/../lib/gcc/nios2-elf/12.3.1/../../../../../H-x86_64-mingw32/nios2-elf/lib/mno-hw-mul\libc.a(libc_a-memchr.o)
                0x000252a0                memchr
 .text          0x0002539c        0x0 c:/intelfpga_lite/23.1std/nios2eds/bin/gnu/h-x86_64-mingw32/bin/../lib/gcc/nios2-elf/12.3.1/../../../../../H-x86_64-mingw32/nios2-elf/lib/mno-hw-mul\libc.a(libc_a-memcpy.o)
 .text.memcpy   0x0002539c      0x100 c:/intelfpga_lite/23.1std/nios2eds/bin/gnu/h-x86_64-mingw32/bin/../lib/gcc/nios2-elf/12.3.1/../../../../../H-x86_64-mingw32/nios2-elf/lib/mno-hw-mul\libc.a(libc_a-memcpy.o)
                0x0002539c                memcpy
 .text          0x0002549c        0x0 c:/intelfpga_lite/23.1std/nios2eds/bin/gnu/h-x86_64-mingw32/bin/../lib/gcc/nios2-elf/12.3.1/../../../../../H-x86_64-mingw32/nios2-elf/lib/mno-hw-mul\libc.a(libc_a-memmove.o)
 .text.memmove  0x0002549c      0x128 c:/intelfpga_lite/23.1std/nios2eds/bin/gnu/h-x86_64-mingw32/bin/../lib/gcc/nios2-elf/12.3.1/../../../../../H-x86_64-mingw32/nios2-elf/lib/mno-hw-mul\libc.a(libc_a-memmove.o)
                0x0002549c                memmove
 .text          0x000255c4        0x0 c:/intelfpga_lite/23.1std/nios2eds/bin/gnu/h-x86_64-mingw32/bin/../lib/gcc/nios2-elf/12.3.1/../../../../../H-x86_64-mingw32/nios2-elf/lib/mno-hw-mul\libc.a(libc_a-memset.o)
 .text.memset   0x000255c4      0x140 c:/intelfpga_lite/23.1std/nios2eds/bin/gnu/h-x86_64-mingw32/bin/../lib/gcc/nios2-elf/12.3.1/../../../../../H-x86_64-mingw32/nios2-elf/lib/mno-hw-mul\libc.a(libc_a-memset.o)
                0x000255c4                memset
 .text          0x00025704        0x0 c:/intelfpga_lite/23.1std/nios2eds/bin/gnu/h-x86_64-mingw32/bin/../lib/gcc/nios2-elf/12.3.1/../../../../../H-x86_64-mingw32/nios2-elf/lib/mno-hw-mul\libc.a(libc_a-strlen.o)
 .text.strlen   0x00025704       0x98 c:/intelfpga_lite/23.1std/nios2eds/bin/gnu/h-x86_64-mingw32/bin/../lib/gcc/nios2-elf/12.3.1/../../../../../H-x86_64-mingw32/nios2-elf/lib/mno-hw-mul\libc.a(libc_a-strlen.o)
                0x00025704                strlen
 .text          0x0002579c        0x0 c:/intelfpga_lite/23.1std/nios2eds/bin/gnu/h-x86_64-mingw32/bin/../lib/gcc/nios2-elf/12.3.1/../../../../../H-x86_64-mingw32/nios2-elf/lib/mno-hw-mul\libc.a(libc_a-locale.o)
 .text._setlocale_r
                0x0002579c       0x7c c:/intelfpga_lite/23.1std/nios2eds/bin/gnu/h-x86_64-mingw32/bin/../lib/gcc/nios2-elf/12.3.1/../../../../../H-x86_64-mingw32/nios2-elf/lib/mno-hw-mul\libc.a(libc_a-locale.o)
                0x0002579c                _setlocale_r
 .text.__locale_mb_cur_max
                0x00025818        0xc c:/intelfpga_lite/23.1std/nios2eds/bin/gnu/h-x86_64-mingw32/bin/../lib/gcc/nios2-elf/12.3.1/../../../../../H-x86_64-mingw32/nios2-elf/lib/mno-hw-mul\libc.a(libc_a-locale.o)
                0x00025818                __locale_mb_cur_max
 .text.setlocale
                0x00025824       0x7c c:/intelfpga_lite/23.1std/nios2eds/bin/gnu/h-x86_64-mingw32/bin/../lib/gcc/nios2-elf/12.3.1/../../../../../H-x86_64-mingw32/nios2-elf/lib/mno-hw-mul\libc.a(libc_a-locale.o)
                0x00025824                setlocale
 .text          0x000258a0        0x0 c:/intelfpga_lite/23.1std/nios2eds/bin/gnu/h-x86_64-mingw32/bin/../lib/gcc/nios2-elf/12.3.1/../../../../../H-x86_64-mingw32/nios2-elf/lib/mno-hw-mul\libc.a(libc_a-localeconv.o)
 .text.__localeconv_l
                0x000258a0        0x8 c:/intelfpga_lite/23.1std/nios2eds/bin/gnu/h-x86_64-mingw32/bin/../lib/gcc/nios2-elf/12.3.1/../../../../../H-x86_64-mingw32/nios2-elf/lib/mno-hw-mul\libc.a(libc_a-localeconv.o)
                0x000258a0                __localeconv_l
 .text._localeconv_r
                0x000258a8        0xc c:/intelfpga_lite/23.1std/nios2eds/bin/gnu/h-x86_64-mingw32/bin/../lib/gcc/nios2-elf/12.3.1/../../../../../H-x86_64-mingw32/nios2-elf/lib/mno-hw-mul\libc.a(libc_a-localeconv.o)
                0x000258a8                _localeconv_r
 .text.localeconv
                0x000258b4        0xc c:/intelfpga_lite/23.1std/nios2eds/bin/gnu/h-x86_64-mingw32/bin/../lib/gcc/nios2-elf/12.3.1/../../../../../H-x86_64-mingw32/nios2-elf/lib/mno-hw-mul\libc.a(libc_a-localeconv.o)
                0x000258b4                localeconv
 .text          0x000258c0        0x0 c:/intelfpga_lite/23.1std/nios2eds/bin/gnu/h-x86_64-mingw32/bin/../lib/gcc/nios2-elf/12.3.1/../../../../../H-x86_64-mingw32/nios2-elf/lib/mno-hw-mul\libc.a(libc_a-closer.o)
 .text._close_r
                0x000258c0       0x58 c:/intelfpga_lite/23.1std/nios2eds/bin/gnu/h-x86_64-mingw32/bin/../lib/gcc/nios2-elf/12.3.1/../../../../../H-x86_64-mingw32/nios2-elf/lib/mno-hw-mul\libc.a(libc_a-closer.o)
                0x000258c0                _close_r
 .text          0x00025918        0x0 c:/intelfpga_lite/23.1std/nios2eds/bin/gnu/h-x86_64-mingw32/bin/../lib/gcc/nios2-elf/12.3.1/../../../../../H-x86_64-mingw32/nios2-elf/lib/mno-hw-mul\libc.a(libc_a-reent.o)
 .text._reclaim_reent
                0x00025918       0xc8 c:/intelfpga_lite/23.1std/nios2eds/bin/gnu/h-x86_64-mingw32/bin/../lib/gcc/nios2-elf/12.3.1/../../../../../H-x86_64-mingw32/nios2-elf/lib/mno-hw-mul\libc.a(libc_a-reent.o)
                0x00025918                _reclaim_reent
 .text          0x000259e0        0x0 c:/intelfpga_lite/23.1std/nios2eds/bin/gnu/h-x86_64-mingw32/bin/../lib/gcc/nios2-elf/12.3.1/../../../../../H-x86_64-mingw32/nios2-elf/lib/mno-hw-mul\libc.a(libc_a-lseekr.o)
 .text._lseek_r
                0x000259e0       0x64 c:/intelfpga_lite/23.1std/nios2eds/bin/gnu/h-x86_64-mingw32/bin/../lib/gcc/nios2-elf/12.3.1/../../../../../H-x86_64-mingw32/nios2-elf/lib/mno-hw-mul\libc.a(libc_a-lseekr.o)
                0x000259e0                _lseek_r
 .text          0x00025a44        0x0 c:/intelfpga_lite/23.1std/nios2eds/bin/gnu/h-x86_64-mingw32/bin/../lib/gcc/nios2-elf/12.3.1/../../../../../H-x86_64-mingw32/nios2-elf/lib/mno-hw-mul\libc.a(libc_a-readr.o)
 .text._read_r  0x00025a44       0x64 c:/intelfpga_lite/23.1std/nios2eds/bin/gnu/h-x86_64-mingw32/bin/../lib/gcc/nios2-elf/12.3.1/../../../../../H-x86_64-mingw32/nios2-elf/lib/mno-hw-mul\libc.a(libc_a-readr.o)
                0x00025a44                _read_r
 .text          0x00025aa8        0x0 c:/intelfpga_lite/23.1std/nios2eds/bin/gnu/h-x86_64-mingw32/bin/../lib/gcc/nios2-elf/12.3.1/../../../../../H-x86_64-mingw32/nios2-elf/lib/mno-hw-mul\libc.a(libc_a-writer.o)
 .text._write_r
                0x00025aa8       0x64 c:/intelfpga_lite/23.1std/nios2eds/bin/gnu/h-x86_64-mingw32/bin/../lib/gcc/nios2-elf/12.3.1/../../../../../H-x86_64-mingw32/nios2-elf/lib/mno-hw-mul\libc.a(libc_a-writer.o)
                0x00025aa8                _write_r
 .text          0x00025b0c        0x0 c:/intelfpga_lite/23.1std/nios2eds/bin/gnu/h-x86_64-mingw32/bin/../lib/gcc/nios2-elf/12.3.1/../../../../../H-x86_64-mingw32/nios2-elf/lib/mno-hw-mul\libc.a(libc_a-dtoa.o)
 .text.quorem   0x00025b0c      0x218 c:/intelfpga_lite/23.1std/nios2eds/bin/gnu/h-x86_64-mingw32/bin/../lib/gcc/nios2-elf/12.3.1/../../../../../H-x86_64-mingw32/nios2-elf/lib/mno-hw-mul\libc.a(libc_a-dtoa.o)
 .text._dtoa_r  0x00025d24     0x17e8 c:/intelfpga_lite/23.1std/nios2eds/bin/gnu/h-x86_64-mingw32/bin/../lib/gcc/nios2-elf/12.3.1/../../../../../H-x86_64-mingw32/nios2-elf/lib/mno-hw-mul\libc.a(libc_a-dtoa.o)
                0x00025d24                _dtoa_r
 .text          0x0002750c        0x0 c:/intelfpga_lite/23.1std/nios2eds/bin/gnu/h-x86_64-mingw32/bin/../lib/gcc/nios2-elf/12.3.1/../../../../../H-x86_64-mingw32/nios2-elf/lib/mno-hw-mul\libc.a(libc_a-exit.o)
 .text.exit     0x0002750c       0x30 c:/intelfpga_lite/23.1std/nios2eds/bin/gnu/h-x86_64-mingw32/bin/../lib/gcc/nios2-elf/12.3.1/../../../../../H-x86_64-mingw32/nios2-elf/lib/mno-hw-mul\libc.a(libc_a-exit.o)
                0x0002750c                exit
 .text          0x0002753c        0x0 c:/intelfpga_lite/23.1std/nios2eds/bin/gnu/h-x86_64-mingw32/bin/../lib/gcc/nios2-elf/12.3.1/../../../../../H-x86_64-mingw32/nios2-elf/lib/mno-hw-mul\libc.a(libc_a-freer.o)
 .text._malloc_trim_r
                0x0002753c      0x124 c:/intelfpga_lite/23.1std/nios2eds/bin/gnu/h-x86_64-mingw32/bin/../lib/gcc/nios2-elf/12.3.1/../../../../../H-x86_64-mingw32/nios2-elf/lib/mno-hw-mul\libc.a(libc_a-freer.o)
                0x0002753c                _malloc_trim_r
 .text._free_r  0x00027660      0x308 c:/intelfpga_lite/23.1std/nios2eds/bin/gnu/h-x86_64-mingw32/bin/../lib/gcc/nios2-elf/12.3.1/../../../../../H-x86_64-mingw32/nios2-elf/lib/mno-hw-mul\libc.a(libc_a-freer.o)
                0x00027660                _free_r
 .text          0x00027968        0x0 c:/intelfpga_lite/23.1std/nios2eds/bin/gnu/h-x86_64-mingw32/bin/../lib/gcc/nios2-elf/12.3.1/../../../../../H-x86_64-mingw32/nios2-elf/lib/mno-hw-mul\libc.a(libc_a-mallocr.o)
 .text._malloc_r
                0x00027968      0x7c8 c:/intelfpga_lite/23.1std/nios2eds/bin/gnu/h-x86_64-mingw32/bin/../lib/gcc/nios2-elf/12.3.1/../../../../../H-x86_64-mingw32/nios2-elf/lib/mno-hw-mul\libc.a(libc_a-mallocr.o)
                0x00027968                _malloc_r
 .text          0x00028130        0x0 c:/intelfpga_lite/23.1std/nios2eds/bin/gnu/h-x86_64-mingw32/bin/../lib/gcc/nios2-elf/12.3.1/../../../../../H-x86_64-mingw32/nios2-elf/lib/mno-hw-mul\libc.a(libc_a-mbtowc_r.o)
 .text._mbtowc_r
                0x00028130        0xc c:/intelfpga_lite/23.1std/nios2eds/bin/gnu/h-x86_64-mingw32/bin/../lib/gcc/nios2-elf/12.3.1/../../../../../H-x86_64-mingw32/nios2-elf/lib/mno-hw-mul\libc.a(libc_a-mbtowc_r.o)
                0x00028130                _mbtowc_r
 .text.__ascii_mbtowc
                0x0002813c       0x44 c:/intelfpga_lite/23.1std/nios2eds/bin/gnu/h-x86_64-mingw32/bin/../lib/gcc/nios2-elf/12.3.1/../../../../../H-x86_64-mingw32/nios2-elf/lib/mno-hw-mul\libc.a(libc_a-mbtowc_r.o)
                0x0002813c                __ascii_mbtowc
 .text          0x00028180        0x0 c:/intelfpga_lite/23.1std/nios2eds/bin/gnu/h-x86_64-mingw32/bin/../lib/gcc/nios2-elf/12.3.1/../../../../../H-x86_64-mingw32/nios2-elf/lib/mno-hw-mul\libc.a(libc_a-mprec.o)
 .text._Balloc  0x00028180       0xa4 c:/intelfpga_lite/23.1std/nios2eds/bin/gnu/h-x86_64-mingw32/bin/../lib/gcc/nios2-elf/12.3.1/../../../../../H-x86_64-mingw32/nios2-elf/lib/mno-hw-mul\libc.a(libc_a-mprec.o)
                0x00028180                _Balloc
 .text._Bfree   0x00028224       0x24 c:/intelfpga_lite/23.1std/nios2eds/bin/gnu/h-x86_64-mingw32/bin/../lib/gcc/nios2-elf/12.3.1/../../../../../H-x86_64-mingw32/nios2-elf/lib/mno-hw-mul\libc.a(libc_a-mprec.o)
                0x00028224                _Bfree
 .text.__multadd
                0x00028248      0x154 c:/intelfpga_lite/23.1std/nios2eds/bin/gnu/h-x86_64-mingw32/bin/../lib/gcc/nios2-elf/12.3.1/../../../../../H-x86_64-mingw32/nios2-elf/lib/mno-hw-mul\libc.a(libc_a-mprec.o)
                0x00028248                __multadd
 .text.__s2b    0x0002839c      0x138 c:/intelfpga_lite/23.1std/nios2eds/bin/gnu/h-x86_64-mingw32/bin/../lib/gcc/nios2-elf/12.3.1/../../../../../H-x86_64-mingw32/nios2-elf/lib/mno-hw-mul\libc.a(libc_a-mprec.o)
                0x0002839c                __s2b
 .text.__hi0bits
                0x000284d4       0x74 c:/intelfpga_lite/23.1std/nios2eds/bin/gnu/h-x86_64-mingw32/bin/../lib/gcc/nios2-elf/12.3.1/../../../../../H-x86_64-mingw32/nios2-elf/lib/mno-hw-mul\libc.a(libc_a-mprec.o)
                0x000284d4                __hi0bits
 .text.__lo0bits
                0x00028548       0xb0 c:/intelfpga_lite/23.1std/nios2eds/bin/gnu/h-x86_64-mingw32/bin/../lib/gcc/nios2-elf/12.3.1/../../../../../H-x86_64-mingw32/nios2-elf/lib/mno-hw-mul\libc.a(libc_a-mprec.o)
                0x00028548                __lo0bits
 .text.__i2b    0x000285f8       0xb0 c:/intelfpga_lite/23.1std/nios2eds/bin/gnu/h-x86_64-mingw32/bin/../lib/gcc/nios2-elf/12.3.1/../../../../../H-x86_64-mingw32/nios2-elf/lib/mno-hw-mul\libc.a(libc_a-mprec.o)
                0x000285f8                __i2b
 .text.__multiply
                0x000286a8      0x2a8 c:/intelfpga_lite/23.1std/nios2eds/bin/gnu/h-x86_64-mingw32/bin/../lib/gcc/nios2-elf/12.3.1/../../../../../H-x86_64-mingw32/nios2-elf/lib/mno-hw-mul\libc.a(libc_a-mprec.o)
                0x000286a8                __multiply
 .text.__pow5mult
                0x00028950      0x140 c:/intelfpga_lite/23.1std/nios2eds/bin/gnu/h-x86_64-mingw32/bin/../lib/gcc/nios2-elf/12.3.1/../../../../../H-x86_64-mingw32/nios2-elf/lib/mno-hw-mul\libc.a(libc_a-mprec.o)
                0x00028950                __pow5mult
 .text.__lshift
                0x00028a90      0x188 c:/intelfpga_lite/23.1std/nios2eds/bin/gnu/h-x86_64-mingw32/bin/../lib/gcc/nios2-elf/12.3.1/../../../../../H-x86_64-mingw32/nios2-elf/lib/mno-hw-mul\libc.a(libc_a-mprec.o)
                0x00028a90                __lshift
 .text.__mcmp   0x00028c18       0x58 c:/intelfpga_lite/23.1std/nios2eds/bin/gnu/h-x86_64-mingw32/bin/../lib/gcc/nios2-elf/12.3.1/../../../../../H-x86_64-mingw32/nios2-elf/lib/mno-hw-mul\libc.a(libc_a-mprec.o)
                0x00028c18                __mcmp
 .text.__mdiff  0x00028c70      0x230 c:/intelfpga_lite/23.1std/nios2eds/bin/gnu/h-x86_64-mingw32/bin/../lib/gcc/nios2-elf/12.3.1/../../../../../H-x86_64-mingw32/nios2-elf/lib/mno-hw-mul\libc.a(libc_a-mprec.o)
                0x00028c70                __mdiff
 .text.__ulp    0x00028ea0       0x60 c:/intelfpga_lite/23.1std/nios2eds/bin/gnu/h-x86_64-mingw32/bin/../lib/gcc/nios2-elf/12.3.1/../../../../../H-x86_64-mingw32/nios2-elf/lib/mno-hw-mul\libc.a(libc_a-mprec.o)
                0x00028ea0                __ulp
 .text.__b2d    0x00028f00      0x100 c:/intelfpga_lite/23.1std/nios2eds/bin/gnu/h-x86_64-mingw32/bin/../lib/gcc/nios2-elf/12.3.1/../../../../../H-x86_64-mingw32/nios2-elf/lib/mno-hw-mul\libc.a(libc_a-mprec.o)
                0x00028f00                __b2d
 .text.__d2b    0x00029000      0x158 c:/intelfpga_lite/23.1std/nios2eds/bin/gnu/h-x86_64-mingw32/bin/../lib/gcc/nios2-elf/12.3.1/../../../../../H-x86_64-mingw32/nios2-elf/lib/mno-hw-mul\libc.a(libc_a-mprec.o)
                0x00029000                __d2b
 .text.__ratio  0x00029158       0xa4 c:/intelfpga_lite/23.1std/nios2eds/bin/gnu/h-x86_64-mingw32/bin/../lib/gcc/nios2-elf/12.3.1/../../../../../H-x86_64-mingw32/nios2-elf/lib/mno-hw-mul\libc.a(libc_a-mprec.o)
                0x00029158                __ratio
 .text._mprec_log10
                0x000291fc       0x70 c:/intelfpga_lite/23.1std/nios2eds/bin/gnu/h-x86_64-mingw32/bin/../lib/gcc/nios2-elf/12.3.1/../../../../../H-x86_64-mingw32/nios2-elf/lib/mno-hw-mul\libc.a(libc_a-mprec.o)
                0x000291fc                _mprec_log10
 .text.__copybits
                0x0002926c       0x6c c:/intelfpga_lite/23.1std/nios2eds/bin/gnu/h-x86_64-mingw32/bin/../lib/gcc/nios2-elf/12.3.1/../../../../../H-x86_64-mingw32/nios2-elf/lib/mno-hw-mul\libc.a(libc_a-mprec.o)
                0x0002926c                __copybits
 .text.__any_on
                0x000292d8       0x60 c:/intelfpga_lite/23.1std/nios2eds/bin/gnu/h-x86_64-mingw32/bin/../lib/gcc/nios2-elf/12.3.1/../../../../../H-x86_64-mingw32/nios2-elf/lib/mno-hw-mul\libc.a(libc_a-mprec.o)
                0x000292d8                __any_on
 .text          0x00029338        0x0 c:/intelfpga_lite/23.1std/nios2eds/bin/gnu/h-x86_64-mingw32/bin/../lib/gcc/nios2-elf/12.3.1/../../../../../H-x86_64-mingw32/nios2-elf/lib/mno-hw-mul\libc.a(libc_a-reallocr.o)
 .text._realloc_r
                0x00029338      0x5ec c:/intelfpga_lite/23.1std/nios2eds/bin/gnu/h-x86_64-mingw32/bin/../lib/gcc/nios2-elf/12.3.1/../../../../../H-x86_64-mingw32/nios2-elf/lib/mno-hw-mul\libc.a(libc_a-reallocr.o)
                0x00029338                _realloc_r
 .text          0x00029924        0x0 c:/intelfpga_lite/23.1std/nios2eds/bin/gnu/h-x86_64-mingw32/bin/../lib/gcc/nios2-elf/12.3.1/../../../../../H-x86_64-mingw32/nios2-elf/lib/mno-hw-mul\libc.a(libc_a-wctomb_r.o)
 .text._wctomb_r
                0x00029924        0xc c:/intelfpga_lite/23.1std/nios2eds/bin/gnu/h-x86_64-mingw32/bin/../lib/gcc/nios2-elf/12.3.1/../../../../../H-x86_64-mingw32/nios2-elf/lib/mno-hw-mul\libc.a(libc_a-wctomb_r.o)
                0x00029924                _wctomb_r
 .text.__ascii_wctomb
                0x00029930       0x30 c:/intelfpga_lite/23.1std/nios2eds/bin/gnu/h-x86_64-mingw32/bin/../lib/gcc/nios2-elf/12.3.1/../../../../../H-x86_64-mingw32/nios2-elf/lib/mno-hw-mul\libc.a(libc_a-wctomb_r.o)
                0x00029930                __ascii_wctomb
 .text          0x00029960        0x0 c:/intelfpga_lite/23.1std/nios2eds/bin/gnu/h-x86_64-mingw32/bin/../lib/gcc/nios2-elf/12.3.1/../../../../../H-x86_64-mingw32/nios2-elf/lib/mno-hw-mul\libc.a(libc_a-wcrtomb.o)
 .text._wcrtomb_r
                0x00029960       0x6c c:/intelfpga_lite/23.1std/nios2eds/bin/gnu/h-x86_64-mingw32/bin/../lib/gcc/nios2-elf/12.3.1/../../../../../H-x86_64-mingw32/nios2-elf/lib/mno-hw-mul\libc.a(libc_a-wcrtomb.o)
                0x00029960                _wcrtomb_r
 .text.wcrtomb  0x000299cc       0x88 c:/intelfpga_lite/23.1std/nios2eds/bin/gnu/h-x86_64-mingw32/bin/../lib/gcc/nios2-elf/12.3.1/../../../../../H-x86_64-mingw32/nios2-elf/lib/mno-hw-mul\libc.a(libc_a-wcrtomb.o)
                0x000299cc                wcrtomb
 .text          0x00029a54        0x0 c:/intelfpga_lite/23.1std/nios2eds/bin/gnu/h-x86_64-mingw32/bin/../lib/gcc/nios2-elf/12.3.1/../../../../../H-x86_64-mingw32/nios2-elf/lib/mno-hw-mul\libc.a(libc_a-ctype_.o)
 .text          0x00029a54        0x0 c:/intelfpga_lite/23.1std/nios2eds/bin/gnu/h-x86_64-mingw32/bin/../lib/gcc/nios2-elf/12.3.1/../../../../../H-x86_64-mingw32/nios2-elf/lib/mno-hw-mul\libc.a(libc_a-fclose.o)
 .text._fclose_r
                0x00029a54       0xf0 c:/intelfpga_lite/23.1std/nios2eds/bin/gnu/h-x86_64-mingw32/bin/../lib/gcc/nios2-elf/12.3.1/../../../../../H-x86_64-mingw32/nios2-elf/lib/mno-hw-mul\libc.a(libc_a-fclose.o)
                0x00029a54                _fclose_r
 .text.fclose   0x00029b44       0x10 c:/intelfpga_lite/23.1std/nios2eds/bin/gnu/h-x86_64-mingw32/bin/../lib/gcc/nios2-elf/12.3.1/../../../../../H-x86_64-mingw32/nios2-elf/lib/mno-hw-mul\libc.a(libc_a-fclose.o)
                0x00029b44                fclose
 .text          0x00029b54        0x0 c:/intelfpga_lite/23.1std/nios2eds/bin/gnu/h-x86_64-mingw32/bin/../lib/gcc/nios2-elf/12.3.1/../../../../../H-x86_64-mingw32/nios2-elf/lib/mno-hw-mul\libc.a(libc_a-makebuf.o)
 .text.__smakebuf_r
                0x00029b54      0x1a8 c:/intelfpga_lite/23.1std/nios2eds/bin/gnu/h-x86_64-mingw32/bin/../lib/gcc/nios2-elf/12.3.1/../../../../../H-x86_64-mingw32/nios2-elf/lib/mno-hw-mul\libc.a(libc_a-makebuf.o)
                0x00029b54                __smakebuf_r
 .text.__swhatbuf_r
                0x00029cfc       0x8c c:/intelfpga_lite/23.1std/nios2eds/bin/gnu/h-x86_64-mingw32/bin/../lib/gcc/nios2-elf/12.3.1/../../../../../H-x86_64-mingw32/nios2-elf/lib/mno-hw-mul\libc.a(libc_a-makebuf.o)
                0x00029cfc                __swhatbuf_r
 .text          0x00029d88        0x0 c:/intelfpga_lite/23.1std/nios2eds/bin/gnu/h-x86_64-mingw32/bin/../lib/gcc/nios2-elf/12.3.1/../../../../../H-x86_64-mingw32/nios2-elf/lib/mno-hw-mul\libc.a(libc_a-wbuf.o)
 .text.__swbuf_r
                0x00029d88      0x148 c:/intelfpga_lite/23.1std/nios2eds/bin/gnu/h-x86_64-mingw32/bin/../lib/gcc/nios2-elf/12.3.1/../../../../../H-x86_64-mingw32/nios2-elf/lib/mno-hw-mul\libc.a(libc_a-wbuf.o)
                0x00029d88                __swbuf_r
 .text.__swbuf  0x00029ed0       0x18 c:/intelfpga_lite/23.1std/nios2eds/bin/gnu/h-x86_64-mingw32/bin/../lib/gcc/nios2-elf/12.3.1/../../../../../H-x86_64-mingw32/nios2-elf/lib/mno-hw-mul\libc.a(libc_a-wbuf.o)
                0x00029ed0                __swbuf
 .text          0x00029ee8        0x0 c:/intelfpga_lite/23.1std/nios2eds/bin/gnu/h-x86_64-mingw32/bin/../lib/gcc/nios2-elf/12.3.1/../../../../../H-x86_64-mingw32/nios2-elf/lib/mno-hw-mul\libc.a(libc_a-strcmp.o)
 .text.strcmp   0x00029ee8       0xb8 c:/intelfpga_lite/23.1std/nios2eds/bin/gnu/h-x86_64-mingw32/bin/../lib/gcc/nios2-elf/12.3.1/../../../../../H-x86_64-mingw32/nios2-elf/lib/mno-hw-mul\libc.a(libc_a-strcmp.o)
                0x00029ee8                strcmp
 .text          0x00029fa0        0x0 c:/intelfpga_lite/23.1std/nios2eds/bin/gnu/h-x86_64-mingw32/bin/../lib/gcc/nios2-elf/12.3.1/../../../../../H-x86_64-mingw32/nios2-elf/lib/mno-hw-mul\libc.a(libc_a-fstatr.o)
 .text._fstat_r
                0x00029fa0       0x60 c:/intelfpga_lite/23.1std/nios2eds/bin/gnu/h-x86_64-mingw32/bin/../lib/gcc/nios2-elf/12.3.1/../../../../../H-x86_64-mingw32/nios2-elf/lib/mno-hw-mul\libc.a(libc_a-fstatr.o)
                0x00029fa0                _fstat_r
 .text          0x0002a000        0x0 c:/intelfpga_lite/23.1std/nios2eds/bin/gnu/h-x86_64-mingw32/bin/../lib/gcc/nios2-elf/12.3.1/../../../../../H-x86_64-mingw32/nios2-elf/lib/mno-hw-mul\libc.a(libc_a-isattyr.o)
 .text._isatty_r
                0x0002a000       0x58 c:/intelfpga_lite/23.1std/nios2eds/bin/gnu/h-x86_64-mingw32/bin/../lib/gcc/nios2-elf/12.3.1/../../../../../H-x86_64-mingw32/nios2-elf/lib/mno-hw-mul\libc.a(libc_a-isattyr.o)
                0x0002a000                _isatty_r
 .text          0x0002a058        0x0 c:/intelfpga_lite/23.1std/nios2eds/bin/gnu/h-x86_64-mingw32/bin/../lib/gcc/nios2-elf/12.3.1/../../../../../H-x86_64-mingw32/nios2-elf/lib/mno-hw-mul\libc.a(libc_a-sbrkr.o)
 .text._sbrk_r  0x0002a058       0x58 c:/intelfpga_lite/23.1std/nios2eds/bin/gnu/h-x86_64-mingw32/bin/../lib/gcc/nios2-elf/12.3.1/../../../../../H-x86_64-mingw32/nios2-elf/lib/mno-hw-mul\libc.a(libc_a-sbrkr.o)
                0x0002a058                _sbrk_r
 .text          0x0002a0b0        0x0 c:/intelfpga_lite/23.1std/nios2eds/bin/gnu/h-x86_64-mingw32/bin/../lib/gcc/nios2-elf/12.3.1/../../../../../H-x86_64-mingw32/nios2-elf/lib/mno-hw-mul\libc.a(libc_a-__call_atexit.o)
 .text.__call_exitprocs
                0x0002a0b0      0x118 c:/intelfpga_lite/23.1std/nios2eds/bin/gnu/h-x86_64-mingw32/bin/../lib/gcc/nios2-elf/12.3.1/../../../../../H-x86_64-mingw32/nios2-elf/lib/mno-hw-mul\libc.a(libc_a-__call_atexit.o)
                0x0002a0b0                __call_exitprocs
 .text          0x0002a1c8        0x0 c:/intelfpga_lite/23.1std/nios2eds/bin/gnu/h-x86_64-mingw32/bin/../lib/gcc/nios2-elf/12.3.1/../../../../../H-x86_64-mingw32/nios2-elf/lib/mno-hw-mul\libc.a(libc_a-assert.o)
 .text.__assert_func
                0x0002a1c8       0x64 c:/intelfpga_lite/23.1std/nios2eds/bin/gnu/h-x86_64-mingw32/bin/../lib/gcc/nios2-elf/12.3.1/../../../../../H-x86_64-mingw32/nios2-elf/lib/mno-hw-mul\libc.a(libc_a-assert.o)
                0x0002a1c8                __assert_func
 .text.__assert
                0x0002a22c       0x14 c:/intelfpga_lite/23.1std/nios2eds/bin/gnu/h-x86_64-mingw32/bin/../lib/gcc/nios2-elf/12.3.1/../../../../../H-x86_64-mingw32/nios2-elf/lib/mno-hw-mul\libc.a(libc_a-assert.o)
                0x0002a22c                __assert
 .text          0x0002a240        0x0 c:/intelfpga_lite/23.1std/nios2eds/bin/gnu/h-x86_64-mingw32/bin/../lib/gcc/nios2-elf/12.3.1/../../../../../H-x86_64-mingw32/nios2-elf/lib/mno-hw-mul\libc.a(libc_a-callocr.o)
 .text._calloc_r
                0x0002a240      0x168 c:/intelfpga_lite/23.1std/nios2eds/bin/gnu/h-x86_64-mingw32/bin/../lib/gcc/nios2-elf/12.3.1/../../../../../H-x86_64-mingw32/nios2-elf/lib/mno-hw-mul\libc.a(libc_a-callocr.o)
                0x0002a240                _calloc_r
 .text          0x0002a3a8        0x0 c:/intelfpga_lite/23.1std/nios2eds/bin/gnu/h-x86_64-mingw32/bin/../lib/gcc/nios2-elf/12.3.1/../../../../../H-x86_64-mingw32/nios2-elf/lib/mno-hw-mul\libc.a(libc_a-fiprintf.o)
 .text._fiprintf_r
                0x0002a3a8       0x20 c:/intelfpga_lite/23.1std/nios2eds/bin/gnu/h-x86_64-mingw32/bin/../lib/gcc/nios2-elf/12.3.1/../../../../../H-x86_64-mingw32/nios2-elf/lib/mno-hw-mul\libc.a(libc_a-fiprintf.o)
                0x0002a3a8                _fiprintf_r
 .text.fiprintf
                0x0002a3c8       0x38 c:/intelfpga_lite/23.1std/nios2eds/bin/gnu/h-x86_64-mingw32/bin/../lib/gcc/nios2-elf/12.3.1/../../../../../H-x86_64-mingw32/nios2-elf/lib/mno-hw-mul\libc.a(libc_a-fiprintf.o)
                0x0002a3c8                fiprintf
 .text          0x0002a400        0x0 c:/intelfpga_lite/23.1std/nios2eds/bin/gnu/h-x86_64-mingw32/bin/../lib/gcc/nios2-elf/12.3.1/../../../../../H-x86_64-mingw32/nios2-elf/lib/mno-hw-mul\libc.a(libc_a-vfiprintfr_1.o)
 .text._vfiprintf_r
                0x0002a400        0x4 c:/intelfpga_lite/23.1std/nios2eds/bin/gnu/h-x86_64-mingw32/bin/../lib/gcc/nios2-elf/12.3.1/../../../../../H-x86_64-mingw32/nios2-elf/lib/mno-hw-mul\libc.a(libc_a-vfiprintfr_1.o)
                0x0002a400                _vfiprintf_r
 .text          0x0002a404        0x0 c:/intelfpga_lite/23.1std/nios2eds/bin/gnu/h-x86_64-mingw32/bin/../lib/gcc/nios2-elf/12.3.1/../../../../../H-x86_64-mingw32/nios2-elf/lib/mno-hw-mul\libc.a(libc_a-errno.o)
 .text.__errno  0x0002a404        0xc c:/intelfpga_lite/23.1std/nios2eds/bin/gnu/h-x86_64-mingw32/bin/../lib/gcc/nios2-elf/12.3.1/../../../../../H-x86_64-mingw32/nios2-elf/lib/mno-hw-mul\libc.a(libc_a-errno.o)
                0x0002a404                __errno
 .text          0x0002a410        0x0 c:/intelfpga_lite/23.1std/nios2eds/bin/gnu/h-x86_64-mingw32/bin/../lib/gcc/nios2-elf/12.3.1/../../../../../H-x86_64-mingw32/nios2-elf/lib/mno-hw-mul\libc.a(libc_a-abort.o)
 .text.abort    0x0002a410       0x18 c:/intelfpga_lite/23.1std/nios2eds/bin/gnu/h-x86_64-mingw32/bin/../lib/gcc/nios2-elf/12.3.1/../../../../../H-x86_64-mingw32/nios2-elf/lib/mno-hw-mul\libc.a(libc_a-abort.o)
                0x0002a410                abort
 .text          0x0002a428        0x0 c:/intelfpga_lite/23.1std/nios2eds/bin/gnu/h-x86_64-mingw32/bin/../lib/gcc/nios2-elf/12.3.1/../../../../../H-x86_64-mingw32/nios2-elf/lib/mno-hw-mul\libc.a(libc_a-signal.o)
 .text._init_signal_r
                0x0002a428       0x5c c:/intelfpga_lite/23.1std/nios2eds/bin/gnu/h-x86_64-mingw32/bin/../lib/gcc/nios2-elf/12.3.1/../../../../../H-x86_64-mingw32/nios2-elf/lib/mno-hw-mul\libc.a(libc_a-signal.o)
                0x0002a428                _init_signal_r
 .text._signal_r
                0x0002a484       0x8c c:/intelfpga_lite/23.1std/nios2eds/bin/gnu/h-x86_64-mingw32/bin/../lib/gcc/nios2-elf/12.3.1/../../../../../H-x86_64-mingw32/nios2-elf/lib/mno-hw-mul\libc.a(libc_a-signal.o)
                0x0002a484                _signal_r
 .text._raise_r
                0x0002a510       0xb0 c:/intelfpga_lite/23.1std/nios2eds/bin/gnu/h-x86_64-mingw32/bin/../lib/gcc/nios2-elf/12.3.1/../../../../../H-x86_64-mingw32/nios2-elf/lib/mno-hw-mul\libc.a(libc_a-signal.o)
                0x0002a510                _raise_r
 .text.__sigtramp_r
                0x0002a5c0       0xbc c:/intelfpga_lite/23.1std/nios2eds/bin/gnu/h-x86_64-mingw32/bin/../lib/gcc/nios2-elf/12.3.1/../../../../../H-x86_64-mingw32/nios2-elf/lib/mno-hw-mul\libc.a(libc_a-signal.o)
                0x0002a5c0                __sigtramp_r
 .text.raise    0x0002a67c       0xb4 c:/intelfpga_lite/23.1std/nios2eds/bin/gnu/h-x86_64-mingw32/bin/../lib/gcc/nios2-elf/12.3.1/../../../../../H-x86_64-mingw32/nios2-elf/lib/mno-hw-mul\libc.a(libc_a-signal.o)
                0x0002a67c                raise
 .text.signal   0x0002a730       0x98 c:/intelfpga_lite/23.1std/nios2eds/bin/gnu/h-x86_64-mingw32/bin/../lib/gcc/nios2-elf/12.3.1/../../../../../H-x86_64-mingw32/nios2-elf/lib/mno-hw-mul\libc.a(libc_a-signal.o)
                0x0002a730                signal
 .text._init_signal
                0x0002a7c8       0x60 c:/intelfpga_lite/23.1std/nios2eds/bin/gnu/h-x86_64-mingw32/bin/../lib/gcc/nios2-elf/12.3.1/../../../../../H-x86_64-mingw32/nios2-elf/lib/mno-hw-mul\libc.a(libc_a-signal.o)
                0x0002a7c8                _init_signal
 .text.__sigtramp
                0x0002a828       0xbc c:/intelfpga_lite/23.1std/nios2eds/bin/gnu/h-x86_64-mingw32/bin/../lib/gcc/nios2-elf/12.3.1/../../../../../H-x86_64-mingw32/nios2-elf/lib/mno-hw-mul\libc.a(libc_a-signal.o)
                0x0002a828                __sigtramp
 .text          0x0002a8e4        0x0 c:/intelfpga_lite/23.1std/nios2eds/bin/gnu/h-x86_64-mingw32/bin/../lib/gcc/nios2-elf/12.3.1/../../../../../H-x86_64-mingw32/nios2-elf/lib/mno-hw-mul\libc.a(libc_a-signalr.o)
 .text._kill_r  0x0002a8e4       0x60 c:/intelfpga_lite/23.1std/nios2eds/bin/gnu/h-x86_64-mingw32/bin/../lib/gcc/nios2-elf/12.3.1/../../../../../H-x86_64-mingw32/nios2-elf/lib/mno-hw-mul\libc.a(libc_a-signalr.o)
                0x0002a8e4                _kill_r
 .text._getpid_r
                0x0002a944        0x4 c:/intelfpga_lite/23.1std/nios2eds/bin/gnu/h-x86_64-mingw32/bin/../lib/gcc/nios2-elf/12.3.1/../../../../../H-x86_64-mingw32/nios2-elf/lib/mno-hw-mul\libc.a(libc_a-signalr.o)
                0x0002a944                _getpid_r
 .text          0x0002a948      0x5d8 c:/intelfpga_lite/23.1std/nios2eds/bin/gnu/h-x86_64-mingw32/bin/../lib/gcc/nios2-elf/12.3.1/mno-hw-mul\libgcc.a(_udivdi3.o)
                0x0002a948                __udivdi3
 .text          0x0002af20      0x55c c:/intelfpga_lite/23.1std/nios2eds/bin/gnu/h-x86_64-mingw32/bin/../lib/gcc/nios2-elf/12.3.1/mno-hw-mul\libgcc.a(_umoddi3.o)
                0x0002af20                __umoddi3
 .text          0x0002b47c       0x28 c:/intelfpga_lite/23.1std/nios2eds/bin/gnu/h-x86_64-mingw32/bin/../lib/gcc/nios2-elf/12.3.1/mno-hw-mul\libgcc.a(lib2-mul.o)
                0x0002b47c                __mulsi3
 .text          0x0002b4a4      0x904 c:/intelfpga_lite/23.1std/nios2eds/bin/gnu/h-x86_64-mingw32/bin/../lib/gcc/nios2-elf/12.3.1/mno-hw-mul\libgcc.a(adddf3.o)
                0x0002b4a4                __adddf3
 .text          0x0002bda8      0x8ec c:/intelfpga_lite/23.1std/nios2eds/bin/gnu/h-x86_64-mingw32/bin/../lib/gcc/nios2-elf/12.3.1/mno-hw-mul\libgcc.a(divdf3.o)
                0x0002bda8                __divdf3
 .text          0x0002c694       0x94 c:/intelfpga_lite/23.1std/nios2eds/bin/gnu/h-x86_64-mingw32/bin/../lib/gcc/nios2-elf/12.3.1/mno-hw-mul\libgcc.a(eqdf2.o)
                0x0002c694                __nedf2
                0x0002c694                __eqdf2
 .text          0x0002c728       0xfc c:/intelfpga_lite/23.1std/nios2eds/bin/gnu/h-x86_64-mingw32/bin/../lib/gcc/nios2-elf/12.3.1/mno-hw-mul\libgcc.a(gedf2.o)
                0x0002c728                __gedf2
                0x0002c728                __gtdf2
 .text          0x0002c824       0xf8 c:/intelfpga_lite/23.1std/nios2eds/bin/gnu/h-x86_64-mingw32/bin/../lib/gcc/nios2-elf/12.3.1/mno-hw-mul\libgcc.a(ledf2.o)
                0x0002c824                __ledf2
                0x0002c824                __ltdf2
 .text          0x0002c91c      0x808 c:/intelfpga_lite/23.1std/nios2eds/bin/gnu/h-x86_64-mingw32/bin/../lib/gcc/nios2-elf/12.3.1/mno-hw-mul\libgcc.a(muldf3.o)
                0x0002c91c                __muldf3
 .text          0x0002d124      0x99c c:/intelfpga_lite/23.1std/nios2eds/bin/gnu/h-x86_64-mingw32/bin/../lib/gcc/nios2-elf/12.3.1/mno-hw-mul\libgcc.a(subdf3.o)
                0x0002d124                __subdf3
 .text          0x0002dac0       0x54 c:/intelfpga_lite/23.1std/nios2eds/bin/gnu/h-x86_64-mingw32/bin/../lib/gcc/nios2-elf/12.3.1/mno-hw-mul\libgcc.a(unorddf2.o)
                0x0002dac0                __unorddf2
 .text          0x0002db14       0x80 c:/intelfpga_lite/23.1std/nios2eds/bin/gnu/h-x86_64-mingw32/bin/../lib/gcc/nios2-elf/12.3.1/mno-hw-mul\libgcc.a(fixdfsi.o)
                0x0002db14                __fixdfsi
 .text          0x0002db94       0xb8 c:/intelfpga_lite/23.1std/nios2eds/bin/gnu/h-x86_64-mingw32/bin/../lib/gcc/nios2-elf/12.3.1/mno-hw-mul\libgcc.a(floatsidf.o)
                0x0002db94                __floatsidf
 .text          0x0002dc4c       0x90 c:/intelfpga_lite/23.1std/nios2eds/bin/gnu/h-x86_64-mingw32/bin/../lib/gcc/nios2-elf/12.3.1/mno-hw-mul\libgcc.a(floatunsidf.o)
                0x0002dc4c                __floatunsidf
 .text          0x0002dcdc        0x0 c:/intelfpga_lite/23.1std/nios2eds/bin/gnu/h-x86_64-mingw32/bin/../lib/gcc/nios2-elf/12.3.1/mno-hw-mul\libgcc.a(_clz.o)
 .text          0x0002dcdc       0x50 c:/intelfpga_lite/23.1std/nios2eds/bin/gnu/h-x86_64-mingw32/bin/../lib/gcc/nios2-elf/12.3.1/mno-hw-mul\libgcc.a(_clzsi2.o)
                0x0002dcdc                __clzsi2
 .text          0x0002dd2c      0x118 d:/quartus_prime_lite/workspace_intel/nios_led3/nios_led3/software/led3_bsp/\libhal_bsp.a(alt_close.o)
                0x0002dd68                close
 .text          0x0002de44       0x2c d:/quartus_prime_lite/workspace_intel/nios_led3/nios_led3/software/led3_bsp/\libhal_bsp.a(alt_dev.o)
 .text          0x0002de70        0x0 d:/quartus_prime_lite/workspace_intel/nios_led3/nios_led3/software/led3_bsp/\libhal_bsp.a(alt_errno.o)
 .text          0x0002de70       0x3c d:/quartus_prime_lite/workspace_intel/nios_led3/nios_led3/software/led3_bsp/\libhal_bsp.a(alt_exit.o)
                0x0002de70                _exit
 .text          0x0002deac       0xf8 d:/quartus_prime_lite/workspace_intel/nios_led3/nios_led3/software/led3_bsp/\libhal_bsp.a(alt_fstat.o)
                0x0002dee8                fstat
 .text          0x0002dfa4       0x20 d:/quartus_prime_lite/workspace_intel/nios_led3/nios_led3/software/led3_bsp/\libhal_bsp.a(alt_getpid.o)
                0x0002dfa4                getpid
 .text          0x0002dfc4      0x1b0 d:/quartus_prime_lite/workspace_intel/nios_led3/nios_led3/software/led3_bsp/\libhal_bsp.a(alt_iic.o)
                0x0002dfc4                alt_ic_isr_register
                0x0002e014                alt_ic_irq_enable
                0x0002e09c                alt_ic_irq_disable
                0x0002e128                alt_ic_irq_enabled
 .text          0x0002e174       0xe8 d:/quartus_prime_lite/workspace_intel/nios_led3/nios_led3/software/led3_bsp/\libhal_bsp.a(alt_iic_isr_register.o)
                0x0002e174                alt_iic_isr_register
 .text          0x0002e25c        0x0 d:/quartus_prime_lite/workspace_intel/nios_led3/nios_led3/software/led3_bsp/\libhal_bsp.a(alt_irq_entry.o)
 .text          0x0002e25c        0x0 d:/quartus_prime_lite/workspace_intel/nios_led3/nios_led3/software/led3_bsp/\libhal_bsp.a(alt_irq_handler.o)
 .text          0x0002e25c        0x0 d:/quartus_prime_lite/workspace_intel/nios_led3/nios_led3/software/led3_bsp/\libhal_bsp.a(alt_irq_vars.o)
 .text          0x0002e25c       0xec d:/quartus_prime_lite/workspace_intel/nios_led3/nios_led3/software/led3_bsp/\libhal_bsp.a(alt_isatty.o)
                0x0002e298                isatty
 .text          0x0002e348      0x12c d:/quartus_prime_lite/workspace_intel/nios_led3/nios_led3/software/led3_bsp/\libhal_bsp.a(alt_kill.o)
                0x0002e384                kill
 .text          0x0002e474       0xec d:/quartus_prime_lite/workspace_intel/nios_led3/nios_led3/software/led3_bsp/\libhal_bsp.a(alt_load.o)
                0x0002e4dc                alt_load
 .text          0x0002e560      0x11c d:/quartus_prime_lite/workspace_intel/nios_led3/nios_led3/software/led3_bsp/\libhal_bsp.a(alt_lseek.o)
                0x0002e59c                lseek
 .text          0x0002e67c       0x7c d:/quartus_prime_lite/workspace_intel/nios_led3/nios_led3/software/led3_bsp/\libhal_bsp.a(alt_main.o)
                0x0002e67c                alt_main
 .text          0x0002e6f8       0x48 d:/quartus_prime_lite/workspace_intel/nios_led3/nios_led3/software/led3_bsp/\libhal_bsp.a(alt_malloc_lock.o)
                0x0002e6f8                __malloc_lock
                0x0002e71c                __malloc_unlock
 .text          0x0002e740      0x144 d:/quartus_prime_lite/workspace_intel/nios_led3/nios_led3/software/led3_bsp/\libhal_bsp.a(alt_read.o)
                0x0002e77c                read
 .text          0x0002e884       0x70 d:/quartus_prime_lite/workspace_intel/nios_led3/nios_led3/software/led3_bsp/\libhal_bsp.a(alt_release_fd.o)
                0x0002e884                alt_release_fd
 .text          0x0002e8f4       0xb8 d:/quartus_prime_lite/workspace_intel/nios_led3/nios_led3/software/led3_bsp/\libhal_bsp.a(alt_sbrk.o)
                0x0002e8f4                sbrk
 .text          0x0002e9ac      0x140 d:/quartus_prime_lite/workspace_intel/nios_led3/nios_led3/software/led3_bsp/\libhal_bsp.a(alt_write.o)
                0x0002e9e8                write
 .text          0x0002eaec       0xd0 d:/quartus_prime_lite/workspace_intel/nios_led3/nios_led3/software/led3_bsp/\libhal_bsp.a(alt_sys_init.o)
                0x0002eb20                alt_irq_init
                0x0002eb5c                alt_sys_init
 .text          0x0002ebbc      0x164 d:/quartus_prime_lite/workspace_intel/nios_led3/nios_led3/software/led3_bsp/\libhal_bsp.a(altera_avalon_jtag_uart_fd.o)
                0x0002ebbc                altera_avalon_jtag_uart_read_fd
                0x0002ec1c                altera_avalon_jtag_uart_write_fd
                0x0002ec7c                altera_avalon_jtag_uart_close_fd
                0x0002eccc                altera_avalon_jtag_uart_ioctl_fd
 .text          0x0002ed20      0x3e4 d:/quartus_prime_lite/workspace_intel/nios_led3/nios_led3/software/led3_bsp/\libhal_bsp.a(altera_avalon_jtag_uart_init.o)
                0x0002ed20                altera_avalon_jtag_uart_init
                0x0002f09c                altera_avalon_jtag_uart_close
 .text          0x0002f104       0xf4 d:/quartus_prime_lite/workspace_intel/nios_led3/nios_led3/software/led3_bsp/\libhal_bsp.a(altera_avalon_jtag_uart_ioctl.o)
                0x0002f104                altera_avalon_jtag_uart_ioctl
 .text          0x0002f1f8      0x220 d:/quartus_prime_lite/workspace_intel/nios_led3/nios_led3/software/led3_bsp/\libhal_bsp.a(altera_avalon_jtag_uart_read.o)
                0x0002f1f8                altera_avalon_jtag_uart_read
 .text          0x0002f418      0x228 d:/quartus_prime_lite/workspace_intel/nios_led3/nios_led3/software/led3_bsp/\libhal_bsp.a(altera_avalon_jtag_uart_write.o)
                0x0002f418                altera_avalon_jtag_uart_write
 .text          0x0002f640      0x100 d:/quartus_prime_lite/workspace_intel/nios_led3/nios_led3/software/led3_bsp/\libhal_bsp.a(altera_avalon_timer_sc.o)
                0x0002f6bc                alt_avalon_timer_sc_init
 .text          0x0002f740      0x160 d:/quartus_prime_lite/workspace_intel/nios_led3/nios_led3/software/led3_bsp/\libhal_bsp.a(alt_alarm_start.o)
                0x0002f740                alt_alarm_start
 .text          0x0002f8a0       0x20 d:/quartus_prime_lite/workspace_intel/nios_led3/nios_led3/software/led3_bsp/\libhal_bsp.a(alt_dcache_flush_all.o)
                0x0002f8a0                alt_dcache_flush_all
 .text          0x0002f8c0       0xe4 d:/quartus_prime_lite/workspace_intel/nios_led3/nios_led3/software/led3_bsp/\libhal_bsp.a(alt_dev_llist_insert.o)
                0x0002f8fc                alt_dev_llist_insert
 .text          0x0002f9a4       0x64 d:/quartus_prime_lite/workspace_intel/nios_led3/nios_led3/software/led3_bsp/\libhal_bsp.a(alt_do_ctors.o)
                0x0002f9a4                _do_ctors
 .text          0x0002fa08       0x64 d:/quartus_prime_lite/workspace_intel/nios_led3/nios_led3/software/led3_bsp/\libhal_bsp.a(alt_do_dtors.o)
                0x0002fa08                _do_dtors
 .text          0x0002fa6c        0x0 d:/quartus_prime_lite/workspace_intel/nios_led3/nios_led3/software/led3_bsp/\libhal_bsp.a(alt_exception_entry.o)
 .text          0x0002fa6c       0x20 d:/quartus_prime_lite/workspace_intel/nios_led3/nios_led3/software/led3_bsp/\libhal_bsp.a(alt_icache_flush_all.o)
                0x0002fa6c                alt_icache_flush_all
 .text          0x0002fa8c       0x74 d:/quartus_prime_lite/workspace_intel/nios_led3/nios_led3/software/led3_bsp/\libhal_bsp.a(alt_instruction_exception_entry.o)
                0x0002fa8c                alt_exception_cause_generated_bad_addr
 .text          0x0002fb00      0x150 d:/quartus_prime_lite/workspace_intel/nios_led3/nios_led3/software/led3_bsp/\libhal_bsp.a(alt_io_redirect.o)
                0x0002fbd4                alt_io_redirect
 .text          0x0002fc50      0x278 d:/quartus_prime_lite/workspace_intel/nios_led3/nios_led3/software/led3_bsp/\libhal_bsp.a(alt_open.o)
                0x0002fd68                open
 .text          0x0002fec8      0x1d0 d:/quartus_prime_lite/workspace_intel/nios_led3/nios_led3/software/led3_bsp/\libhal_bsp.a(alt_tick.o)
                0x0002fec8                alt_alarm_stop
                0x0002ff6c                alt_tick
 .text          0x00030098       0x24 d:/quartus_prime_lite/workspace_intel/nios_led3/nios_led3/software/led3_bsp/\libhal_bsp.a(altera_nios2_gen2_irq.o)
                0x00030098                altera_nios2_gen2_irq_init
 .text          0x000300bc       0x90 d:/quartus_prime_lite/workspace_intel/nios_led3/nios_led3/software/led3_bsp/\libhal_bsp.a(alt_find_dev.o)
                0x000300bc                alt_find_dev
 .text          0x0003014c      0x108 d:/quartus_prime_lite/workspace_intel/nios_led3/nios_led3/software/led3_bsp/\libhal_bsp.a(alt_find_file.o)
                0x0003014c                alt_find_file
 .text          0x00030254       0xb8 d:/quartus_prime_lite/workspace_intel/nios_led3/nios_led3/software/led3_bsp/\libhal_bsp.a(alt_get_fd.o)
                0x00030254                alt_get_fd
 .text          0x0003030c        0x0 c:/intelfpga_lite/23.1std/nios2eds/bin/gnu/h-x86_64-mingw32/bin/../lib/gcc/nios2-elf/12.3.1/../../../../../H-x86_64-mingw32/nios2-elf/lib/mno-hw-mul\libc.a(libc_a-atexit.o)
 .text.atexit   0x0003030c       0x14 c:/intelfpga_lite/23.1std/nios2eds/bin/gnu/h-x86_64-mingw32/bin/../lib/gcc/nios2-elf/12.3.1/../../../../../H-x86_64-mingw32/nios2-elf/lib/mno-hw-mul\libc.a(libc_a-atexit.o)
                0x0003030c                atexit
 .text          0x00030320        0x0 c:/intelfpga_lite/23.1std/nios2eds/bin/gnu/h-x86_64-mingw32/bin/../lib/gcc/nios2-elf/12.3.1/../../../../../H-x86_64-mingw32/nios2-elf/lib/mno-hw-mul\libc.a(libc_a-memcmp.o)
 .text.memcmp   0x00030320       0x78 c:/intelfpga_lite/23.1std/nios2eds/bin/gnu/h-x86_64-mingw32/bin/../lib/gcc/nios2-elf/12.3.1/../../../../../H-x86_64-mingw32/nios2-elf/lib/mno-hw-mul\libc.a(libc_a-memcmp.o)
                0x00030320                memcmp
 .text          0x00030398        0x0 c:/intelfpga_lite/23.1std/nios2eds/bin/gnu/h-x86_64-mingw32/bin/../lib/gcc/nios2-elf/12.3.1/../../../../../H-x86_64-mingw32/nios2-elf/lib/mno-hw-mul\libc.a(libc_a-__atexit.o)
 .text.__register_exitproc
                0x00030398       0x94 c:/intelfpga_lite/23.1std/nios2eds/bin/gnu/h-x86_64-mingw32/bin/../lib/gcc/nios2-elf/12.3.1/../../../../../H-x86_64-mingw32/nios2-elf/lib/mno-hw-mul\libc.a(libc_a-__atexit.o)
                0x00030398                __register_exitproc
 *(.gnu.warning.*)
 *(.fini)
                [!provide]                        PROVIDE (__etext = ABSOLUTE (.))
                [!provide]                        PROVIDE (_etext = ABSOLUTE (.))
                [!provide]                        PROVIDE (etext = ABSOLUTE (.))
 *(.eh_frame_hdr)
                0x0003042c                        . = ALIGN (0x4)
                [!provide]                        PROVIDE (__preinit_array_start = ABSOLUTE (.))
 *(.preinit_array)
                [!provide]                        PROVIDE (__preinit_array_end = ABSOLUTE (.))
                [!provide]                        PROVIDE (__init_array_start = ABSOLUTE (.))
 *(SORT_BY_INIT_PRIORITY(.init_array.*))
 *(.init_array)
                [!provide]                        PROVIDE (__init_array_end = ABSOLUTE (.))
                [!provide]                        PROVIDE (__fini_array_start = ABSOLUTE (.))
 *(.fini_array)
                [!provide]                        PROVIDE (__fini_array_end = ABSOLUTE (.))
 *(.eh_frame)
 *(.gcc_except_table .gcc_except_table.*)
 *(.dynamic)
                0x0003042c                        PROVIDE (__CTOR_LIST__ = ABSOLUTE (.))
 *(.ctors)
 *(SORT_BY_NAME(.ctors.*))
                0x0003042c                        PROVIDE (__CTOR_END__ = ABSOLUTE (.))
                0x0003042c                        PROVIDE (__DTOR_LIST__ = ABSOLUTE (.))
 *(.dtors)
 *(SORT_BY_NAME(.dtors.*))
                0x0003042c                        PROVIDE (__DTOR_END__ = ABSOLUTE (.))
 *(.jcr)
                0x0003042c                        . = ALIGN (0x4)

.rodata         0x0003042c      0x660
                0x0003042c                        PROVIDE (__ram_rodata_start = ABSOLUTE (.))
                0x0003042c                        . = ALIGN (0x4)
 *(.rodata .rodata.* .gnu.linkonce.r.*)
 .rodata        0x0003042c       0x10 obj/default/gpio_drv.o
 .rodata        0x0003043c       0x13 obj/default/led3_test_isr.o
 *fill*         0x0003044f        0x1 
 .rodata.___vfprintf_internal_r.str1.4
                0x00030450       0x42 c:/intelfpga_lite/23.1std/nios2eds/bin/gnu/h-x86_64-mingw32/bin/../lib/gcc/nios2-elf/12.3.1/../../../../../H-x86_64-mingw32/nios2-elf/lib/mno-hw-mul\libc.a(libc_a-vfprintf.o)
 *fill*         0x00030492        0x2 
 .rodata.zeroes.0
                0x00030494       0x10 c:/intelfpga_lite/23.1std/nios2eds/bin/gnu/h-x86_64-mingw32/bin/../lib/gcc/nios2-elf/12.3.1/../../../../../H-x86_64-mingw32/nios2-elf/lib/mno-hw-mul\libc.a(libc_a-vfprintf.o)
 .rodata.blanks.1
                0x000304a4       0x10 c:/intelfpga_lite/23.1std/nios2eds/bin/gnu/h-x86_64-mingw32/bin/../lib/gcc/nios2-elf/12.3.1/../../../../../H-x86_64-mingw32/nios2-elf/lib/mno-hw-mul\libc.a(libc_a-vfprintf.o)
 .rodata.___vfiprintf_internal_r.str1.4
                0x000304b4       0x2f c:/intelfpga_lite/23.1std/nios2eds/bin/gnu/h-x86_64-mingw32/bin/../lib/gcc/nios2-elf/12.3.1/../../../../../H-x86_64-mingw32/nios2-elf/lib/mno-hw-mul\libc.a(libc_a-vfiprintf.o)
 .rodata.zeroes.0
                0x000304b4       0x10 c:/intelfpga_lite/23.1std/nios2eds/bin/gnu/h-x86_64-mingw32/bin/../lib/gcc/nios2-elf/12.3.1/../../../../../H-x86_64-mingw32/nios2-elf/lib/mno-hw-mul\libc.a(libc_a-vfiprintf.o)
 .rodata.blanks.1
                0x000304c4       0x10 c:/intelfpga_lite/23.1std/nios2eds/bin/gnu/h-x86_64-mingw32/bin/../lib/gcc/nios2-elf/12.3.1/../../../../../H-x86_64-mingw32/nios2-elf/lib/mno-hw-mul\libc.a(libc_a-vfiprintf.o)
 .rodata._setlocale_r.str1.4
                0x000304d4        0xa c:/intelfpga_lite/23.1std/nios2eds/bin/gnu/h-x86_64-mingw32/bin/../lib/gcc/nios2-elf/12.3.1/../../../../../H-x86_64-mingw32/nios2-elf/lib/mno-hw-mul\libc.a(libc_a-locale.o)
                                  0xd (size before relaxing)
 *fill*         0x000304de        0x2 
 .rodata.str1.4
                0x000304e0        0x2 c:/intelfpga_lite/23.1std/nios2eds/bin/gnu/h-x86_64-mingw32/bin/../lib/gcc/nios2-elf/12.3.1/../../../../../H-x86_64-mingw32/nios2-elf/lib/mno-hw-mul\libc.a(libc_a-locale.o)
 *fill*         0x000304e2        0x2 
 .rodata._dtoa_r.str1.4
                0x000304e4       0x5b c:/intelfpga_lite/23.1std/nios2eds/bin/gnu/h-x86_64-mingw32/bin/../lib/gcc/nios2-elf/12.3.1/../../../../../H-x86_64-mingw32/nios2-elf/lib/mno-hw-mul\libc.a(libc_a-dtoa.o)
                                 0x5f (size before relaxing)
 *fill*         0x0003053f        0x1 
 .rodata.__multadd.str1.4
                0x00030540       0x38 c:/intelfpga_lite/23.1std/nios2eds/bin/gnu/h-x86_64-mingw32/bin/../lib/gcc/nios2-elf/12.3.1/../../../../../H-x86_64-mingw32/nios2-elf/lib/mno-hw-mul\libc.a(libc_a-mprec.o)
                                 0x4c (size before relaxing)
 .rodata.p05.0  0x00030578        0xc c:/intelfpga_lite/23.1std/nios2eds/bin/gnu/h-x86_64-mingw32/bin/../lib/gcc/nios2-elf/12.3.1/../../../../../H-x86_64-mingw32/nios2-elf/lib/mno-hw-mul\libc.a(libc_a-mprec.o)
 .rodata.__mprec_tinytens
                0x00030584       0x28 c:/intelfpga_lite/23.1std/nios2eds/bin/gnu/h-x86_64-mingw32/bin/../lib/gcc/nios2-elf/12.3.1/../../../../../H-x86_64-mingw32/nios2-elf/lib/mno-hw-mul\libc.a(libc_a-mprec.o)
                0x00030584                __mprec_tinytens
 .rodata.__mprec_bigtens
                0x000305ac       0x28 c:/intelfpga_lite/23.1std/nios2eds/bin/gnu/h-x86_64-mingw32/bin/../lib/gcc/nios2-elf/12.3.1/../../../../../H-x86_64-mingw32/nios2-elf/lib/mno-hw-mul\libc.a(libc_a-mprec.o)
                0x000305ac                __mprec_bigtens
 .rodata.__mprec_tens
                0x000305d4       0xc8 c:/intelfpga_lite/23.1std/nios2eds/bin/gnu/h-x86_64-mingw32/bin/../lib/gcc/nios2-elf/12.3.1/../../../../../H-x86_64-mingw32/nios2-elf/lib/mno-hw-mul\libc.a(libc_a-mprec.o)
                0x000305d4                __mprec_tens
 .rodata._ctype_
                0x0003069c      0x101 c:/intelfpga_lite/23.1std/nios2eds/bin/gnu/h-x86_64-mingw32/bin/../lib/gcc/nios2-elf/12.3.1/../../../../../H-x86_64-mingw32/nios2-elf/lib/mno-hw-mul\libc.a(libc_a-ctype_.o)
                0x0003069c                _ctype_
 *fill*         0x0003079d        0x3 
 .rodata._ctype_b
                0x000307a0      0x180 c:/intelfpga_lite/23.1std/nios2eds/bin/gnu/h-x86_64-mingw32/bin/../lib/gcc/nios2-elf/12.3.1/../../../../../H-x86_64-mingw32/nios2-elf/lib/mno-hw-mul\libc.a(libc_a-ctype_.o)
                0x000307a0                _ctype_b
 .rodata.__assert_func.str1.4
                0x00030920       0x3f c:/intelfpga_lite/23.1std/nios2eds/bin/gnu/h-x86_64-mingw32/bin/../lib/gcc/nios2-elf/12.3.1/../../../../../H-x86_64-mingw32/nios2-elf/lib/mno-hw-mul\libc.a(libc_a-assert.o)
                                 0x43 (size before relaxing)
 *fill*         0x0003095f        0x1 
 .rodata        0x00030960      0x100 c:/intelfpga_lite/23.1std/nios2eds/bin/gnu/h-x86_64-mingw32/bin/../lib/gcc/nios2-elf/12.3.1/mno-hw-mul\libgcc.a(_clz.o)
                0x00030960                __clz_tab
 .rodata        0x00030a60        0xa d:/quartus_prime_lite/workspace_intel/nios_led3/nios_led3/software/led3_bsp/\libhal_bsp.a(alt_dev.o)
 *fill*         0x00030a6a        0x2 
 .rodata        0x00030a6c        0xf d:/quartus_prime_lite/workspace_intel/nios_led3/nios_led3/software/led3_bsp/\libhal_bsp.a(alt_main.o)
 *fill*         0x00030a7b        0x1 
 .rodata        0x00030a7c        0xf d:/quartus_prime_lite/workspace_intel/nios_led3/nios_led3/software/led3_bsp/\libhal_bsp.a(alt_sys_init.o)
 *(.rodata1)
                0x00030a8c                        . = ALIGN (0x4)
 *fill*         0x00030a8b        0x1 
                0x00030a8c                        PROVIDE (__ram_rodata_end = ABSOLUTE (.))
                0x0003042c                        PROVIDE (__flash_rodata_start = LOADADDR (.rodata))

.rwdata         0x00030a8c     0x18dc load address 0x00032368
                0x00030a8c                        PROVIDE (__ram_rwdata_start = ABSOLUTE (.))
                0x00030a8c                        . = ALIGN (0x4)
 *(.got.plt)
 *(.got)
 *(.data1)
 *(.data .data.* .gnu.linkonce.d.*)
 .data          0x00030a8c        0x0 d:/quartus_prime_lite/workspace_intel/nios_led3/nios_led3/software/led3_bsp//obj/HAL/src/crt0.o
 .data          0x00030a8c        0x0 obj/default/gpio_drv.o
 .data          0x00030a8c        0x0 obj/default/led3_test_isr.o
 .data          0x00030a8c        0x0 obj/default/timer_drv.o
 .data          0x00030a8c        0x0 c:/intelfpga_lite/23.1std/nios2eds/bin/gnu/h-x86_64-mingw32/bin/../lib/gcc/nios2-elf/12.3.1/mno-hw-mul\libgcc.a(lib2-divmod.o)
 .data          0x00030a8c        0x0 c:/intelfpga_lite/23.1std/nios2eds/bin/gnu/h-x86_64-mingw32/bin/../lib/gcc/nios2-elf/12.3.1/../../../../../H-x86_64-mingw32/nios2-elf/lib/mno-hw-mul\libc.a(libc_a-printf.o)
 .data          0x00030a8c        0x0 c:/intelfpga_lite/23.1std/nios2eds/bin/gnu/h-x86_64-mingw32/bin/../lib/gcc/nios2-elf/12.3.1/../../../../../H-x86_64-mingw32/nios2-elf/lib/mno-hw-mul\libc.a(libc_a-impure.o)
 .data._impure_data
                0x00030a8c      0x11c c:/intelfpga_lite/23.1std/nios2eds/bin/gnu/h-x86_64-mingw32/bin/../lib/gcc/nios2-elf/12.3.1/../../../../../H-x86_64-mingw32/nios2-elf/lib/mno-hw-mul\libc.a(libc_a-impure.o)
                0x00030a8c                _impure_data
 .data          0x00030ba8        0x0 c:/intelfpga_lite/23.1std/nios2eds/bin/gnu/h-x86_64-mingw32/bin/../lib/gcc/nios2-elf/12.3.1/../../../../../H-x86_64-mingw32/nios2-elf/lib/mno-hw-mul\libc.a(libc_a-vfprintf.o)
 .data          0x00030ba8        0x0 c:/intelfpga_lite/23.1std/nios2eds/bin/gnu/h-x86_64-mingw32/bin/../lib/gcc/nios2-elf/12.3.1/../../../../../H-x86_64-mingw32/nios2-elf/lib/mno-hw-mul\libc.a(libc_a-vfiprintf.o)
 .data          0x00030ba8        0x0 c:/intelfpga_lite/23.1std/nios2eds/bin/gnu/h-x86_64-mingw32/bin/../lib/gcc/nios2-elf/12.3.1/../../../../../H-x86_64-mingw32/nios2-elf/lib/mno-hw-mul\libc.a(libc_a-fflush.o)
 .data          0x00030ba8        0x0 c:/intelfpga_lite/23.1std/nios2eds/bin/gnu/h-x86_64-mingw32/bin/../lib/gcc/nios2-elf/12.3.1/../../../../../H-x86_64-mingw32/nios2-elf/lib/mno-hw-mul\libc.a(libc_a-findfp.o)
 .data.__sglue  0x00030ba8        0xc c:/intelfpga_lite/23.1std/nios2eds/bin/gnu/h-x86_64-mingw32/bin/../lib/gcc/nios2-elf/12.3.1/../../../../../H-x86_64-mingw32/nios2-elf/lib/mno-hw-mul\libc.a(libc_a-findfp.o)
                0x00030ba8                __sglue
 .data          0x00030bb4        0x0 c:/intelfpga_lite/23.1std/nios2eds/bin/gnu/h-x86_64-mingw32/bin/../lib/gcc/nios2-elf/12.3.1/../../../../../H-x86_64-mingw32/nios2-elf/lib/mno-hw-mul\libc.a(libc_a-fvwrite.o)
 .data          0x00030bb4        0x0 c:/intelfpga_lite/23.1std/nios2eds/bin/gnu/h-x86_64-mingw32/bin/../lib/gcc/nios2-elf/12.3.1/../../../../../H-x86_64-mingw32/nios2-elf/lib/mno-hw-mul\libc.a(libc_a-fwalk.o)
 .data          0x00030bb4        0x0 c:/intelfpga_lite/23.1std/nios2eds/bin/gnu/h-x86_64-mingw32/bin/../lib/gcc/nios2-elf/12.3.1/../../../../../H-x86_64-mingw32/nios2-elf/lib/mno-hw-mul\libc.a(libc_a-stdio.o)
 .data          0x00030bb4        0x0 c:/intelfpga_lite/23.1std/nios2eds/bin/gnu/h-x86_64-mingw32/bin/../lib/gcc/nios2-elf/12.3.1/../../../../../H-x86_64-mingw32/nios2-elf/lib/mno-hw-mul\libc.a(libc_a-wsetup.o)
 .data          0x00030bb4        0x0 c:/intelfpga_lite/23.1std/nios2eds/bin/gnu/h-x86_64-mingw32/bin/../lib/gcc/nios2-elf/12.3.1/../../../../../H-x86_64-mingw32/nios2-elf/lib/mno-hw-mul\libc.a(libc_a-fputwc.o)
 .data          0x00030bb4        0x0 c:/intelfpga_lite/23.1std/nios2eds/bin/gnu/h-x86_64-mingw32/bin/../lib/gcc/nios2-elf/12.3.1/../../../../../H-x86_64-mingw32/nios2-elf/lib/mno-hw-mul\libc.a(libc_a-memchr.o)
 .data          0x00030bb4        0x0 c:/intelfpga_lite/23.1std/nios2eds/bin/gnu/h-x86_64-mingw32/bin/../lib/gcc/nios2-elf/12.3.1/../../../../../H-x86_64-mingw32/nios2-elf/lib/mno-hw-mul\libc.a(libc_a-memcpy.o)
 .data          0x00030bb4        0x0 c:/intelfpga_lite/23.1std/nios2eds/bin/gnu/h-x86_64-mingw32/bin/../lib/gcc/nios2-elf/12.3.1/../../../../../H-x86_64-mingw32/nios2-elf/lib/mno-hw-mul\libc.a(libc_a-memmove.o)
 .data          0x00030bb4        0x0 c:/intelfpga_lite/23.1std/nios2eds/bin/gnu/h-x86_64-mingw32/bin/../lib/gcc/nios2-elf/12.3.1/../../../../../H-x86_64-mingw32/nios2-elf/lib/mno-hw-mul\libc.a(libc_a-memset.o)
 .data          0x00030bb4        0x0 c:/intelfpga_lite/23.1std/nios2eds/bin/gnu/h-x86_64-mingw32/bin/../lib/gcc/nios2-elf/12.3.1/../../../../../H-x86_64-mingw32/nios2-elf/lib/mno-hw-mul\libc.a(libc_a-strlen.o)
 .data          0x00030bb4        0x0 c:/intelfpga_lite/23.1std/nios2eds/bin/gnu/h-x86_64-mingw32/bin/../lib/gcc/nios2-elf/12.3.1/../../../../../H-x86_64-mingw32/nios2-elf/lib/mno-hw-mul\libc.a(libc_a-locale.o)
 .data.__global_locale
                0x00030bb4      0x16c c:/intelfpga_lite/23.1std/nios2eds/bin/gnu/h-x86_64-mingw32/bin/../lib/gcc/nios2-elf/12.3.1/../../../../../H-x86_64-mingw32/nios2-elf/lib/mno-hw-mul\libc.a(libc_a-locale.o)
                0x00030bb4                __global_locale
 .data          0x00030d20        0x0 c:/intelfpga_lite/23.1std/nios2eds/bin/gnu/h-x86_64-mingw32/bin/../lib/gcc/nios2-elf/12.3.1/../../../../../H-x86_64-mingw32/nios2-elf/lib/mno-hw-mul\libc.a(libc_a-localeconv.o)
 .data          0x00030d20        0x0 c:/intelfpga_lite/23.1std/nios2eds/bin/gnu/h-x86_64-mingw32/bin/../lib/gcc/nios2-elf/12.3.1/../../../../../H-x86_64-mingw32/nios2-elf/lib/mno-hw-mul\libc.a(libc_a-closer.o)
 .data          0x00030d20        0x0 c:/intelfpga_lite/23.1std/nios2eds/bin/gnu/h-x86_64-mingw32/bin/../lib/gcc/nios2-elf/12.3.1/../../../../../H-x86_64-mingw32/nios2-elf/lib/mno-hw-mul\libc.a(libc_a-reent.o)
 .data          0x00030d20        0x0 c:/intelfpga_lite/23.1std/nios2eds/bin/gnu/h-x86_64-mingw32/bin/../lib/gcc/nios2-elf/12.3.1/../../../../../H-x86_64-mingw32/nios2-elf/lib/mno-hw-mul\libc.a(libc_a-lseekr.o)
 .data          0x00030d20        0x0 c:/intelfpga_lite/23.1std/nios2eds/bin/gnu/h-x86_64-mingw32/bin/../lib/gcc/nios2-elf/12.3.1/../../../../../H-x86_64-mingw32/nios2-elf/lib/mno-hw-mul\libc.a(libc_a-readr.o)
 .data          0x00030d20        0x0 c:/intelfpga_lite/23.1std/nios2eds/bin/gnu/h-x86_64-mingw32/bin/../lib/gcc/nios2-elf/12.3.1/../../../../../H-x86_64-mingw32/nios2-elf/lib/mno-hw-mul\libc.a(libc_a-writer.o)
 .data          0x00030d20        0x0 c:/intelfpga_lite/23.1std/nios2eds/bin/gnu/h-x86_64-mingw32/bin/../lib/gcc/nios2-elf/12.3.1/../../../../../H-x86_64-mingw32/nios2-elf/lib/mno-hw-mul\libc.a(libc_a-dtoa.o)
 .data          0x00030d20        0x0 c:/intelfpga_lite/23.1std/nios2eds/bin/gnu/h-x86_64-mingw32/bin/../lib/gcc/nios2-elf/12.3.1/../../../../../H-x86_64-mingw32/nios2-elf/lib/mno-hw-mul\libc.a(libc_a-exit.o)
 .data          0x00030d20        0x0 c:/intelfpga_lite/23.1std/nios2eds/bin/gnu/h-x86_64-mingw32/bin/../lib/gcc/nios2-elf/12.3.1/../../../../../H-x86_64-mingw32/nios2-elf/lib/mno-hw-mul\libc.a(libc_a-freer.o)
 .data          0x00030d20        0x0 c:/intelfpga_lite/23.1std/nios2eds/bin/gnu/h-x86_64-mingw32/bin/../lib/gcc/nios2-elf/12.3.1/../../../../../H-x86_64-mingw32/nios2-elf/lib/mno-hw-mul\libc.a(libc_a-mallocr.o)
 .data.__malloc_av_
                0x00030d20      0x408 c:/intelfpga_lite/23.1std/nios2eds/bin/gnu/h-x86_64-mingw32/bin/../lib/gcc/nios2-elf/12.3.1/../../../../../H-x86_64-mingw32/nios2-elf/lib/mno-hw-mul\libc.a(libc_a-mallocr.o)
                0x00030d20                __malloc_av_
 .data          0x00031128        0x0 c:/intelfpga_lite/23.1std/nios2eds/bin/gnu/h-x86_64-mingw32/bin/../lib/gcc/nios2-elf/12.3.1/../../../../../H-x86_64-mingw32/nios2-elf/lib/mno-hw-mul\libc.a(libc_a-mbtowc_r.o)
 .data          0x00031128        0x0 c:/intelfpga_lite/23.1std/nios2eds/bin/gnu/h-x86_64-mingw32/bin/../lib/gcc/nios2-elf/12.3.1/../../../../../H-x86_64-mingw32/nios2-elf/lib/mno-hw-mul\libc.a(libc_a-mprec.o)
 .data          0x00031128        0x0 c:/intelfpga_lite/23.1std/nios2eds/bin/gnu/h-x86_64-mingw32/bin/../lib/gcc/nios2-elf/12.3.1/../../../../../H-x86_64-mingw32/nios2-elf/lib/mno-hw-mul\libc.a(libc_a-reallocr.o)
 .data          0x00031128        0x0 c:/intelfpga_lite/23.1std/nios2eds/bin/gnu/h-x86_64-mingw32/bin/../lib/gcc/nios2-elf/12.3.1/../../../../../H-x86_64-mingw32/nios2-elf/lib/mno-hw-mul\libc.a(libc_a-wctomb_r.o)
 .data          0x00031128        0x0 c:/intelfpga_lite/23.1std/nios2eds/bin/gnu/h-x86_64-mingw32/bin/../lib/gcc/nios2-elf/12.3.1/../../../../../H-x86_64-mingw32/nios2-elf/lib/mno-hw-mul\libc.a(libc_a-wcrtomb.o)
 .data          0x00031128        0x0 c:/intelfpga_lite/23.1std/nios2eds/bin/gnu/h-x86_64-mingw32/bin/../lib/gcc/nios2-elf/12.3.1/../../../../../H-x86_64-mingw32/nios2-elf/lib/mno-hw-mul\libc.a(libc_a-ctype_.o)
 .data          0x00031128        0x0 c:/intelfpga_lite/23.1std/nios2eds/bin/gnu/h-x86_64-mingw32/bin/../lib/gcc/nios2-elf/12.3.1/../../../../../H-x86_64-mingw32/nios2-elf/lib/mno-hw-mul\libc.a(libc_a-fclose.o)
 .data          0x00031128        0x0 c:/intelfpga_lite/23.1std/nios2eds/bin/gnu/h-x86_64-mingw32/bin/../lib/gcc/nios2-elf/12.3.1/../../../../../H-x86_64-mingw32/nios2-elf/lib/mno-hw-mul\libc.a(libc_a-makebuf.o)
 .data          0x00031128        0x0 c:/intelfpga_lite/23.1std/nios2eds/bin/gnu/h-x86_64-mingw32/bin/../lib/gcc/nios2-elf/12.3.1/../../../../../H-x86_64-mingw32/nios2-elf/lib/mno-hw-mul\libc.a(libc_a-wbuf.o)
 .data          0x00031128        0x0 c:/intelfpga_lite/23.1std/nios2eds/bin/gnu/h-x86_64-mingw32/bin/../lib/gcc/nios2-elf/12.3.1/../../../../../H-x86_64-mingw32/nios2-elf/lib/mno-hw-mul\libc.a(libc_a-strcmp.o)
 .data          0x00031128        0x0 c:/intelfpga_lite/23.1std/nios2eds/bin/gnu/h-x86_64-mingw32/bin/../lib/gcc/nios2-elf/12.3.1/../../../../../H-x86_64-mingw32/nios2-elf/lib/mno-hw-mul\libc.a(libc_a-fstatr.o)
 .data          0x00031128        0x0 c:/intelfpga_lite/23.1std/nios2eds/bin/gnu/h-x86_64-mingw32/bin/../lib/gcc/nios2-elf/12.3.1/../../../../../H-x86_64-mingw32/nios2-elf/lib/mno-hw-mul\libc.a(libc_a-isattyr.o)
 .data          0x00031128        0x0 c:/intelfpga_lite/23.1std/nios2eds/bin/gnu/h-x86_64-mingw32/bin/../lib/gcc/nios2-elf/12.3.1/../../../../../H-x86_64-mingw32/nios2-elf/lib/mno-hw-mul\libc.a(libc_a-sbrkr.o)
 .data          0x00031128        0x0 c:/intelfpga_lite/23.1std/nios2eds/bin/gnu/h-x86_64-mingw32/bin/../lib/gcc/nios2-elf/12.3.1/../../../../../H-x86_64-mingw32/nios2-elf/lib/mno-hw-mul\libc.a(libc_a-__call_atexit.o)
 .data          0x00031128        0x0 c:/intelfpga_lite/23.1std/nios2eds/bin/gnu/h-x86_64-mingw32/bin/../lib/gcc/nios2-elf/12.3.1/../../../../../H-x86_64-mingw32/nios2-elf/lib/mno-hw-mul\libc.a(libc_a-assert.o)
 .data          0x00031128        0x0 c:/intelfpga_lite/23.1std/nios2eds/bin/gnu/h-x86_64-mingw32/bin/../lib/gcc/nios2-elf/12.3.1/../../../../../H-x86_64-mingw32/nios2-elf/lib/mno-hw-mul\libc.a(libc_a-callocr.o)
 .data          0x00031128        0x0 c:/intelfpga_lite/23.1std/nios2eds/bin/gnu/h-x86_64-mingw32/bin/../lib/gcc/nios2-elf/12.3.1/../../../../../H-x86_64-mingw32/nios2-elf/lib/mno-hw-mul\libc.a(libc_a-fiprintf.o)
 .data          0x00031128        0x0 c:/intelfpga_lite/23.1std/nios2eds/bin/gnu/h-x86_64-mingw32/bin/../lib/gcc/nios2-elf/12.3.1/../../../../../H-x86_64-mingw32/nios2-elf/lib/mno-hw-mul\libc.a(libc_a-vfiprintfr_1.o)
 .data          0x00031128        0x0 c:/intelfpga_lite/23.1std/nios2eds/bin/gnu/h-x86_64-mingw32/bin/../lib/gcc/nios2-elf/12.3.1/../../../../../H-x86_64-mingw32/nios2-elf/lib/mno-hw-mul\libc.a(libc_a-errno.o)
 .data          0x00031128        0x0 c:/intelfpga_lite/23.1std/nios2eds/bin/gnu/h-x86_64-mingw32/bin/../lib/gcc/nios2-elf/12.3.1/../../../../../H-x86_64-mingw32/nios2-elf/lib/mno-hw-mul\libc.a(libc_a-abort.o)
 .data          0x00031128        0x0 c:/intelfpga_lite/23.1std/nios2eds/bin/gnu/h-x86_64-mingw32/bin/../lib/gcc/nios2-elf/12.3.1/../../../../../H-x86_64-mingw32/nios2-elf/lib/mno-hw-mul\libc.a(libc_a-signal.o)
 .data          0x00031128        0x0 c:/intelfpga_lite/23.1std/nios2eds/bin/gnu/h-x86_64-mingw32/bin/../lib/gcc/nios2-elf/12.3.1/../../../../../H-x86_64-mingw32/nios2-elf/lib/mno-hw-mul\libc.a(libc_a-signalr.o)
 .data          0x00031128        0x0 c:/intelfpga_lite/23.1std/nios2eds/bin/gnu/h-x86_64-mingw32/bin/../lib/gcc/nios2-elf/12.3.1/mno-hw-mul\libgcc.a(_udivdi3.o)
 .data          0x00031128        0x0 c:/intelfpga_lite/23.1std/nios2eds/bin/gnu/h-x86_64-mingw32/bin/../lib/gcc/nios2-elf/12.3.1/mno-hw-mul\libgcc.a(_umoddi3.o)
 .data          0x00031128        0x0 c:/intelfpga_lite/23.1std/nios2eds/bin/gnu/h-x86_64-mingw32/bin/../lib/gcc/nios2-elf/12.3.1/mno-hw-mul\libgcc.a(lib2-mul.o)
 .data          0x00031128        0x0 c:/intelfpga_lite/23.1std/nios2eds/bin/gnu/h-x86_64-mingw32/bin/../lib/gcc/nios2-elf/12.3.1/mno-hw-mul\libgcc.a(adddf3.o)
 .data          0x00031128        0x0 c:/intelfpga_lite/23.1std/nios2eds/bin/gnu/h-x86_64-mingw32/bin/../lib/gcc/nios2-elf/12.3.1/mno-hw-mul\libgcc.a(divdf3.o)
 .data          0x00031128        0x0 c:/intelfpga_lite/23.1std/nios2eds/bin/gnu/h-x86_64-mingw32/bin/../lib/gcc/nios2-elf/12.3.1/mno-hw-mul\libgcc.a(eqdf2.o)
 .data          0x00031128        0x0 c:/intelfpga_lite/23.1std/nios2eds/bin/gnu/h-x86_64-mingw32/bin/../lib/gcc/nios2-elf/12.3.1/mno-hw-mul\libgcc.a(gedf2.o)
 .data          0x00031128        0x0 c:/intelfpga_lite/23.1std/nios2eds/bin/gnu/h-x86_64-mingw32/bin/../lib/gcc/nios2-elf/12.3.1/mno-hw-mul\libgcc.a(ledf2.o)
 .data          0x00031128        0x0 c:/intelfpga_lite/23.1std/nios2eds/bin/gnu/h-x86_64-mingw32/bin/../lib/gcc/nios2-elf/12.3.1/mno-hw-mul\libgcc.a(muldf3.o)
 .data          0x00031128        0x0 c:/intelfpga_lite/23.1std/nios2eds/bin/gnu/h-x86_64-mingw32/bin/../lib/gcc/nios2-elf/12.3.1/mno-hw-mul\libgcc.a(subdf3.o)
 .data          0x00031128        0x0 c:/intelfpga_lite/23.1std/nios2eds/bin/gnu/h-x86_64-mingw32/bin/../lib/gcc/nios2-elf/12.3.1/mno-hw-mul\libgcc.a(unorddf2.o)
 .data          0x00031128        0x0 c:/intelfpga_lite/23.1std/nios2eds/bin/gnu/h-x86_64-mingw32/bin/../lib/gcc/nios2-elf/12.3.1/mno-hw-mul\libgcc.a(fixdfsi.o)
 .data          0x00031128        0x0 c:/intelfpga_lite/23.1std/nios2eds/bin/gnu/h-x86_64-mingw32/bin/../lib/gcc/nios2-elf/12.3.1/mno-hw-mul\libgcc.a(floatsidf.o)
 .data          0x00031128        0x0 c:/intelfpga_lite/23.1std/nios2eds/bin/gnu/h-x86_64-mingw32/bin/../lib/gcc/nios2-elf/12.3.1/mno-hw-mul\libgcc.a(floatunsidf.o)
 .data          0x00031128        0x0 c:/intelfpga_lite/23.1std/nios2eds/bin/gnu/h-x86_64-mingw32/bin/../lib/gcc/nios2-elf/12.3.1/mno-hw-mul\libgcc.a(_clz.o)
 .data          0x00031128        0x0 c:/intelfpga_lite/23.1std/nios2eds/bin/gnu/h-x86_64-mingw32/bin/../lib/gcc/nios2-elf/12.3.1/mno-hw-mul\libgcc.a(_clzsi2.o)
 .data          0x00031128        0x0 d:/quartus_prime_lite/workspace_intel/nios_led3/nios_led3/software/led3_bsp/\libhal_bsp.a(alt_close.o)
 .data          0x00031128      0x1a8 d:/quartus_prime_lite/workspace_intel/nios_led3/nios_led3/software/led3_bsp/\libhal_bsp.a(alt_dev.o)
                0x00031128                alt_dev_null
                0x00031150                alt_fd_list
 .data          0x000312d0        0x0 d:/quartus_prime_lite/workspace_intel/nios_led3/nios_led3/software/led3_bsp/\libhal_bsp.a(alt_errno.o)
 .data          0x000312d0        0x0 d:/quartus_prime_lite/workspace_intel/nios_led3/nios_led3/software/led3_bsp/\libhal_bsp.a(alt_exit.o)
 .data          0x000312d0        0x0 d:/quartus_prime_lite/workspace_intel/nios_led3/nios_led3/software/led3_bsp/\libhal_bsp.a(alt_fstat.o)
 .data          0x000312d0        0x0 d:/quartus_prime_lite/workspace_intel/nios_led3/nios_led3/software/led3_bsp/\libhal_bsp.a(alt_getpid.o)
 .data          0x000312d0        0x0 d:/quartus_prime_lite/workspace_intel/nios_led3/nios_led3/software/led3_bsp/\libhal_bsp.a(alt_iic.o)
 .data          0x000312d0        0x0 d:/quartus_prime_lite/workspace_intel/nios_led3/nios_led3/software/led3_bsp/\libhal_bsp.a(alt_iic_isr_register.o)
 .data          0x000312d0        0x0 d:/quartus_prime_lite/workspace_intel/nios_led3/nios_led3/software/led3_bsp/\libhal_bsp.a(alt_irq_entry.o)
 .data          0x000312d0        0x0 d:/quartus_prime_lite/workspace_intel/nios_led3/nios_led3/software/led3_bsp/\libhal_bsp.a(alt_irq_handler.o)
 .data          0x000312d0        0x0 d:/quartus_prime_lite/workspace_intel/nios_led3/nios_led3/software/led3_bsp/\libhal_bsp.a(alt_irq_vars.o)
 .data          0x000312d0        0x0 d:/quartus_prime_lite/workspace_intel/nios_led3/nios_led3/software/led3_bsp/\libhal_bsp.a(alt_isatty.o)
 .data          0x000312d0        0x0 d:/quartus_prime_lite/workspace_intel/nios_led3/nios_led3/software/led3_bsp/\libhal_bsp.a(alt_kill.o)
 .data          0x000312d0        0x0 d:/quartus_prime_lite/workspace_intel/nios_led3/nios_led3/software/led3_bsp/\libhal_bsp.a(alt_load.o)
 .data          0x000312d0        0x0 d:/quartus_prime_lite/workspace_intel/nios_led3/nios_led3/software/led3_bsp/\libhal_bsp.a(alt_lseek.o)
 .data          0x000312d0        0x0 d:/quartus_prime_lite/workspace_intel/nios_led3/nios_led3/software/led3_bsp/\libhal_bsp.a(alt_main.o)
 .data          0x000312d0        0x0 d:/quartus_prime_lite/workspace_intel/nios_led3/nios_led3/software/led3_bsp/\libhal_bsp.a(alt_malloc_lock.o)
 .data          0x000312d0        0x0 d:/quartus_prime_lite/workspace_intel/nios_led3/nios_led3/software/led3_bsp/\libhal_bsp.a(alt_read.o)
 .data          0x000312d0        0x0 d:/quartus_prime_lite/workspace_intel/nios_led3/nios_led3/software/led3_bsp/\libhal_bsp.a(alt_release_fd.o)
 .data          0x000312d0        0x0 d:/quartus_prime_lite/workspace_intel/nios_led3/nios_led3/software/led3_bsp/\libhal_bsp.a(alt_sbrk.o)
 .data          0x000312d0        0x0 d:/quartus_prime_lite/workspace_intel/nios_led3/nios_led3/software/led3_bsp/\libhal_bsp.a(alt_write.o)
 .data          0x000312d0     0x1060 d:/quartus_prime_lite/workspace_intel/nios_led3/nios_led3/software/led3_bsp/\libhal_bsp.a(alt_sys_init.o)
 .data          0x00032330        0x0 d:/quartus_prime_lite/workspace_intel/nios_led3/nios_led3/software/led3_bsp/\libhal_bsp.a(altera_avalon_jtag_uart_fd.o)
 .data          0x00032330        0x0 d:/quartus_prime_lite/workspace_intel/nios_led3/nios_led3/software/led3_bsp/\libhal_bsp.a(altera_avalon_jtag_uart_init.o)
 .data          0x00032330        0x0 d:/quartus_prime_lite/workspace_intel/nios_led3/nios_led3/software/led3_bsp/\libhal_bsp.a(altera_avalon_jtag_uart_ioctl.o)
 .data          0x00032330        0x0 d:/quartus_prime_lite/workspace_intel/nios_led3/nios_led3/software/led3_bsp/\libhal_bsp.a(altera_avalon_jtag_uart_read.o)
 .data          0x00032330        0x0 d:/quartus_prime_lite/workspace_intel/nios_led3/nios_led3/software/led3_bsp/\libhal_bsp.a(altera_avalon_jtag_uart_write.o)
 .data          0x00032330        0x0 d:/quartus_prime_lite/workspace_intel/nios_led3/nios_led3/software/led3_bsp/\libhal_bsp.a(altera_avalon_timer_sc.o)
 .data          0x00032330        0x0 d:/quartus_prime_lite/workspace_intel/nios_led3/nios_led3/software/led3_bsp/\libhal_bsp.a(alt_alarm_start.o)
 .data          0x00032330        0x0 d:/quartus_prime_lite/workspace_intel/nios_led3/nios_led3/software/led3_bsp/\libhal_bsp.a(alt_dcache_flush_all.o)
 .data          0x00032330        0x0 d:/quartus_prime_lite/workspace_intel/nios_led3/nios_led3/software/led3_bsp/\libhal_bsp.a(alt_dev_llist_insert.o)
 .data          0x00032330        0x0 d:/quartus_prime_lite/workspace_intel/nios_led3/nios_led3/software/led3_bsp/\libhal_bsp.a(alt_do_ctors.o)
 .data          0x00032330        0x0 d:/quartus_prime_lite/workspace_intel/nios_led3/nios_led3/software/led3_bsp/\libhal_bsp.a(alt_do_dtors.o)
 .data          0x00032330        0x0 d:/quartus_prime_lite/workspace_intel/nios_led3/nios_led3/software/led3_bsp/\libhal_bsp.a(alt_exception_entry.o)
 .data          0x00032330        0x0 d:/quartus_prime_lite/workspace_intel/nios_led3/nios_led3/software/led3_bsp/\libhal_bsp.a(alt_icache_flush_all.o)
 .data          0x00032330        0x0 d:/quartus_prime_lite/workspace_intel/nios_led3/nios_led3/software/led3_bsp/\libhal_bsp.a(alt_instruction_exception_entry.o)
 .data          0x00032330        0x0 d:/quartus_prime_lite/workspace_intel/nios_led3/nios_led3/software/led3_bsp/\libhal_bsp.a(alt_io_redirect.o)
 .data          0x00032330        0x0 d:/quartus_prime_lite/workspace_intel/nios_led3/nios_led3/software/led3_bsp/\libhal_bsp.a(alt_open.o)
 .data          0x00032330        0x0 d:/quartus_prime_lite/workspace_intel/nios_led3/nios_led3/software/led3_bsp/\libhal_bsp.a(alt_tick.o)
 .data          0x00032330        0x0 d:/quartus_prime_lite/workspace_intel/nios_led3/nios_led3/software/led3_bsp/\libhal_bsp.a(altera_nios2_gen2_irq.o)
 .data          0x00032330        0x0 d:/quartus_prime_lite/workspace_intel/nios_led3/nios_led3/software/led3_bsp/\libhal_bsp.a(alt_find_dev.o)
 .data          0x00032330        0x0 d:/quartus_prime_lite/workspace_intel/nios_led3/nios_led3/software/led3_bsp/\libhal_bsp.a(alt_find_file.o)
 .data          0x00032330        0x0 d:/quartus_prime_lite/workspace_intel/nios_led3/nios_led3/software/led3_bsp/\libhal_bsp.a(alt_get_fd.o)
 .data          0x00032330        0x0 c:/intelfpga_lite/23.1std/nios2eds/bin/gnu/h-x86_64-mingw32/bin/../lib/gcc/nios2-elf/12.3.1/../../../../../H-x86_64-mingw32/nios2-elf/lib/mno-hw-mul\libc.a(libc_a-atexit.o)
 .data          0x00032330        0x0 c:/intelfpga_lite/23.1std/nios2eds/bin/gnu/h-x86_64-mingw32/bin/../lib/gcc/nios2-elf/12.3.1/../../../../../H-x86_64-mingw32/nios2-elf/lib/mno-hw-mul\libc.a(libc_a-memcmp.o)
 .data          0x00032330        0x0 c:/intelfpga_lite/23.1std/nios2eds/bin/gnu/h-x86_64-mingw32/bin/../lib/gcc/nios2-elf/12.3.1/../../../../../H-x86_64-mingw32/nios2-elf/lib/mno-hw-mul\libc.a(libc_a-__atexit.o)
                0x0003a330                        _gp = ABSOLUTE ((. + 0x8000))
                [!provide]                        PROVIDE (gp = _gp)
 *(.rwdata .rwdata.*)
 *(.sdata .sdata.* .gnu.linkonce.s.*)
 .sdata         0x00032330        0x1 obj/default/led3_test_isr.o
 *fill*         0x00032331        0x3 
 .sdata._impure_ptr
                0x00032334        0x4 c:/intelfpga_lite/23.1std/nios2eds/bin/gnu/h-x86_64-mingw32/bin/../lib/gcc/nios2-elf/12.3.1/../../../../../H-x86_64-mingw32/nios2-elf/lib/mno-hw-mul\libc.a(libc_a-impure.o)
                0x00032334                _impure_ptr
 .sdata.__malloc_sbrk_base
                0x00032338        0x4 c:/intelfpga_lite/23.1std/nios2eds/bin/gnu/h-x86_64-mingw32/bin/../lib/gcc/nios2-elf/12.3.1/../../../../../H-x86_64-mingw32/nios2-elf/lib/mno-hw-mul\libc.a(libc_a-mallocr.o)
                0x00032338                __malloc_sbrk_base
 .sdata.__malloc_trim_threshold
                0x0003233c        0x4 c:/intelfpga_lite/23.1std/nios2eds/bin/gnu/h-x86_64-mingw32/bin/../lib/gcc/nios2-elf/12.3.1/../../../../../H-x86_64-mingw32/nios2-elf/lib/mno-hw-mul\libc.a(libc_a-mallocr.o)
                0x0003233c                __malloc_trim_threshold
 .sdata         0x00032340       0x14 d:/quartus_prime_lite/workspace_intel/nios_led3/nios_led3/software/led3_bsp/\libhal_bsp.a(alt_dev.o)
                0x00032340                alt_fs_list
                0x00032348                alt_dev_list
                0x00032350                alt_max_fd
 .sdata         0x00032354        0x4 d:/quartus_prime_lite/workspace_intel/nios_led3/nios_led3/software/led3_bsp/\libhal_bsp.a(alt_errno.o)
                0x00032354                alt_errno
 .sdata         0x00032358        0x4 d:/quartus_prime_lite/workspace_intel/nios_led3/nios_led3/software/led3_bsp/\libhal_bsp.a(alt_irq_vars.o)
                0x00032358                alt_priority_mask
 .sdata         0x0003235c        0x4 d:/quartus_prime_lite/workspace_intel/nios_led3/nios_led3/software/led3_bsp/\libhal_bsp.a(alt_sbrk.o)
 .sdata         0x00032360        0x8 d:/quartus_prime_lite/workspace_intel/nios_led3/nios_led3/software/led3_bsp/\libhal_bsp.a(alt_tick.o)
                0x00032360                alt_alarm_list
 *(.sdata2 .sdata2.* .gnu.linkonce.s2.*)